Archive member included because of file (symbol)

c:/altera/13sp1/nios2eds/bin/gnu/h-i686-mingw32/bin/../lib/gcc/nios2-elf/4.1.2\libgcc.a(lib2-divmod.o)
                              obj/default//H/SeniorYear/ENGR325/Lab/Lab8/main.o (__divsi3)
c:/altera/13sp1/nios2eds/bin/gnu/h-i686-mingw32/bin/../lib/gcc/nios2-elf/4.1.2/../../../../nios2-elf/lib\libc.a(lib_a-strcat.o)
                              obj/default//H/SeniorYear/ENGR325/Lab/Lab8/main.o (strcat)
c:/altera/13sp1/nios2eds/bin/gnu/h-i686-mingw32/bin/../lib/gcc/nios2-elf/4.1.2/../../../../nios2-elf/lib\libc.a(lib_a-strcpy.o)
                              c:/altera/13sp1/nios2eds/bin/gnu/h-i686-mingw32/bin/../lib/gcc/nios2-elf/4.1.2/../../../../nios2-elf/lib\libc.a(lib_a-strcat.o) (strcpy)
c:/altera/13sp1/nios2eds/bin/gnu/h-i686-mingw32/bin/../lib/gcc/nios2-elf/4.1.2/../../../../nios2-elf/lib\libc.a(lib_a-strlen.o)
                              obj/default//H/SeniorYear/ENGR325/Lab/Lab8/main.o (strlen)
BSP/\libhal_bsp.a(alt_irq_register.o)
                              obj/default//H/SeniorYear/ENGR325/Lab/Lab8/main.o (alt_irq_register)
BSP/\libhal_bsp.a(alt_irq_vars.o)
                              BSP/\libhal_bsp.a(alt_irq_register.o) (alt_irq_active)
BSP/\libhal_bsp.a(alt_load.o)
                              BSP//obj/HAL/src/crt0.o (alt_load)
BSP/\libhal_bsp.a(alt_main.o)
                              BSP//obj/HAL/src/crt0.o (alt_main)
BSP/\libhal_bsp.a(alt_tick.o)
                              obj/default//H/SeniorYear/ENGR325/Lab/Lab8/main.o (_alt_nticks)
BSP/\libhal_bsp.a(alt_sys_init.o)
                              BSP/\libhal_bsp.a(alt_main.o) (alt_irq_init)
BSP/\libhal_bsp.a(altera_avalon_jtag_uart_fd.o)
                              BSP/\libhal_bsp.a(alt_sys_init.o) (altera_avalon_jtag_uart_ioctl_fd)
BSP/\libhal_bsp.a(altera_avalon_jtag_uart_init.o)
                              BSP/\libhal_bsp.a(altera_avalon_jtag_uart_fd.o) (altera_avalon_jtag_uart_close)
BSP/\libhal_bsp.a(altera_avalon_jtag_uart_ioctl.o)
                              BSP/\libhal_bsp.a(altera_avalon_jtag_uart_fd.o) (altera_avalon_jtag_uart_ioctl)
BSP/\libhal_bsp.a(altera_avalon_jtag_uart_read.o)
                              BSP/\libhal_bsp.a(altera_avalon_jtag_uart_fd.o) (altera_avalon_jtag_uart_read)
BSP/\libhal_bsp.a(altera_avalon_jtag_uart_write.o)
                              BSP/\libhal_bsp.a(altera_avalon_jtag_uart_fd.o) (altera_avalon_jtag_uart_write)
BSP/\libhal_bsp.a(altera_avalon_timer_sc.o)
                              obj/default//H/SeniorYear/ENGR325/Lab/Lab8/main.o (alt_avalon_timer_sc_init)
BSP/\libhal_bsp.a(altera_up_avalon_character_lcd.o)
                              obj/default//H/SeniorYear/ENGR325/Lab/Lab8/main.o (alt_up_character_lcd_string)
BSP/\libhal_bsp.a(altera_up_avalon_parallel_port.o)
                              obj/default//H/SeniorYear/ENGR325/Lab/Lab8/main.o (alt_up_parallel_port_open_dev)
BSP/\libhal_bsp.a(alt_alarm_start.o)
                              BSP/\libhal_bsp.a(altera_avalon_jtag_uart_init.o) (alt_alarm_start)
BSP/\libhal_bsp.a(alt_close.o)
                              BSP/\libhal_bsp.a(alt_main.o) (close)
BSP/\libhal_bsp.a(alt_dcache_flush_all.o)
                              BSP/\libhal_bsp.a(alt_load.o) (alt_dcache_flush_all)
BSP/\libhal_bsp.a(alt_dev.o)  BSP/\libhal_bsp.a(alt_sys_init.o) (alt_dev_list)
BSP/\libhal_bsp.a(alt_dev_llist_insert.o)
                              BSP/\libhal_bsp.a(alt_sys_init.o) (alt_dev_llist_insert)
BSP/\libhal_bsp.a(alt_errno.o)
                              BSP/\libhal_bsp.a(alt_close.o) (alt_errno)
BSP/\libhal_bsp.a(alt_find_dev.o)
                              BSP/\libhal_bsp.a(altera_up_avalon_character_lcd.o) (alt_find_dev)
BSP/\libhal_bsp.a(alt_icache_flush_all.o)
                              BSP/\libhal_bsp.a(alt_load.o) (alt_icache_flush_all)
BSP/\libhal_bsp.a(alt_io_redirect.o)
                              BSP/\libhal_bsp.a(alt_main.o) (alt_io_redirect)
BSP/\libhal_bsp.a(alt_irq_entry.o)
                              BSP/\libhal_bsp.a(alt_irq_register.o) (alt_irq_entry)
BSP/\libhal_bsp.a(alt_irq_handler.o)
                              BSP/\libhal_bsp.a(alt_irq_register.o) (alt_irq_handler)
BSP/\libhal_bsp.a(alt_open.o)
                              BSP/\libhal_bsp.a(alt_io_redirect.o) (open)
BSP/\libhal_bsp.a(alt_release_fd.o)
                              BSP/\libhal_bsp.a(alt_close.o) (alt_release_fd)
BSP/\libhal_bsp.a(altera_nios2_qsys_irq.o)
                              BSP/\libhal_bsp.a(alt_sys_init.o) (altera_nios2_qsys_irq_init)
BSP/\libhal_bsp.a(alt_exception_entry.o)
                              BSP/\libhal_bsp.a(alt_irq_entry.o) (alt_exception)
BSP/\libhal_bsp.a(alt_find_file.o)
                              BSP/\libhal_bsp.a(alt_open.o) (alt_find_file)
BSP/\libhal_bsp.a(alt_get_fd.o)
                              BSP/\libhal_bsp.a(alt_open.o) (alt_get_fd)
BSP/\libhal_bsp.a(alt_icache_flush.o)
                              BSP/\libhal_bsp.a(alt_icache_flush_all.o) (alt_icache_flush)
c:/altera/13sp1/nios2eds/bin/gnu/h-i686-mingw32/bin/../lib/gcc/nios2-elf/4.1.2/../../../../nios2-elf/lib\libc.a(lib_a-exit.o)
                              BSP/\libhal_bsp.a(alt_main.o) (exit)
c:/altera/13sp1/nios2eds/bin/gnu/h-i686-mingw32/bin/../lib/gcc/nios2-elf/4.1.2/../../../../nios2-elf/lib\libc.a(lib_a-impure.o)
                              c:/altera/13sp1/nios2eds/bin/gnu/h-i686-mingw32/bin/../lib/gcc/nios2-elf/4.1.2/../../../../nios2-elf/lib\libc.a(lib_a-exit.o) (_global_impure_ptr)
c:/altera/13sp1/nios2eds/bin/gnu/h-i686-mingw32/bin/../lib/gcc/nios2-elf/4.1.2/../../../../nios2-elf/lib\libc.a(lib_a-int_errno.o)
                              BSP/\libhal_bsp.a(alt_close.o) (errno)
c:/altera/13sp1/nios2eds/bin/gnu/h-i686-mingw32/bin/../lib/gcc/nios2-elf/4.1.2/../../../../nios2-elf/lib\libc.a(lib_a-memcmp.o)
                              BSP/\libhal_bsp.a(alt_find_dev.o) (memcmp)
c:/altera/13sp1/nios2eds/bin/gnu/h-i686-mingw32/bin/../lib/gcc/nios2-elf/4.1.2/../../../../nios2-elf/lib\libc.a(lib_a-memcpy.o)
                              BSP/\libhal_bsp.a(altera_avalon_jtag_uart_read.o) (memcpy)
c:/altera/13sp1/nios2eds/bin/gnu/h-i686-mingw32/bin/../lib/gcc/nios2-elf/4.1.2/../../../../nios2-elf/lib\libc.a(lib_a-__call_atexit.o)
                              c:/altera/13sp1/nios2eds/bin/gnu/h-i686-mingw32/bin/../lib/gcc/nios2-elf/4.1.2/../../../../nios2-elf/lib\libc.a(lib_a-exit.o) (__call_exitprocs)
BSP/\libhal_bsp.a(alt_exit.o)
                              c:/altera/13sp1/nios2eds/bin/gnu/h-i686-mingw32/bin/../lib/gcc/nios2-elf/4.1.2/../../../../nios2-elf/lib\libc.a(lib_a-exit.o) (_exit)

Allocating common symbols
Common symbol       size              file

alt_irq             0x100             BSP/\libhal_bsp.a(alt_irq_handler.o)
errno               0x4               c:/altera/13sp1/nios2eds/bin/gnu/h-i686-mingw32/bin/../lib/gcc/nios2-elf/4.1.2/../../../../nios2-elf/lib\libc.a(lib_a-int_errno.o)
p_Edge_Capture      0x4               obj/default//H/SeniorYear/ENGR325/Lab/Lab8/main.o

Memory Configuration

Name             Origin             Length             Attributes
reset            0x00000000         0x00000020
RAM              0x00000020         0x00005fe0
*default*        0x00000000         0xffffffff

Linker script and memory map

LOAD BSP//obj/HAL/src/crt0.o
LOAD obj/default//H/SeniorYear/ENGR325/Lab/Lab8/main.o
LOAD c:/altera/13sp1/nios2eds/bin/gnu/h-i686-mingw32/bin/../lib/gcc/nios2-elf/4.1.2/../../../../nios2-elf/lib\libstdc++.a
LOAD c:/altera/13sp1/nios2eds/bin/gnu/h-i686-mingw32/bin/../lib/gcc/nios2-elf/4.1.2/../../../../nios2-elf/lib\libm.a
LOAD c:/altera/13sp1/nios2eds/bin/gnu/h-i686-mingw32/bin/../lib/gcc/nios2-elf/4.1.2\libgcc.a
START GROUP
LOAD c:/altera/13sp1/nios2eds/bin/gnu/h-i686-mingw32/bin/../lib/gcc/nios2-elf/4.1.2/../../../../nios2-elf/lib\libc.a
LOAD c:/altera/13sp1/nios2eds/bin/gnu/h-i686-mingw32/bin/../lib/gcc/nios2-elf/4.1.2\libgcc.a
LOAD BSP/\libhal_bsp.a
END GROUP
LOAD c:/altera/13sp1/nios2eds/bin/gnu/h-i686-mingw32/bin/../lib/gcc/nios2-elf/4.1.2\libgcc.a
                0x00000000                __alt_mem_RAM = 0x0

.entry          0x00000000       0x20
 *(.entry)
 .entry         0x00000000       0x20 BSP//obj/HAL/src/crt0.o
                0x00000000                __reset

.exceptions     0x00000020      0x148
                0x00000020                PROVIDE (__ram_exceptions_start, ABSOLUTE (.))
                0x00000020                . = ALIGN (0x20)
 *(.irq)
 *(.exceptions.entry.label)
 .exceptions.entry.label
                0x00000020        0x0 BSP/\libhal_bsp.a(alt_irq_entry.o)
                0x00000020                alt_irq_entry
 .exceptions.entry.label
                0x00000020        0x0 BSP/\libhal_bsp.a(alt_exception_entry.o)
                0x00000020                alt_exception
 *(.exceptions.entry.user)
 *(.exceptions.entry)
 .exceptions.entry
                0x00000020       0x54 BSP/\libhal_bsp.a(alt_exception_entry.o)
 *(.exceptions.irqtest.user)
 *(.exceptions.irqtest)
 .exceptions.irqtest
                0x00000074       0x10 BSP/\libhal_bsp.a(alt_irq_entry.o)
 *(.exceptions.irqhandler.user)
 *(.exceptions.irqhandler)
 .exceptions.irqhandler
                0x00000084        0x4 BSP/\libhal_bsp.a(alt_irq_entry.o)
 *(.exceptions.irqreturn.user)
 *(.exceptions.irqreturn)
 .exceptions.irqreturn
                0x00000088        0x4 BSP/\libhal_bsp.a(alt_irq_entry.o)
 *(.exceptions.notirq.label)
 .exceptions.notirq.label
                0x0000008c        0x0 BSP/\libhal_bsp.a(alt_irq_entry.o)
 *(.exceptions.notirq.user)
 *(.exceptions.notirq)
 .exceptions.notirq
                0x0000008c        0x8 BSP/\libhal_bsp.a(alt_exception_entry.o)
 *(.exceptions.soft.user)
 *(.exceptions.soft)
 *(.exceptions.unknown.user)
 *(.exceptions.unknown)
 .exceptions.unknown
                0x00000094        0x4 BSP/\libhal_bsp.a(alt_exception_entry.o)
 *(.exceptions.exit.label)
 .exceptions.exit.label
                0x00000098        0x0 BSP/\libhal_bsp.a(alt_irq_entry.o)
 .exceptions.exit.label
                0x00000098        0x0 BSP/\libhal_bsp.a(alt_exception_entry.o)
 *(.exceptions.exit.user)
 *(.exceptions.exit)
 .exceptions.exit
                0x00000098       0x54 BSP/\libhal_bsp.a(alt_exception_entry.o)
 *(.exceptions)
 .exceptions    0x000000ec       0x7c BSP/\libhal_bsp.a(alt_irq_handler.o)
                0x000000ec                alt_irq_handler
                0x00000168                PROVIDE (__ram_exceptions_end, ABSOLUTE (.))
                0x00000020                PROVIDE (__flash_exceptions_start, LOADADDR (.exceptions))

.text           0x00000168     0x1fbc
                0x00000168                PROVIDE (stext, ABSOLUTE (.))
 *(.interp)
 *(.hash)
 *(.dynsym)
 *(.dynstr)
 *(.gnu.version)
 *(.gnu.version_d)
 *(.gnu.version_r)
 *(.rel.init)
 *(.rela.init)
 *(.rel.text .rel.text.* .rel.gnu.linkonce.t.*)
 *(.rela.text .rela.text.* .rela.gnu.linkonce.t.*)
 *(.rel.fini)
 *(.rela.fini)
 *(.rel.rodata .rel.rodata.* .rel.gnu.linkonce.r.*)
 *(.rela.rodata .rela.rodata.* .rela.gnu.linkonce.r.*)
 *(.rel.data .rel.data.* .rel.gnu.linkonce.d.*)
 *(.rela.data .rela.data.* .rela.gnu.linkonce.d.*)
 *(.rel.tdata .rel.tdata.* .rel.gnu.linkonce.td.*)
 *(.rela.tdata .rela.tdata.* .rela.gnu.linkonce.td.*)
 *(.rel.tbss .rel.tbss.* .rel.gnu.linkonce.tb.*)
 *(.rela.tbss .rela.tbss.* .rela.gnu.linkonce.tb.*)
 *(.rel.ctors)
 *(.rela.ctors)
 *(.rel.dtors)
 *(.rela.dtors)
 *(.rel.got)
 *(.rela.got)
 *(.rel.sdata .rel.sdata.* .rel.gnu.linkonce.s.*)
 *(.rela.sdata .rela.sdata.* .rela.gnu.linkonce.s.*)
 *(.rel.sbss .rel.sbss.* .rel.gnu.linkonce.sb.*)
 *(.rela.sbss .rela.sbss.* .rela.gnu.linkonce.sb.*)
 *(.rel.sdata2 .rel.sdata2.* .rel.gnu.linkonce.s2.*)
 *(.rela.sdata2 .rela.sdata2.* .rela.gnu.linkonce.s2.*)
 *(.rel.sbss2 .rel.sbss2.* .rel.gnu.linkonce.sb2.*)
 *(.rela.sbss2 .rela.sbss2.* .rela.gnu.linkonce.sb2.*)
 *(.rel.bss .rel.bss.* .rel.gnu.linkonce.b.*)
 *(.rela.bss .rela.bss.* .rela.gnu.linkonce.b.*)
 *(.rel.plt)
 *(.rela.plt)
 *(.rel.dyn)
 *(.init)
 *(.plt)
 *(.text .stub .text.* .gnu.linkonce.t.*)
 .text          0x00000168       0x3c BSP//obj/HAL/src/crt0.o
                0x00000168                _start
 .text          0x000001a4      0x5a4 obj/default//H/SeniorYear/ENGR325/Lab/Lab8/main.o
                0x000001c4                main
 .text          0x00000748      0x14c c:/altera/13sp1/nios2eds/bin/gnu/h-i686-mingw32/bin/../lib/gcc/nios2-elf/4.1.2\libgcc.a(lib2-divmod.o)
                0x000007c4                __divsi3
                0x00000824                __modsi3
                0x00000884                __udivsi3
                0x0000088c                __umodsi3
 .text          0x00000894       0x90 c:/altera/13sp1/nios2eds/bin/gnu/h-i686-mingw32/bin/../lib/gcc/nios2-elf/4.1.2/../../../../nios2-elf/lib\libc.a(lib_a-strcat.o)
                0x00000894                strcat
 .text          0x00000924       0x8c c:/altera/13sp1/nios2eds/bin/gnu/h-i686-mingw32/bin/../lib/gcc/nios2-elf/4.1.2/../../../../nios2-elf/lib\libc.a(lib_a-strcpy.o)
                0x00000924                strcpy
 .text          0x000009b0       0x74 c:/altera/13sp1/nios2eds/bin/gnu/h-i686-mingw32/bin/../lib/gcc/nios2-elf/4.1.2/../../../../nios2-elf/lib\libc.a(lib_a-strlen.o)
                0x000009b0                strlen
 .text          0x00000a24       0xbc BSP/\libhal_bsp.a(alt_irq_register.o)
                0x00000a24                alt_irq_register
 .text          0x00000ae0        0x0 BSP/\libhal_bsp.a(alt_irq_vars.o)
 .text          0x00000ae0       0xc4 BSP/\libhal_bsp.a(alt_load.o)
                0x00000ae0                alt_load
 .text          0x00000ba4       0x50 BSP/\libhal_bsp.a(alt_main.o)
                0x00000ba4                alt_main
 .text          0x00000bf4       0xe0 BSP/\libhal_bsp.a(alt_tick.o)
                0x00000bf4                alt_alarm_stop
                0x00000c28                alt_tick
 .text          0x00000cd4       0xe0 BSP/\libhal_bsp.a(alt_sys_init.o)
                0x00000cd4                alt_irq_init
                0x00000cf4                alt_sys_init
 .text          0x00000db4       0x98 BSP/\libhal_bsp.a(altera_avalon_jtag_uart_fd.o)
                0x00000db4                altera_avalon_jtag_uart_ioctl_fd
                0x00000dd4                altera_avalon_jtag_uart_close_fd
                0x00000dfc                altera_avalon_jtag_uart_write_fd
                0x00000e24                altera_avalon_jtag_uart_read_fd
 .text          0x00000e4c      0x238 BSP/\libhal_bsp.a(altera_avalon_jtag_uart_init.o)
                0x00000e4c                altera_avalon_jtag_uart_close
                0x00000ed8                altera_avalon_jtag_uart_init
 .text          0x00001084       0x74 BSP/\libhal_bsp.a(altera_avalon_jtag_uart_ioctl.o)
                0x00001084                altera_avalon_jtag_uart_ioctl
 .text          0x000010f8      0x168 BSP/\libhal_bsp.a(altera_avalon_jtag_uart_read.o)
                0x000010f8                altera_avalon_jtag_uart_read
 .text          0x00001260      0x17c BSP/\libhal_bsp.a(altera_avalon_jtag_uart_write.o)
                0x00001260                altera_avalon_jtag_uart_write
 .text          0x000013dc       0x80 BSP/\libhal_bsp.a(altera_avalon_timer_sc.o)
                0x000013dc                alt_avalon_timer_sc_init
 .text          0x0000145c      0x30c BSP/\libhal_bsp.a(altera_up_avalon_character_lcd.o)
                0x0000145c                get_DDRAM_addr
                0x00001478                alt_up_character_lcd_string
                0x000014c4                alt_up_character_lcd_write
                0x000014f0                alt_up_character_lcd_write_fd
                0x00001510                alt_up_character_lcd_init
                0x00001520                alt_up_character_lcd_send_cmd
                0x00001530                alt_up_character_lcd_cursor_blink_on
                0x0000154c                alt_up_character_lcd_cursor_off
                0x00001568                alt_up_character_lcd_erase_pos
                0x000015d4                alt_up_character_lcd_shift_display
                0x00001664                alt_up_character_lcd_shift_cursor
                0x000016f4                alt_up_character_lcd_set_cursor_pos
                0x00001748                alt_up_character_lcd_open_dev
 .text          0x00001768       0x20 BSP/\libhal_bsp.a(altera_up_avalon_parallel_port.o)
                0x00001768                alt_up_parallel_port_open_dev
 .text          0x00001788       0x94 BSP/\libhal_bsp.a(alt_alarm_start.o)
                0x00001788                alt_alarm_start
 .text          0x0000181c       0xdc BSP/\libhal_bsp.a(alt_close.o)
                0x0000181c                close
 .text          0x000018f8        0x4 BSP/\libhal_bsp.a(alt_dcache_flush_all.o)
                0x000018f8                alt_dcache_flush_all
 .text          0x000018fc        0x8 BSP/\libhal_bsp.a(alt_dev.o)
 .text          0x00001904       0x70 BSP/\libhal_bsp.a(alt_dev_llist_insert.o)
                0x00001904                alt_dev_llist_insert
 .text          0x00001974        0x0 BSP/\libhal_bsp.a(alt_errno.o)
 .text          0x00001974       0x70 BSP/\libhal_bsp.a(alt_find_dev.o)
                0x00001974                alt_find_dev
 .text          0x000019e4       0x20 BSP/\libhal_bsp.a(alt_icache_flush_all.o)
                0x000019e4                alt_icache_flush_all
 .text          0x00001a04       0xfc BSP/\libhal_bsp.a(alt_io_redirect.o)
                0x00001a68                alt_io_redirect
 .text          0x00001b00        0x0 BSP/\libhal_bsp.a(alt_irq_entry.o)
 .text          0x00001b00        0x0 BSP/\libhal_bsp.a(alt_irq_handler.o)
 .text          0x00001b00      0x17c BSP/\libhal_bsp.a(alt_open.o)
                0x00001b00                open
 .text          0x00001c7c       0x24 BSP/\libhal_bsp.a(alt_release_fd.o)
                0x00001c7c                alt_release_fd
 .text          0x00001ca0        0x8 BSP/\libhal_bsp.a(altera_nios2_qsys_irq.o)
                0x00001ca0                altera_nios2_qsys_irq_init
 .text          0x00001ca8        0x0 BSP/\libhal_bsp.a(alt_exception_entry.o)
 .text          0x00001ca8       0xbc BSP/\libhal_bsp.a(alt_find_file.o)
                0x00001ca8                alt_find_file
 .text          0x00001d64       0x6c BSP/\libhal_bsp.a(alt_get_fd.o)
                0x00001d64                alt_get_fd
 .text          0x00001dd0       0x3c BSP/\libhal_bsp.a(alt_icache_flush.o)
                0x00001dd0                alt_icache_flush
 .text          0x00001e0c       0x38 c:/altera/13sp1/nios2eds/bin/gnu/h-i686-mingw32/bin/../lib/gcc/nios2-elf/4.1.2/../../../../nios2-elf/lib\libc.a(lib_a-exit.o)
                0x00001e0c                exit
 .text          0x00001e44        0x0 c:/altera/13sp1/nios2eds/bin/gnu/h-i686-mingw32/bin/../lib/gcc/nios2-elf/4.1.2/../../../../nios2-elf/lib\libc.a(lib_a-impure.o)
 .text          0x00001e44        0x0 c:/altera/13sp1/nios2eds/bin/gnu/h-i686-mingw32/bin/../lib/gcc/nios2-elf/4.1.2/../../../../nios2-elf/lib\libc.a(lib_a-int_errno.o)
 .text          0x00001e44       0x74 c:/altera/13sp1/nios2eds/bin/gnu/h-i686-mingw32/bin/../lib/gcc/nios2-elf/4.1.2/../../../../nios2-elf/lib\libc.a(lib_a-memcmp.o)
                0x00001e44                memcmp
 .text          0x00001eb8       0xa0 c:/altera/13sp1/nios2eds/bin/gnu/h-i686-mingw32/bin/../lib/gcc/nios2-elf/4.1.2/../../../../nios2-elf/lib\libc.a(lib_a-memcpy.o)
                0x00001eb8                memcpy
 .text          0x00001f58      0x1b4 c:/altera/13sp1/nios2eds/bin/gnu/h-i686-mingw32/bin/../lib/gcc/nios2-elf/4.1.2/../../../../nios2-elf/lib\libc.a(lib_a-__call_atexit.o)
                0x00001f5c                __call_exitprocs
 .text          0x0000210c       0x14 BSP/\libhal_bsp.a(alt_exit.o)
                0x0000210c                _exit
 *(.gnu.warning.*)
 *(.fini)
                0x00002120                PROVIDE (__etext, ABSOLUTE (.))
                0x00002120                PROVIDE (_etext, ABSOLUTE (.))
                0x00002120                PROVIDE (etext, ABSOLUTE (.))
 *(.eh_frame_hdr)
                0x00002120                . = ALIGN (0x4)
                0x00002120                PROVIDE (__preinit_array_start, ABSOLUTE (.))
 *(.preinit_array)
                0x00002120                PROVIDE (__preinit_array_end, ABSOLUTE (.))
                0x00002120                PROVIDE (__init_array_start, ABSOLUTE (.))
 *(.init_array)
                0x00002120                PROVIDE (__init_array_end, ABSOLUTE (.))
                0x00002120                PROVIDE (__fini_array_start, ABSOLUTE (.))
 *(.fini_array)
                0x00002120                PROVIDE (__fini_array_end, ABSOLUTE (.))
 *(.eh_frame)
 *(.gcc_except_table)
 *(.dynamic)
                0x00002120                PROVIDE (__CTOR_LIST__, ABSOLUTE (.))
 *(.ctors)
 *(SORT(.ctors.*))
 .ctors.65535   0x00002120        0x4 c:/altera/13sp1/nios2eds/bin/gnu/h-i686-mingw32/bin/../lib/gcc/nios2-elf/4.1.2/../../../../nios2-elf/lib\libc.a(lib_a-__call_atexit.o)
                0x00002124                PROVIDE (__CTOR_END__, ABSOLUTE (.))
                0x00002124                PROVIDE (__DTOR_LIST__, ABSOLUTE (.))
 *(.dtors)
 *(SORT(.dtors.*))
                0x00002124                PROVIDE (__DTOR_END__, ABSOLUTE (.))
 *(.jcr)
                0x00002124                . = ALIGN (0x4)

.rodata         0x00002124       0x74
                0x00002124                PROVIDE (__ram_rodata_start, ABSOLUTE (.))
                0x00002124                . = ALIGN (0x4)
 *(.rodata .rodata.* .gnu.linkonce.r.*)
 .rodata.str1.4
                0x00002124       0x19 obj/default//H/SeniorYear/ENGR325/Lab/Lab8/main.o
                                 0x1c (size before relaxing)
 *fill*         0x0000213d        0x3 00
 .rodata        0x00002140       0x14 obj/default//H/SeniorYear/ENGR325/Lab/Lab8/main.o
 .rodata.str1.4
                0x00002154        0xe BSP/\libhal_bsp.a(alt_main.o)
                                 0x10 (size before relaxing)
 *fill*         0x00002162        0x2 00
 .rodata.str1.4
                0x00002164       0x24 BSP/\libhal_bsp.a(alt_sys_init.o)
                                 0x50 (size before relaxing)
 .rodata.str1.4
                0x00002188        0xa BSP/\libhal_bsp.a(alt_dev.o)
                                  0xc (size before relaxing)
 *fill*         0x00002192        0x2 00
 .rodata.str1.4
                0x00002194        0x4 c:/altera/13sp1/nios2eds/bin/gnu/h-i686-mingw32/bin/../lib/gcc/nios2-elf/4.1.2/../../../../nios2-elf/lib\libc.a(lib_a-impure.o)
 *(.rodata1)
                0x00002198                . = ALIGN (0x4)
                0x00002198                PROVIDE (__ram_rodata_end, ABSOLUTE (.))
                0x00002124                PROVIDE (__flash_rodata_start, LOADADDR (.rodata))

.rwdata         0x00002198     0x1710 load address 0x000038a8
                0x00002198                PROVIDE (__ram_rwdata_start, ABSOLUTE (.))
                0x00002198                . = ALIGN (0x4)
 *(.got.plt)
 *(.got)
 *(.data1)
 *(.data .data.* .gnu.linkonce.d.*)
 .data          0x00002198        0x0 BSP//obj/HAL/src/crt0.o
 .data          0x00002198        0x0 obj/default//H/SeniorYear/ENGR325/Lab/Lab8/main.o
 .data          0x00002198        0x0 c:/altera/13sp1/nios2eds/bin/gnu/h-i686-mingw32/bin/../lib/gcc/nios2-elf/4.1.2\libgcc.a(lib2-divmod.o)
 .data          0x00002198        0x0 c:/altera/13sp1/nios2eds/bin/gnu/h-i686-mingw32/bin/../lib/gcc/nios2-elf/4.1.2/../../../../nios2-elf/lib\libc.a(lib_a-strcat.o)
 .data          0x00002198        0x0 c:/altera/13sp1/nios2eds/bin/gnu/h-i686-mingw32/bin/../lib/gcc/nios2-elf/4.1.2/../../../../nios2-elf/lib\libc.a(lib_a-strcpy.o)
 .data          0x00002198        0x0 c:/altera/13sp1/nios2eds/bin/gnu/h-i686-mingw32/bin/../lib/gcc/nios2-elf/4.1.2/../../../../nios2-elf/lib\libc.a(lib_a-strlen.o)
 .data          0x00002198        0x0 BSP/\libhal_bsp.a(alt_irq_register.o)
 .data          0x00002198        0x0 BSP/\libhal_bsp.a(alt_irq_vars.o)
 .data          0x00002198        0x0 BSP/\libhal_bsp.a(alt_load.o)
 .data          0x00002198        0x0 BSP/\libhal_bsp.a(alt_main.o)
 .data          0x00002198        0x0 BSP/\libhal_bsp.a(alt_tick.o)
 .data          0x00002198     0x113c BSP/\libhal_bsp.a(alt_sys_init.o)
 .data          0x000032d4        0x0 BSP/\libhal_bsp.a(altera_avalon_jtag_uart_fd.o)
 .data          0x000032d4        0x0 BSP/\libhal_bsp.a(altera_avalon_jtag_uart_init.o)
 .data          0x000032d4        0x0 BSP/\libhal_bsp.a(altera_avalon_jtag_uart_ioctl.o)
 .data          0x000032d4        0x0 BSP/\libhal_bsp.a(altera_avalon_jtag_uart_read.o)
 .data          0x000032d4        0x0 BSP/\libhal_bsp.a(altera_avalon_jtag_uart_write.o)
 .data          0x000032d4        0x0 BSP/\libhal_bsp.a(altera_avalon_timer_sc.o)
 .data          0x000032d4        0x0 BSP/\libhal_bsp.a(altera_up_avalon_character_lcd.o)
 .data          0x000032d4        0x0 BSP/\libhal_bsp.a(altera_up_avalon_parallel_port.o)
 .data          0x000032d4        0x0 BSP/\libhal_bsp.a(alt_alarm_start.o)
 .data          0x000032d4        0x0 BSP/\libhal_bsp.a(alt_close.o)
 .data          0x000032d4        0x0 BSP/\libhal_bsp.a(alt_dcache_flush_all.o)
 .data          0x000032d4      0x1a8 BSP/\libhal_bsp.a(alt_dev.o)
                0x000032d4                alt_dev_null
                0x000032fc                alt_fd_list
 .data          0x0000347c        0x0 BSP/\libhal_bsp.a(alt_dev_llist_insert.o)
 .data          0x0000347c        0x0 BSP/\libhal_bsp.a(alt_errno.o)
 .data          0x0000347c        0x0 BSP/\libhal_bsp.a(alt_find_dev.o)
 .data          0x0000347c        0x0 BSP/\libhal_bsp.a(alt_icache_flush_all.o)
 .data          0x0000347c        0x0 BSP/\libhal_bsp.a(alt_io_redirect.o)
 .data          0x0000347c        0x0 BSP/\libhal_bsp.a(alt_irq_entry.o)
 .data          0x0000347c        0x0 BSP/\libhal_bsp.a(alt_irq_handler.o)
 .data          0x0000347c        0x0 BSP/\libhal_bsp.a(alt_open.o)
 .data          0x0000347c        0x0 BSP/\libhal_bsp.a(alt_release_fd.o)
 .data          0x0000347c        0x0 BSP/\libhal_bsp.a(altera_nios2_qsys_irq.o)
 .data          0x0000347c        0x0 BSP/\libhal_bsp.a(alt_exception_entry.o)
 .data          0x0000347c        0x0 BSP/\libhal_bsp.a(alt_find_file.o)
 .data          0x0000347c        0x0 BSP/\libhal_bsp.a(alt_get_fd.o)
 .data          0x0000347c        0x0 BSP/\libhal_bsp.a(alt_icache_flush.o)
 .data          0x0000347c        0x0 c:/altera/13sp1/nios2eds/bin/gnu/h-i686-mingw32/bin/../lib/gcc/nios2-elf/4.1.2/../../../../nios2-elf/lib\libc.a(lib_a-exit.o)
 .data          0x0000347c      0x400 c:/altera/13sp1/nios2eds/bin/gnu/h-i686-mingw32/bin/../lib/gcc/nios2-elf/4.1.2/../../../../nios2-elf/lib\libc.a(lib_a-impure.o)
 .data          0x0000387c        0x0 c:/altera/13sp1/nios2eds/bin/gnu/h-i686-mingw32/bin/../lib/gcc/nios2-elf/4.1.2/../../../../nios2-elf/lib\libc.a(lib_a-int_errno.o)
 .data          0x0000387c        0x0 c:/altera/13sp1/nios2eds/bin/gnu/h-i686-mingw32/bin/../lib/gcc/nios2-elf/4.1.2/../../../../nios2-elf/lib\libc.a(lib_a-memcmp.o)
 .data          0x0000387c        0x0 c:/altera/13sp1/nios2eds/bin/gnu/h-i686-mingw32/bin/../lib/gcc/nios2-elf/4.1.2/../../../../nios2-elf/lib\libc.a(lib_a-memcpy.o)
 .data          0x0000387c        0x0 c:/altera/13sp1/nios2eds/bin/gnu/h-i686-mingw32/bin/../lib/gcc/nios2-elf/4.1.2/../../../../nios2-elf/lib\libc.a(lib_a-__call_atexit.o)
 .data          0x0000387c        0x0 BSP/\libhal_bsp.a(alt_exit.o)
                0x0000b87c                _gp = ABSOLUTE ((. + 0x8000))
                0x0000b87c                PROVIDE (gp, _gp)
 *(.rwdata .rwdata.*)
 *(.sdata .sdata.* .gnu.linkonce.s.*)
 .sdata         0x0000387c        0x4 BSP/\libhal_bsp.a(alt_irq_vars.o)
                0x0000387c                alt_priority_mask
 .sdata         0x00003880        0x8 BSP/\libhal_bsp.a(alt_tick.o)
                0x00003880                alt_alarm_list
 .sdata         0x00003888       0x14 BSP/\libhal_bsp.a(alt_dev.o)
                0x00003888                alt_fs_list
                0x00003890                alt_dev_list
                0x00003898                alt_max_fd
 .sdata         0x0000389c        0x4 BSP/\libhal_bsp.a(alt_errno.o)
                0x0000389c                alt_errno
 .sdata         0x000038a0        0x8 c:/altera/13sp1/nios2eds/bin/gnu/h-i686-mingw32/bin/../lib/gcc/nios2-elf/4.1.2/../../../../nios2-elf/lib\libc.a(lib_a-impure.o)
                0x000038a0                _impure_ptr
                0x000038a4                _global_impure_ptr
 *(.sdata2 .sdata2.* .gnu.linkonce.s2.*)
                0x000038a8                . = ALIGN (0x4)
                0x000038a8                _edata = ABSOLUTE (.)
                0x000038a8                PROVIDE (edata, ABSOLUTE (.))
                0x000038a8                PROVIDE (__ram_rwdata_end, ABSOLUTE (.))
                0x000038a8                PROVIDE (__flash_rwdata_start, LOADADDR (.rwdata))

.bss            0x00004fb8      0x128
                0x00004fb8                __bss_start = ABSOLUTE (.)
                0x00004fb8                PROVIDE (__sbss_start, ABSOLUTE (.))
                0x00004fb8                PROVIDE (___sbss_start, ABSOLUTE (.))
 *(.dynsbss)
 *(.sbss .sbss.* .gnu.linkonce.sb.*)
 .sbss          0x00004fb8        0x8 obj/default//H/SeniorYear/ENGR325/Lab/Lab8/main.o
                0x00004fb8                Counter
 .sbss          0x00004fc0        0x4 obj/default//H/SeniorYear/ENGR325/Lab/Lab8/main.o
                0x00004fc0                p_Edge_Capture
 .sbss          0x00004fc4        0x4 BSP/\libhal_bsp.a(alt_irq_vars.o)
                0x00004fc4                alt_irq_active
 .sbss          0x00004fc8        0xc BSP/\libhal_bsp.a(alt_main.o)
                0x00004fc8                alt_argc
                0x00004fcc                alt_argv
                0x00004fd0                alt_envp
 .sbss          0x00004fd4        0x8 BSP/\libhal_bsp.a(alt_tick.o)
                0x00004fd4                _alt_tick_rate
                0x00004fd8                _alt_nticks
 .sbss          0x00004fdc        0x4 c:/altera/13sp1/nios2eds/bin/gnu/h-i686-mingw32/bin/../lib/gcc/nios2-elf/4.1.2/../../../../nios2-elf/lib\libc.a(lib_a-int_errno.o)
                0x00004fdc                errno
 *(.sbss2 .sbss2.* .gnu.linkonce.sb2.*)
 *(.scommon)
                0x00004fe0                PROVIDE (__sbss_end, ABSOLUTE (.))
                0x00004fe0                PROVIDE (___sbss_end, ABSOLUTE (.))
 *(.dynbss)
 *(.bss .bss.* .gnu.linkonce.b.*)
 .bss           0x00004fe0        0x0 BSP//obj/HAL/src/crt0.o
 .bss           0x00004fe0        0x0 obj/default//H/SeniorYear/ENGR325/Lab/Lab8/main.o
 .bss           0x00004fe0        0x0 c:/altera/13sp1/nios2eds/bin/gnu/h-i686-mingw32/bin/../lib/gcc/nios2-elf/4.1.2\libgcc.a(lib2-divmod.o)
 .bss           0x00004fe0        0x0 c:/altera/13sp1/nios2eds/bin/gnu/h-i686-mingw32/bin/../lib/gcc/nios2-elf/4.1.2/../../../../nios2-elf/lib\libc.a(lib_a-strcat.o)
 .bss           0x00004fe0        0x0 c:/altera/13sp1/nios2eds/bin/gnu/h-i686-mingw32/bin/../lib/gcc/nios2-elf/4.1.2/../../../../nios2-elf/lib\libc.a(lib_a-strcpy.o)
 .bss           0x00004fe0        0x0 c:/altera/13sp1/nios2eds/bin/gnu/h-i686-mingw32/bin/../lib/gcc/nios2-elf/4.1.2/../../../../nios2-elf/lib\libc.a(lib_a-strlen.o)
 .bss           0x00004fe0        0x0 BSP/\libhal_bsp.a(alt_irq_register.o)
 .bss           0x00004fe0        0x0 BSP/\libhal_bsp.a(alt_irq_vars.o)
 .bss           0x00004fe0        0x0 BSP/\libhal_bsp.a(alt_load.o)
 .bss           0x00004fe0        0x0 BSP/\libhal_bsp.a(alt_main.o)
 .bss           0x00004fe0        0x0 BSP/\libhal_bsp.a(alt_tick.o)
 .bss           0x00004fe0        0x0 BSP/\libhal_bsp.a(alt_sys_init.o)
 .bss           0x00004fe0        0x0 BSP/\libhal_bsp.a(altera_avalon_jtag_uart_fd.o)
 .bss           0x00004fe0        0x0 BSP/\libhal_bsp.a(altera_avalon_jtag_uart_init.o)
 .bss           0x00004fe0        0x0 BSP/\libhal_bsp.a(altera_avalon_jtag_uart_ioctl.o)
 .bss           0x00004fe0        0x0 BSP/\libhal_bsp.a(altera_avalon_jtag_uart_read.o)
 .bss           0x00004fe0        0x0 BSP/\libhal_bsp.a(altera_avalon_jtag_uart_write.o)
 .bss           0x00004fe0        0x0 BSP/\libhal_bsp.a(altera_avalon_timer_sc.o)
 .bss           0x00004fe0        0x0 BSP/\libhal_bsp.a(altera_up_avalon_character_lcd.o)
 .bss           0x00004fe0        0x0 BSP/\libhal_bsp.a(altera_up_avalon_parallel_port.o)
 .bss           0x00004fe0        0x0 BSP/\libhal_bsp.a(alt_alarm_start.o)
 .bss           0x00004fe0        0x0 BSP/\libhal_bsp.a(alt_close.o)
 .bss           0x00004fe0        0x0 BSP/\libhal_bsp.a(alt_dcache_flush_all.o)
 .bss           0x00004fe0        0x0 BSP/\libhal_bsp.a(alt_dev.o)
 .bss           0x00004fe0        0x0 BSP/\libhal_bsp.a(alt_dev_llist_insert.o)
 .bss           0x00004fe0        0x0 BSP/\libhal_bsp.a(alt_errno.o)
 .bss           0x00004fe0        0x0 BSP/\libhal_bsp.a(alt_find_dev.o)
 .bss           0x00004fe0        0x0 BSP/\libhal_bsp.a(alt_icache_flush_all.o)
 .bss           0x00004fe0        0x0 BSP/\libhal_bsp.a(alt_io_redirect.o)
 .bss           0x00004fe0        0x0 BSP/\libhal_bsp.a(alt_irq_entry.o)
 .bss           0x00004fe0        0x0 BSP/\libhal_bsp.a(alt_irq_handler.o)
 .bss           0x00004fe0        0x0 BSP/\libhal_bsp.a(alt_open.o)
 .bss           0x00004fe0        0x0 BSP/\libhal_bsp.a(alt_release_fd.o)
 .bss           0x00004fe0        0x0 BSP/\libhal_bsp.a(altera_nios2_qsys_irq.o)
 .bss           0x00004fe0        0x0 BSP/\libhal_bsp.a(alt_exception_entry.o)
 .bss           0x00004fe0        0x0 BSP/\libhal_bsp.a(alt_find_file.o)
 .bss           0x00004fe0        0x0 BSP/\libhal_bsp.a(alt_get_fd.o)
 .bss           0x00004fe0        0x0 BSP/\libhal_bsp.a(alt_icache_flush.o)
 .bss           0x00004fe0        0x0 c:/altera/13sp1/nios2eds/bin/gnu/h-i686-mingw32/bin/../lib/gcc/nios2-elf/4.1.2/../../../../nios2-elf/lib\libc.a(lib_a-exit.o)
 .bss           0x00004fe0        0x0 c:/altera/13sp1/nios2eds/bin/gnu/h-i686-mingw32/bin/../lib/gcc/nios2-elf/4.1.2/../../../../nios2-elf/lib\libc.a(lib_a-impure.o)
 .bss           0x00004fe0        0x0 c:/altera/13sp1/nios2eds/bin/gnu/h-i686-mingw32/bin/../lib/gcc/nios2-elf/4.1.2/../../../../nios2-elf/lib\libc.a(lib_a-int_errno.o)
 .bss           0x00004fe0        0x0 c:/altera/13sp1/nios2eds/bin/gnu/h-i686-mingw32/bin/../lib/gcc/nios2-elf/4.1.2/../../../../nios2-elf/lib\libc.a(lib_a-memcmp.o)
 .bss           0x00004fe0        0x0 c:/altera/13sp1/nios2eds/bin/gnu/h-i686-mingw32/bin/../lib/gcc/nios2-elf/4.1.2/../../../../nios2-elf/lib\libc.a(lib_a-memcpy.o)
 .bss           0x00004fe0        0x0 c:/altera/13sp1/nios2eds/bin/gnu/h-i686-mingw32/bin/../lib/gcc/nios2-elf/4.1.2/../../../../nios2-elf/lib\libc.a(lib_a-__call_atexit.o)
 .bss           0x00004fe0        0x0 BSP/\libhal_bsp.a(alt_exit.o)
 *(COMMON)
 COMMON         0x00004fe0      0x100 BSP/\libhal_bsp.a(alt_irq_handler.o)
                0x00004fe0                alt_irq
                0x000050e0                . = ALIGN (0x4)
                0x000050e0                __bss_end = ABSOLUTE (.)

.RAM            0x000050e0        0x0
                0x000050e0                PROVIDE (_alt_partition_RAM_start, ABSOLUTE (.))
 *(.RAM. RAM.*)
                0x000050e0                . = ALIGN (0x4)
                0x000050e0                PROVIDE (_alt_partition_RAM_end, ABSOLUTE (.))
                0x000050e0                _end = ABSOLUTE (.)
                0x000050e0                end = ABSOLUTE (.)
                0x000050e0                __alt_stack_base = ABSOLUTE (.)
                0x000050e0                PROVIDE (_alt_partition_RAM_load_addr, LOADADDR (.RAM))

.stab
 *(.stab)

.stabstr
 *(.stabstr)

.stab.excl
 *(.stab.excl)

.stab.exclstr
 *(.stab.exclstr)

.stab.index
 *(.stab.index)

.stab.indexstr
 *(.stab.indexstr)

.comment        0x00000000       0x26
 *(.comment)
 .comment       0x00000000       0x26 obj/default//H/SeniorYear/ENGR325/Lab/Lab8/main.o
                                 0x27 (size before relaxing)
 .comment       0x00000000       0x27 c:/altera/13sp1/nios2eds/bin/gnu/h-i686-mingw32/bin/../lib/gcc/nios2-elf/4.1.2\libgcc.a(lib2-divmod.o)
 .comment       0x00000000       0x27 c:/altera/13sp1/nios2eds/bin/gnu/h-i686-mingw32/bin/../lib/gcc/nios2-elf/4.1.2/../../../../nios2-elf/lib\libc.a(lib_a-strcat.o)
 .comment       0x00000000       0x27 c:/altera/13sp1/nios2eds/bin/gnu/h-i686-mingw32/bin/../lib/gcc/nios2-elf/4.1.2/../../../../nios2-elf/lib\libc.a(lib_a-strcpy.o)
 .comment       0x00000000       0x27 c:/altera/13sp1/nios2eds/bin/gnu/h-i686-mingw32/bin/../lib/gcc/nios2-elf/4.1.2/../../../../nios2-elf/lib\libc.a(lib_a-strlen.o)
 .comment       0x00000000       0x27 BSP/\libhal_bsp.a(alt_irq_register.o)
 .comment       0x00000000       0x27 BSP/\libhal_bsp.a(alt_irq_vars.o)
 .comment       0x00000000       0x27 BSP/\libhal_bsp.a(alt_load.o)
 .comment       0x00000000       0x27 BSP/\libhal_bsp.a(alt_main.o)
 .comment       0x00000000       0x27 BSP/\libhal_bsp.a(alt_tick.o)
 .comment       0x00000000       0x27 BSP/\libhal_bsp.a(alt_sys_init.o)
 .comment       0x00000000       0x27 BSP/\libhal_bsp.a(altera_avalon_jtag_uart_fd.o)
 .comment       0x00000000       0x27 BSP/\libhal_bsp.a(altera_avalon_jtag_uart_init.o)
 .comment       0x00000000       0x27 BSP/\libhal_bsp.a(altera_avalon_jtag_uart_ioctl.o)
 .comment       0x00000000       0x27 BSP/\libhal_bsp.a(altera_avalon_jtag_uart_read.o)
 .comment       0x00000000       0x27 BSP/\libhal_bsp.a(altera_avalon_jtag_uart_write.o)
 .comment       0x00000000       0x27 BSP/\libhal_bsp.a(altera_avalon_timer_sc.o)
 .comment       0x00000000       0x27 BSP/\libhal_bsp.a(altera_up_avalon_character_lcd.o)
 .comment       0x00000000       0x27 BSP/\libhal_bsp.a(altera_up_avalon_parallel_port.o)
 .comment       0x00000000       0x27 BSP/\libhal_bsp.a(alt_alarm_start.o)
 .comment       0x00000000       0x27 BSP/\libhal_bsp.a(alt_close.o)
 .comment       0x00000000       0x27 BSP/\libhal_bsp.a(alt_dcache_flush_all.o)
 .comment       0x00000000       0x27 BSP/\libhal_bsp.a(alt_dev.o)
 .comment       0x00000000       0x27 BSP/\libhal_bsp.a(alt_dev_llist_insert.o)
 .comment       0x00000000       0x27 BSP/\libhal_bsp.a(alt_errno.o)
 .comment       0x00000000       0x27 BSP/\libhal_bsp.a(alt_find_dev.o)
 .comment       0x00000000       0x27 BSP/\libhal_bsp.a(alt_icache_flush_all.o)
 .comment       0x00000000       0x27 BSP/\libhal_bsp.a(alt_io_redirect.o)
 .comment       0x00000000       0x27 BSP/\libhal_bsp.a(alt_irq_handler.o)
 .comment       0x00000000       0x27 BSP/\libhal_bsp.a(alt_open.o)
 .comment       0x00000000       0x27 BSP/\libhal_bsp.a(alt_release_fd.o)
 .comment       0x00000000       0x27 BSP/\libhal_bsp.a(altera_nios2_qsys_irq.o)
 .comment       0x00000000       0x27 BSP/\libhal_bsp.a(alt_find_file.o)
 .comment       0x00000000       0x27 BSP/\libhal_bsp.a(alt_get_fd.o)
 .comment       0x00000000       0x27 BSP/\libhal_bsp.a(alt_icache_flush.o)
 .comment       0x00000000       0x27 c:/altera/13sp1/nios2eds/bin/gnu/h-i686-mingw32/bin/../lib/gcc/nios2-elf/4.1.2/../../../../nios2-elf/lib\libc.a(lib_a-exit.o)
 .comment       0x00000000       0x27 c:/altera/13sp1/nios2eds/bin/gnu/h-i686-mingw32/bin/../lib/gcc/nios2-elf/4.1.2/../../../../nios2-elf/lib\libc.a(lib_a-impure.o)
 .comment       0x00000000       0x27 c:/altera/13sp1/nios2eds/bin/gnu/h-i686-mingw32/bin/../lib/gcc/nios2-elf/4.1.2/../../../../nios2-elf/lib\libc.a(lib_a-int_errno.o)
 .comment       0x00000000       0x27 c:/altera/13sp1/nios2eds/bin/gnu/h-i686-mingw32/bin/../lib/gcc/nios2-elf/4.1.2/../../../../nios2-elf/lib\libc.a(lib_a-memcmp.o)
 .comment       0x00000000       0x27 c:/altera/13sp1/nios2eds/bin/gnu/h-i686-mingw32/bin/../lib/gcc/nios2-elf/4.1.2/../../../../nios2-elf/lib\libc.a(lib_a-memcpy.o)
 .comment       0x00000000       0x27 c:/altera/13sp1/nios2eds/bin/gnu/h-i686-mingw32/bin/../lib/gcc/nios2-elf/4.1.2/../../../../nios2-elf/lib\libc.a(lib_a-__call_atexit.o)
 .comment       0x00000000       0x27 BSP/\libhal_bsp.a(alt_exit.o)

.debug
 *(.debug)

.line
 *(.line)

.debug_srcinfo
 *(.debug_srcinfo)

.debug_sfnames
 *(.debug_sfnames)

.debug_aranges  0x00000000      0x558
 *(.debug_aranges)
 .debug_aranges
                0x00000000       0x28 BSP//obj/HAL/src/crt0.o
 .debug_aranges
                0x00000028       0x20 obj/default//H/SeniorYear/ENGR325/Lab/Lab8/main.o
 .debug_aranges
                0x00000048       0x20 c:/altera/13sp1/nios2eds/bin/gnu/h-i686-mingw32/bin/../lib/gcc/nios2-elf/4.1.2\libgcc.a(lib2-divmod.o)
 .debug_aranges
                0x00000068       0x20 c:/altera/13sp1/nios2eds/bin/gnu/h-i686-mingw32/bin/../lib/gcc/nios2-elf/4.1.2/../../../../nios2-elf/lib\libc.a(lib_a-strcat.o)
 .debug_aranges
                0x00000088       0x20 c:/altera/13sp1/nios2eds/bin/gnu/h-i686-mingw32/bin/../lib/gcc/nios2-elf/4.1.2/../../../../nios2-elf/lib\libc.a(lib_a-strcpy.o)
 .debug_aranges
                0x000000a8       0x20 c:/altera/13sp1/nios2eds/bin/gnu/h-i686-mingw32/bin/../lib/gcc/nios2-elf/4.1.2/../../../../nios2-elf/lib\libc.a(lib_a-strlen.o)
 .debug_aranges
                0x000000c8       0x20 BSP/\libhal_bsp.a(alt_irq_register.o)
 .debug_aranges
                0x000000e8       0x20 BSP/\libhal_bsp.a(alt_load.o)
 .debug_aranges
                0x00000108       0x20 BSP/\libhal_bsp.a(alt_main.o)
 .debug_aranges
                0x00000128       0x20 BSP/\libhal_bsp.a(alt_tick.o)
 .debug_aranges
                0x00000148       0x20 BSP/\libhal_bsp.a(alt_sys_init.o)
 .debug_aranges
                0x00000168       0x20 BSP/\libhal_bsp.a(altera_avalon_jtag_uart_fd.o)
 .debug_aranges
                0x00000188       0x20 BSP/\libhal_bsp.a(altera_avalon_jtag_uart_init.o)
 .debug_aranges
                0x000001a8       0x20 BSP/\libhal_bsp.a(altera_avalon_jtag_uart_ioctl.o)
 .debug_aranges
                0x000001c8       0x20 BSP/\libhal_bsp.a(altera_avalon_jtag_uart_read.o)
 .debug_aranges
                0x000001e8       0x20 BSP/\libhal_bsp.a(altera_avalon_jtag_uart_write.o)
 .debug_aranges
                0x00000208       0x20 BSP/\libhal_bsp.a(altera_avalon_timer_sc.o)
 .debug_aranges
                0x00000228       0x20 BSP/\libhal_bsp.a(altera_up_avalon_character_lcd.o)
 .debug_aranges
                0x00000248       0x20 BSP/\libhal_bsp.a(altera_up_avalon_parallel_port.o)
 .debug_aranges
                0x00000268       0x20 BSP/\libhal_bsp.a(alt_alarm_start.o)
 .debug_aranges
                0x00000288       0x20 BSP/\libhal_bsp.a(alt_close.o)
 .debug_aranges
                0x000002a8       0x20 BSP/\libhal_bsp.a(alt_dcache_flush_all.o)
 .debug_aranges
                0x000002c8       0x20 BSP/\libhal_bsp.a(alt_dev.o)
 .debug_aranges
                0x000002e8       0x20 BSP/\libhal_bsp.a(alt_dev_llist_insert.o)
 .debug_aranges
                0x00000308       0x20 BSP/\libhal_bsp.a(alt_find_dev.o)
 .debug_aranges
                0x00000328       0x20 BSP/\libhal_bsp.a(alt_icache_flush_all.o)
 .debug_aranges
                0x00000348       0x20 BSP/\libhal_bsp.a(alt_io_redirect.o)
 .debug_aranges
                0x00000368       0x30 BSP/\libhal_bsp.a(alt_irq_entry.o)
 .debug_aranges
                0x00000398       0x28 BSP/\libhal_bsp.a(alt_irq_handler.o)
 .debug_aranges
                0x000003c0       0x20 BSP/\libhal_bsp.a(alt_open.o)
 .debug_aranges
                0x000003e0       0x20 BSP/\libhal_bsp.a(alt_release_fd.o)
 .debug_aranges
                0x00000400       0x20 BSP/\libhal_bsp.a(altera_nios2_qsys_irq.o)
 .debug_aranges
                0x00000420       0x38 BSP/\libhal_bsp.a(alt_exception_entry.o)
 .debug_aranges
                0x00000458       0x20 BSP/\libhal_bsp.a(alt_find_file.o)
 .debug_aranges
                0x00000478       0x20 BSP/\libhal_bsp.a(alt_get_fd.o)
 .debug_aranges
                0x00000498       0x20 BSP/\libhal_bsp.a(alt_icache_flush.o)
 .debug_aranges
                0x000004b8       0x20 c:/altera/13sp1/nios2eds/bin/gnu/h-i686-mingw32/bin/../lib/gcc/nios2-elf/4.1.2/../../../../nios2-elf/lib\libc.a(lib_a-exit.o)
 .debug_aranges
                0x000004d8       0x20 c:/altera/13sp1/nios2eds/bin/gnu/h-i686-mingw32/bin/../lib/gcc/nios2-elf/4.1.2/../../../../nios2-elf/lib\libc.a(lib_a-memcmp.o)
 .debug_aranges
                0x000004f8       0x20 c:/altera/13sp1/nios2eds/bin/gnu/h-i686-mingw32/bin/../lib/gcc/nios2-elf/4.1.2/../../../../nios2-elf/lib\libc.a(lib_a-memcpy.o)
 .debug_aranges
                0x00000518       0x20 c:/altera/13sp1/nios2eds/bin/gnu/h-i686-mingw32/bin/../lib/gcc/nios2-elf/4.1.2/../../../../nios2-elf/lib\libc.a(lib_a-__call_atexit.o)
 .debug_aranges
                0x00000538       0x20 BSP/\libhal_bsp.a(alt_exit.o)

.debug_pubnames
                0x00000000      0x98c
 *(.debug_pubnames)
 .debug_pubnames
                0x00000000       0x3a obj/default//H/SeniorYear/ENGR325/Lab/Lab8/main.o
 .debug_pubnames
                0x0000003a       0x48 c:/altera/13sp1/nios2eds/bin/gnu/h-i686-mingw32/bin/../lib/gcc/nios2-elf/4.1.2\libgcc.a(lib2-divmod.o)
 .debug_pubnames
                0x00000082       0x1d c:/altera/13sp1/nios2eds/bin/gnu/h-i686-mingw32/bin/../lib/gcc/nios2-elf/4.1.2/../../../../nios2-elf/lib\libc.a(lib_a-strcat.o)
 .debug_pubnames
                0x0000009f       0x1d c:/altera/13sp1/nios2eds/bin/gnu/h-i686-mingw32/bin/../lib/gcc/nios2-elf/4.1.2/../../../../nios2-elf/lib\libc.a(lib_a-strcpy.o)
 .debug_pubnames
                0x000000bc       0x1d c:/altera/13sp1/nios2eds/bin/gnu/h-i686-mingw32/bin/../lib/gcc/nios2-elf/4.1.2/../../../../nios2-elf/lib\libc.a(lib_a-strlen.o)
 .debug_pubnames
                0x000000d9       0x27 BSP/\libhal_bsp.a(alt_irq_register.o)
 .debug_pubnames
                0x00000100       0x3b BSP/\libhal_bsp.a(alt_irq_vars.o)
 .debug_pubnames
                0x0000013b       0x1f BSP/\libhal_bsp.a(alt_load.o)
 .debug_pubnames
                0x0000015a       0x46 BSP/\libhal_bsp.a(alt_main.o)
 .debug_pubnames
                0x000001a0       0x68 BSP/\libhal_bsp.a(alt_tick.o)
 .debug_pubnames
                0x00000208       0x34 BSP/\libhal_bsp.a(alt_sys_init.o)
 .debug_pubnames
                0x0000023c       0xa5 BSP/\libhal_bsp.a(altera_avalon_jtag_uart_fd.o)
 .debug_pubnames
                0x000002e1       0x55 BSP/\libhal_bsp.a(altera_avalon_jtag_uart_init.o)
 .debug_pubnames
                0x00000336       0x34 BSP/\libhal_bsp.a(altera_avalon_jtag_uart_ioctl.o)
 .debug_pubnames
                0x0000036a       0x33 BSP/\libhal_bsp.a(altera_avalon_jtag_uart_read.o)
 .debug_pubnames
                0x0000039d       0x34 BSP/\libhal_bsp.a(altera_avalon_jtag_uart_write.o)
 .debug_pubnames
                0x000003d1       0x2f BSP/\libhal_bsp.a(altera_avalon_timer_sc.o)
 .debug_pubnames
                0x00000400      0x1cd BSP/\libhal_bsp.a(altera_up_avalon_character_lcd.o)
 .debug_pubnames
                0x000005cd       0x34 BSP/\libhal_bsp.a(altera_up_avalon_parallel_port.o)
 .debug_pubnames
                0x00000601       0x26 BSP/\libhal_bsp.a(alt_alarm_start.o)
 .debug_pubnames
                0x00000627       0x1c BSP/\libhal_bsp.a(alt_close.o)
 .debug_pubnames
                0x00000643       0x2b BSP/\libhal_bsp.a(alt_dcache_flush_all.o)
 .debug_pubnames
                0x0000066e       0x63 BSP/\libhal_bsp.a(alt_dev.o)
 .debug_pubnames
                0x000006d1       0x2b BSP/\libhal_bsp.a(alt_dev_llist_insert.o)
 .debug_pubnames
                0x000006fc       0x20 BSP/\libhal_bsp.a(alt_errno.o)
 .debug_pubnames
                0x0000071c       0x23 BSP/\libhal_bsp.a(alt_find_dev.o)
 .debug_pubnames
                0x0000073f       0x2b BSP/\libhal_bsp.a(alt_icache_flush_all.o)
 .debug_pubnames
                0x0000076a       0x26 BSP/\libhal_bsp.a(alt_io_redirect.o)
 .debug_pubnames
                0x00000790       0x32 BSP/\libhal_bsp.a(alt_irq_handler.o)
 .debug_pubnames
                0x000007c2       0x1b BSP/\libhal_bsp.a(alt_open.o)
 .debug_pubnames
                0x000007dd       0x25 BSP/\libhal_bsp.a(alt_release_fd.o)
 .debug_pubnames
                0x00000802       0x31 BSP/\libhal_bsp.a(altera_nios2_qsys_irq.o)
 .debug_pubnames
                0x00000833       0x24 BSP/\libhal_bsp.a(alt_find_file.o)
 .debug_pubnames
                0x00000857       0x21 BSP/\libhal_bsp.a(alt_get_fd.o)
 .debug_pubnames
                0x00000878       0x27 BSP/\libhal_bsp.a(alt_icache_flush.o)
 .debug_pubnames
                0x0000089f       0x1b c:/altera/13sp1/nios2eds/bin/gnu/h-i686-mingw32/bin/../lib/gcc/nios2-elf/4.1.2/../../../../nios2-elf/lib\libc.a(lib_a-exit.o)
 .debug_pubnames
                0x000008ba       0x39 c:/altera/13sp1/nios2eds/bin/gnu/h-i686-mingw32/bin/../lib/gcc/nios2-elf/4.1.2/../../../../nios2-elf/lib\libc.a(lib_a-impure.o)
 .debug_pubnames
                0x000008f3       0x1c c:/altera/13sp1/nios2eds/bin/gnu/h-i686-mingw32/bin/../lib/gcc/nios2-elf/4.1.2/../../../../nios2-elf/lib\libc.a(lib_a-int_errno.o)
 .debug_pubnames
                0x0000090f       0x1d c:/altera/13sp1/nios2eds/bin/gnu/h-i686-mingw32/bin/../lib/gcc/nios2-elf/4.1.2/../../../../nios2-elf/lib\libc.a(lib_a-memcmp.o)
 .debug_pubnames
                0x0000092c       0x1d c:/altera/13sp1/nios2eds/bin/gnu/h-i686-mingw32/bin/../lib/gcc/nios2-elf/4.1.2/../../../../nios2-elf/lib\libc.a(lib_a-memcpy.o)
 .debug_pubnames
                0x00000949       0x27 c:/altera/13sp1/nios2eds/bin/gnu/h-i686-mingw32/bin/../lib/gcc/nios2-elf/4.1.2/../../../../nios2-elf/lib\libc.a(lib_a-__call_atexit.o)
 .debug_pubnames
                0x00000970       0x1c BSP/\libhal_bsp.a(alt_exit.o)

.debug_info     0x00000000     0x81cf
 *(.debug_info .gnu.linkonce.wi.*)
 .debug_info    0x00000000       0x59 BSP//obj/HAL/src/crt0.o
 .debug_info    0x00000059      0x60f obj/default//H/SeniorYear/ENGR325/Lab/Lab8/main.o
 .debug_info    0x00000668      0x21c c:/altera/13sp1/nios2eds/bin/gnu/h-i686-mingw32/bin/../lib/gcc/nios2-elf/4.1.2\libgcc.a(lib2-divmod.o)
 .debug_info    0x00000884       0xed c:/altera/13sp1/nios2eds/bin/gnu/h-i686-mingw32/bin/../lib/gcc/nios2-elf/4.1.2/../../../../nios2-elf/lib\libc.a(lib_a-strcat.o)
 .debug_info    0x00000971      0x110 c:/altera/13sp1/nios2eds/bin/gnu/h-i686-mingw32/bin/../lib/gcc/nios2-elf/4.1.2/../../../../nios2-elf/lib\libc.a(lib_a-strcpy.o)
 .debug_info    0x00000a81       0xdb c:/altera/13sp1/nios2eds/bin/gnu/h-i686-mingw32/bin/../lib/gcc/nios2-elf/4.1.2/../../../../nios2-elf/lib\libc.a(lib_a-strlen.o)
 .debug_info    0x00000b5c      0x318 BSP/\libhal_bsp.a(alt_irq_register.o)
 .debug_info    0x00000e74       0x92 BSP/\libhal_bsp.a(alt_irq_vars.o)
 .debug_info    0x00000f06      0x1a1 BSP/\libhal_bsp.a(alt_load.o)
 .debug_info    0x000010a7      0x161 BSP/\libhal_bsp.a(alt_main.o)
 .debug_info    0x00001208      0x2bb BSP/\libhal_bsp.a(alt_tick.o)
 .debug_info    0x000014c3      0x659 BSP/\libhal_bsp.a(alt_sys_init.o)
 .debug_info    0x00001b1c      0x584 BSP/\libhal_bsp.a(altera_avalon_jtag_uart_fd.o)
 .debug_info    0x000020a0      0x3dd BSP/\libhal_bsp.a(altera_avalon_jtag_uart_init.o)
 .debug_info    0x0000247d      0x2a3 BSP/\libhal_bsp.a(altera_avalon_jtag_uart_ioctl.o)
 .debug_info    0x00002720      0x38b BSP/\libhal_bsp.a(altera_avalon_jtag_uart_read.o)
 .debug_info    0x00002aab      0x378 BSP/\libhal_bsp.a(altera_avalon_jtag_uart_write.o)
 .debug_info    0x00002e23      0x24d BSP/\libhal_bsp.a(altera_avalon_timer_sc.o)
 .debug_info    0x00003070      0x653 BSP/\libhal_bsp.a(altera_up_avalon_character_lcd.o)
 .debug_info    0x000036c3      0x347 BSP/\libhal_bsp.a(altera_up_avalon_parallel_port.o)
 .debug_info    0x00003a0a      0x2e0 BSP/\libhal_bsp.a(alt_alarm_start.o)
 .debug_info    0x00003cea      0x364 BSP/\libhal_bsp.a(alt_close.o)
 .debug_info    0x0000404e       0x8d BSP/\libhal_bsp.a(alt_dcache_flush_all.o)
 .debug_info    0x000040db      0x4dd BSP/\libhal_bsp.a(alt_dev.o)
 .debug_info    0x000045b8      0x1b7 BSP/\libhal_bsp.a(alt_dev_llist_insert.o)
 .debug_info    0x0000476f       0xab BSP/\libhal_bsp.a(alt_errno.o)
 .debug_info    0x0000481a      0x310 BSP/\libhal_bsp.a(alt_find_dev.o)
 .debug_info    0x00004b2a       0x8f BSP/\libhal_bsp.a(alt_icache_flush_all.o)
 .debug_info    0x00004bb9      0x4f6 BSP/\libhal_bsp.a(alt_io_redirect.o)
 .debug_info    0x000050af       0x62 BSP/\libhal_bsp.a(alt_irq_entry.o)
 .debug_info    0x00005111      0x18f BSP/\libhal_bsp.a(alt_irq_handler.o)
 .debug_info    0x000052a0      0x40c BSP/\libhal_bsp.a(alt_open.o)
 .debug_info    0x000056ac      0x2d9 BSP/\libhal_bsp.a(alt_release_fd.o)
 .debug_info    0x00005985       0xb7 BSP/\libhal_bsp.a(altera_nios2_qsys_irq.o)
 .debug_info    0x00005a3c       0x68 BSP/\libhal_bsp.a(alt_exception_entry.o)
 .debug_info    0x00005aa4      0x30e BSP/\libhal_bsp.a(alt_find_file.o)
 .debug_info    0x00005db2      0x333 BSP/\libhal_bsp.a(alt_get_fd.o)
 .debug_info    0x000060e5       0xd5 BSP/\libhal_bsp.a(alt_icache_flush.o)
 .debug_info    0x000061ba      0x93f c:/altera/13sp1/nios2eds/bin/gnu/h-i686-mingw32/bin/../lib/gcc/nios2-elf/4.1.2/../../../../nios2-elf/lib\libc.a(lib_a-exit.o)
 .debug_info    0x00006af9      0x93d c:/altera/13sp1/nios2eds/bin/gnu/h-i686-mingw32/bin/../lib/gcc/nios2-elf/4.1.2/../../../../nios2-elf/lib\libc.a(lib_a-impure.o)
 .debug_info    0x00007436       0x8c c:/altera/13sp1/nios2eds/bin/gnu/h-i686-mingw32/bin/../lib/gcc/nios2-elf/4.1.2/../../../../nios2-elf/lib\libc.a(lib_a-int_errno.o)
 .debug_info    0x000074c2      0x115 c:/altera/13sp1/nios2eds/bin/gnu/h-i686-mingw32/bin/../lib/gcc/nios2-elf/4.1.2/../../../../nios2-elf/lib\libc.a(lib_a-memcmp.o)
 .debug_info    0x000075d7      0x106 c:/altera/13sp1/nios2eds/bin/gnu/h-i686-mingw32/bin/../lib/gcc/nios2-elf/4.1.2/../../../../nios2-elf/lib\libc.a(lib_a-memcpy.o)
 .debug_info    0x000076dd      0x9e2 c:/altera/13sp1/nios2eds/bin/gnu/h-i686-mingw32/bin/../lib/gcc/nios2-elf/4.1.2/../../../../nios2-elf/lib\libc.a(lib_a-__call_atexit.o)
 .debug_info    0x000080bf      0x110 BSP/\libhal_bsp.a(alt_exit.o)

.debug_abbrev   0x00000000     0x2a03
 *(.debug_abbrev)
 .debug_abbrev  0x00000000       0x12 BSP//obj/HAL/src/crt0.o
 .debug_abbrev  0x00000012      0x1e1 obj/default//H/SeniorYear/ENGR325/Lab/Lab8/main.o
 .debug_abbrev  0x000001f3       0xe0 c:/altera/13sp1/nios2eds/bin/gnu/h-i686-mingw32/bin/../lib/gcc/nios2-elf/4.1.2\libgcc.a(lib2-divmod.o)
 .debug_abbrev  0x000002d3       0x87 c:/altera/13sp1/nios2eds/bin/gnu/h-i686-mingw32/bin/../lib/gcc/nios2-elf/4.1.2/../../../../nios2-elf/lib\libc.a(lib_a-strcat.o)
 .debug_abbrev  0x0000035a       0x8f c:/altera/13sp1/nios2eds/bin/gnu/h-i686-mingw32/bin/../lib/gcc/nios2-elf/4.1.2/../../../../nios2-elf/lib\libc.a(lib_a-strcpy.o)
 .debug_abbrev  0x000003e9       0x8b c:/altera/13sp1/nios2eds/bin/gnu/h-i686-mingw32/bin/../lib/gcc/nios2-elf/4.1.2/../../../../nios2-elf/lib\libc.a(lib_a-strlen.o)
 .debug_abbrev  0x00000474      0x1a8 BSP/\libhal_bsp.a(alt_irq_register.o)
 .debug_abbrev  0x0000061c       0x44 BSP/\libhal_bsp.a(alt_irq_vars.o)
 .debug_abbrev  0x00000660       0xb6 BSP/\libhal_bsp.a(alt_load.o)
 .debug_abbrev  0x00000716       0xbe BSP/\libhal_bsp.a(alt_main.o)
 .debug_abbrev  0x000007d4      0x170 BSP/\libhal_bsp.a(alt_tick.o)
 .debug_abbrev  0x00000944      0x17b BSP/\libhal_bsp.a(alt_sys_init.o)
 .debug_abbrev  0x00000abf      0x113 BSP/\libhal_bsp.a(altera_avalon_jtag_uart_fd.o)
 .debug_abbrev  0x00000bd2      0x198 BSP/\libhal_bsp.a(altera_avalon_jtag_uart_init.o)
 .debug_abbrev  0x00000d6a      0x10c BSP/\libhal_bsp.a(altera_avalon_jtag_uart_ioctl.o)
 .debug_abbrev  0x00000e76      0x194 BSP/\libhal_bsp.a(altera_avalon_jtag_uart_read.o)
 .debug_abbrev  0x0000100a      0x18c BSP/\libhal_bsp.a(altera_avalon_jtag_uart_write.o)
 .debug_abbrev  0x00001196      0x14b BSP/\libhal_bsp.a(altera_avalon_timer_sc.o)
 .debug_abbrev  0x000012e1      0x182 BSP/\libhal_bsp.a(altera_up_avalon_character_lcd.o)
 .debug_abbrev  0x00001463       0xe3 BSP/\libhal_bsp.a(altera_up_avalon_parallel_port.o)
 .debug_abbrev  0x00001546      0x179 BSP/\libhal_bsp.a(alt_alarm_start.o)
 .debug_abbrev  0x000016bf      0x124 BSP/\libhal_bsp.a(alt_close.o)
 .debug_abbrev  0x000017e3       0x3f BSP/\libhal_bsp.a(alt_dcache_flush_all.o)
 .debug_abbrev  0x00001822       0xd6 BSP/\libhal_bsp.a(alt_dev.o)
 .debug_abbrev  0x000018f8      0x117 BSP/\libhal_bsp.a(alt_dev_llist_insert.o)
 .debug_abbrev  0x00001a0f       0x5e BSP/\libhal_bsp.a(alt_errno.o)
 .debug_abbrev  0x00001a6d       0xed BSP/\libhal_bsp.a(alt_find_dev.o)
 .debug_abbrev  0x00001b5a       0x3f BSP/\libhal_bsp.a(alt_icache_flush_all.o)
 .debug_abbrev  0x00001b99      0x10e BSP/\libhal_bsp.a(alt_io_redirect.o)
 .debug_abbrev  0x00001ca7       0x12 BSP/\libhal_bsp.a(alt_irq_entry.o)
 .debug_abbrev  0x00001cb9      0x12f BSP/\libhal_bsp.a(alt_irq_handler.o)
 .debug_abbrev  0x00001de8      0x177 BSP/\libhal_bsp.a(alt_open.o)
 .debug_abbrev  0x00001f5f       0xdb BSP/\libhal_bsp.a(alt_release_fd.o)
 .debug_abbrev  0x0000203a       0x64 BSP/\libhal_bsp.a(altera_nios2_qsys_irq.o)
 .debug_abbrev  0x0000209e       0x12 BSP/\libhal_bsp.a(alt_exception_entry.o)
 .debug_abbrev  0x000020b0       0xed BSP/\libhal_bsp.a(alt_find_file.o)
 .debug_abbrev  0x0000219d      0x108 BSP/\libhal_bsp.a(alt_get_fd.o)
 .debug_abbrev  0x000022a5       0x89 BSP/\libhal_bsp.a(alt_icache_flush.o)
 .debug_abbrev  0x0000232e      0x16e c:/altera/13sp1/nios2eds/bin/gnu/h-i686-mingw32/bin/../lib/gcc/nios2-elf/4.1.2/../../../../nios2-elf/lib\libc.a(lib_a-exit.o)
 .debug_abbrev  0x0000249c      0x157 c:/altera/13sp1/nios2eds/bin/gnu/h-i686-mingw32/bin/../lib/gcc/nios2-elf/4.1.2/../../../../nios2-elf/lib\libc.a(lib_a-impure.o)
 .debug_abbrev  0x000025f3       0x3b c:/altera/13sp1/nios2eds/bin/gnu/h-i686-mingw32/bin/../lib/gcc/nios2-elf/4.1.2/../../../../nios2-elf/lib\libc.a(lib_a-int_errno.o)
 .debug_abbrev  0x0000262e       0x7c c:/altera/13sp1/nios2eds/bin/gnu/h-i686-mingw32/bin/../lib/gcc/nios2-elf/4.1.2/../../../../nios2-elf/lib\libc.a(lib_a-memcmp.o)
 .debug_abbrev  0x000026aa       0xb5 c:/altera/13sp1/nios2eds/bin/gnu/h-i686-mingw32/bin/../lib/gcc/nios2-elf/4.1.2/../../../../nios2-elf/lib\libc.a(lib_a-memcpy.o)
 .debug_abbrev  0x0000275f      0x1de c:/altera/13sp1/nios2eds/bin/gnu/h-i686-mingw32/bin/../lib/gcc/nios2-elf/4.1.2/../../../../nios2-elf/lib\libc.a(lib_a-__call_atexit.o)
 .debug_abbrev  0x0000293d       0xc6 BSP/\libhal_bsp.a(alt_exit.o)

.debug_line     0x00000000     0x6b42
 *(.debug_line)
 .debug_line    0x00000000       0x6c BSP//obj/HAL/src/crt0.o
 .debug_line    0x0000006c      0x53b obj/default//H/SeniorYear/ENGR325/Lab/Lab8/main.o
 .debug_line    0x000005a7      0x24f c:/altera/13sp1/nios2eds/bin/gnu/h-i686-mingw32/bin/../lib/gcc/nios2-elf/4.1.2\libgcc.a(lib2-divmod.o)
 .debug_line    0x000007f6      0x28f c:/altera/13sp1/nios2eds/bin/gnu/h-i686-mingw32/bin/../lib/gcc/nios2-elf/4.1.2/../../../../nios2-elf/lib\libc.a(lib_a-strcat.o)
 .debug_line    0x00000a85      0x287 c:/altera/13sp1/nios2eds/bin/gnu/h-i686-mingw32/bin/../lib/gcc/nios2-elf/4.1.2/../../../../nios2-elf/lib\libc.a(lib_a-strcpy.o)
 .debug_line    0x00000d0c      0x26d c:/altera/13sp1/nios2eds/bin/gnu/h-i686-mingw32/bin/../lib/gcc/nios2-elf/4.1.2/../../../../nios2-elf/lib\libc.a(lib_a-strlen.o)
 .debug_line    0x00000f79      0x288 BSP/\libhal_bsp.a(alt_irq_register.o)
 .debug_line    0x00001201       0x72 BSP/\libhal_bsp.a(alt_irq_vars.o)
 .debug_line    0x00001273      0x26f BSP/\libhal_bsp.a(alt_load.o)
 .debug_line    0x000014e2      0x2ca BSP/\libhal_bsp.a(alt_main.o)
 .debug_line    0x000017ac      0x2c7 BSP/\libhal_bsp.a(alt_tick.o)
 .debug_line    0x00001a73      0x328 BSP/\libhal_bsp.a(alt_sys_init.o)
 .debug_line    0x00001d9b      0x1fb BSP/\libhal_bsp.a(altera_avalon_jtag_uart_fd.o)
 .debug_line    0x00001f96      0x46a BSP/\libhal_bsp.a(altera_avalon_jtag_uart_init.o)
 .debug_line    0x00002400      0x2e3 BSP/\libhal_bsp.a(altera_avalon_jtag_uart_ioctl.o)
 .debug_line    0x000026e3      0x3e8 BSP/\libhal_bsp.a(altera_avalon_jtag_uart_read.o)
 .debug_line    0x00002acb      0x411 BSP/\libhal_bsp.a(altera_avalon_jtag_uart_write.o)
 .debug_line    0x00002edc      0x2b0 BSP/\libhal_bsp.a(altera_avalon_timer_sc.o)
 .debug_line    0x0000318c      0x438 BSP/\libhal_bsp.a(altera_up_avalon_character_lcd.o)
 .debug_line    0x000035c4      0x26a BSP/\libhal_bsp.a(altera_up_avalon_parallel_port.o)
 .debug_line    0x0000382e      0x29f BSP/\libhal_bsp.a(alt_alarm_start.o)
 .debug_line    0x00003acd      0x281 BSP/\libhal_bsp.a(alt_close.o)
 .debug_line    0x00003d4e      0x1b1 BSP/\libhal_bsp.a(alt_dcache_flush_all.o)
 .debug_line    0x00003eff      0x248 BSP/\libhal_bsp.a(alt_dev.o)
 .debug_line    0x00004147      0x232 BSP/\libhal_bsp.a(alt_dev_llist_insert.o)
 .debug_line    0x00004379      0x1a6 BSP/\libhal_bsp.a(alt_errno.o)
 .debug_line    0x0000451f      0x257 BSP/\libhal_bsp.a(alt_find_dev.o)
 .debug_line    0x00004776      0x1b9 BSP/\libhal_bsp.a(alt_icache_flush_all.o)
 .debug_line    0x0000492f      0x2b0 BSP/\libhal_bsp.a(alt_io_redirect.o)
 .debug_line    0x00004bdf       0x6b BSP/\libhal_bsp.a(alt_irq_entry.o)
 .debug_line    0x00004c4a      0x23c BSP/\libhal_bsp.a(alt_irq_handler.o)
 .debug_line    0x00004e86      0x2a2 BSP/\libhal_bsp.a(alt_open.o)
 .debug_line    0x00005128       0xe5 BSP/\libhal_bsp.a(alt_release_fd.o)
 .debug_line    0x0000520d      0x1e3 BSP/\libhal_bsp.a(altera_nios2_qsys_irq.o)
 .debug_line    0x000053f0       0xab BSP/\libhal_bsp.a(alt_exception_entry.o)
 .debug_line    0x0000549b      0x268 BSP/\libhal_bsp.a(alt_find_file.o)
 .debug_line    0x00005703      0x273 BSP/\libhal_bsp.a(alt_get_fd.o)
 .debug_line    0x00005976      0x1e5 BSP/\libhal_bsp.a(alt_icache_flush.o)
 .debug_line    0x00005b5b      0x238 c:/altera/13sp1/nios2eds/bin/gnu/h-i686-mingw32/bin/../lib/gcc/nios2-elf/4.1.2/../../../../nios2-elf/lib\libc.a(lib_a-exit.o)
 .debug_line    0x00005d93      0x22d c:/altera/13sp1/nios2eds/bin/gnu/h-i686-mingw32/bin/../lib/gcc/nios2-elf/4.1.2/../../../../nios2-elf/lib\libc.a(lib_a-impure.o)
 .debug_line    0x00005fc0      0x1df c:/altera/13sp1/nios2eds/bin/gnu/h-i686-mingw32/bin/../lib/gcc/nios2-elf/4.1.2/../../../../nios2-elf/lib\libc.a(lib_a-int_errno.o)
 .debug_line    0x0000619f      0x29f c:/altera/13sp1/nios2eds/bin/gnu/h-i686-mingw32/bin/../lib/gcc/nios2-elf/4.1.2/../../../../nios2-elf/lib\libc.a(lib_a-memcmp.o)
 .debug_line    0x0000643e      0x1ac c:/altera/13sp1/nios2eds/bin/gnu/h-i686-mingw32/bin/../lib/gcc/nios2-elf/4.1.2/../../../../nios2-elf/lib\libc.a(lib_a-memcpy.o)
 .debug_line    0x000065ea      0x367 c:/altera/13sp1/nios2eds/bin/gnu/h-i686-mingw32/bin/../lib/gcc/nios2-elf/4.1.2/../../../../nios2-elf/lib\libc.a(lib_a-__call_atexit.o)
 .debug_line    0x00006951      0x1f1 BSP/\libhal_bsp.a(alt_exit.o)

.debug_frame    0x00000000      0x838
 *(.debug_frame)
 .debug_frame   0x00000000       0x48 obj/default//H/SeniorYear/ENGR325/Lab/Lab8/main.o
 .debug_frame   0x00000048       0x70 c:/altera/13sp1/nios2eds/bin/gnu/h-i686-mingw32/bin/../lib/gcc/nios2-elf/4.1.2\libgcc.a(lib2-divmod.o)
 .debug_frame   0x000000b8       0x28 c:/altera/13sp1/nios2eds/bin/gnu/h-i686-mingw32/bin/../lib/gcc/nios2-elf/4.1.2/../../../../nios2-elf/lib\libc.a(lib_a-strcat.o)
 .debug_frame   0x000000e0       0x20 c:/altera/13sp1/nios2eds/bin/gnu/h-i686-mingw32/bin/../lib/gcc/nios2-elf/4.1.2/../../../../nios2-elf/lib\libc.a(lib_a-strcpy.o)
 .debug_frame   0x00000100       0x20 c:/altera/13sp1/nios2eds/bin/gnu/h-i686-mingw32/bin/../lib/gcc/nios2-elf/4.1.2/../../../../nios2-elf/lib\libc.a(lib_a-strlen.o)
 .debug_frame   0x00000120       0x20 BSP/\libhal_bsp.a(alt_irq_register.o)
 .debug_frame   0x00000140       0x28 BSP/\libhal_bsp.a(alt_load.o)
 .debug_frame   0x00000168       0x28 BSP/\libhal_bsp.a(alt_main.o)
 .debug_frame   0x00000190       0x3c BSP/\libhal_bsp.a(alt_tick.o)
 .debug_frame   0x000001cc       0x44 BSP/\libhal_bsp.a(alt_sys_init.o)
 .debug_frame   0x00000210       0x70 BSP/\libhal_bsp.a(altera_avalon_jtag_uart_fd.o)
 .debug_frame   0x00000280       0x58 BSP/\libhal_bsp.a(altera_avalon_jtag_uart_init.o)
 .debug_frame   0x000002d8       0x20 BSP/\libhal_bsp.a(altera_avalon_jtag_uart_ioctl.o)
 .debug_frame   0x000002f8       0x38 BSP/\libhal_bsp.a(altera_avalon_jtag_uart_read.o)
 .debug_frame   0x00000330       0x34 BSP/\libhal_bsp.a(altera_avalon_jtag_uart_write.o)
 .debug_frame   0x00000364       0x40 BSP/\libhal_bsp.a(altera_avalon_timer_sc.o)
 .debug_frame   0x000003a4      0x134 BSP/\libhal_bsp.a(altera_up_avalon_character_lcd.o)
 .debug_frame   0x000004d8       0x28 BSP/\libhal_bsp.a(altera_up_avalon_parallel_port.o)
 .debug_frame   0x00000500       0x20 BSP/\libhal_bsp.a(alt_alarm_start.o)
 .debug_frame   0x00000520       0x2c BSP/\libhal_bsp.a(alt_close.o)
 .debug_frame   0x0000054c       0x20 BSP/\libhal_bsp.a(alt_dcache_flush_all.o)
 .debug_frame   0x0000056c       0x20 BSP/\libhal_bsp.a(alt_dev.o)
 .debug_frame   0x0000058c       0x28 BSP/\libhal_bsp.a(alt_dev_llist_insert.o)
 .debug_frame   0x000005b4       0x30 BSP/\libhal_bsp.a(alt_find_dev.o)
 .debug_frame   0x000005e4       0x28 BSP/\libhal_bsp.a(alt_icache_flush_all.o)
 .debug_frame   0x0000060c       0x48 BSP/\libhal_bsp.a(alt_io_redirect.o)
 .debug_frame   0x00000654       0x28 BSP/\libhal_bsp.a(alt_irq_handler.o)
 .debug_frame   0x0000067c       0x34 BSP/\libhal_bsp.a(alt_open.o)
 .debug_frame   0x000006b0       0x20 BSP/\libhal_bsp.a(alt_release_fd.o)
 .debug_frame   0x000006d0       0x20 BSP/\libhal_bsp.a(altera_nios2_qsys_irq.o)
 .debug_frame   0x000006f0       0x34 BSP/\libhal_bsp.a(alt_find_file.o)
 .debug_frame   0x00000724       0x20 BSP/\libhal_bsp.a(alt_get_fd.o)
 .debug_frame   0x00000744       0x20 BSP/\libhal_bsp.a(alt_icache_flush.o)
 .debug_frame   0x00000764       0x28 c:/altera/13sp1/nios2eds/bin/gnu/h-i686-mingw32/bin/../lib/gcc/nios2-elf/4.1.2/../../../../nios2-elf/lib\libc.a(lib_a-exit.o)
 .debug_frame   0x0000078c       0x20 c:/altera/13sp1/nios2eds/bin/gnu/h-i686-mingw32/bin/../lib/gcc/nios2-elf/4.1.2/../../../../nios2-elf/lib\libc.a(lib_a-memcmp.o)
 .debug_frame   0x000007ac       0x20 c:/altera/13sp1/nios2eds/bin/gnu/h-i686-mingw32/bin/../lib/gcc/nios2-elf/4.1.2/../../../../nios2-elf/lib\libc.a(lib_a-memcpy.o)
 .debug_frame   0x000007cc       0x4c c:/altera/13sp1/nios2eds/bin/gnu/h-i686-mingw32/bin/../lib/gcc/nios2-elf/4.1.2/../../../../nios2-elf/lib\libc.a(lib_a-__call_atexit.o)
 .debug_frame   0x00000818       0x20 BSP/\libhal_bsp.a(alt_exit.o)

.debug_str      0x00000000     0x1880
 *(.debug_str)
 .debug_str     0x00000000      0x265 obj/default//H/SeniorYear/ENGR325/Lab/Lab8/main.o
                                0x2e7 (size before relaxing)
 .debug_str     0x00000265      0x10b c:/altera/13sp1/nios2eds/bin/gnu/h-i686-mingw32/bin/../lib/gcc/nios2-elf/4.1.2\libgcc.a(lib2-divmod.o)
                                0x1b4 (size before relaxing)
 .debug_str     0x00000370       0xd9 c:/altera/13sp1/nios2eds/bin/gnu/h-i686-mingw32/bin/../lib/gcc/nios2-elf/4.1.2/../../../../nios2-elf/lib\libc.a(lib_a-strcat.o)
                                0x16e (size before relaxing)
 .debug_str     0x00000449       0x64 c:/altera/13sp1/nios2eds/bin/gnu/h-i686-mingw32/bin/../lib/gcc/nios2-elf/4.1.2/../../../../nios2-elf/lib\libc.a(lib_a-strcpy.o)
                                0x185 (size before relaxing)
 .debug_str     0x000004ad       0x56 c:/altera/13sp1/nios2eds/bin/gnu/h-i686-mingw32/bin/../lib/gcc/nios2-elf/4.1.2/../../../../nios2-elf/lib\libc.a(lib_a-strlen.o)
                                0x17d (size before relaxing)
 .debug_str     0x00000503       0xd6 BSP/\libhal_bsp.a(alt_irq_register.o)
                                0x1a4 (size before relaxing)
 .debug_str     0x000005d9       0x17 BSP/\libhal_bsp.a(alt_irq_vars.o)
                                 0xeb (size before relaxing)
 .debug_str     0x000005f0       0xe9 BSP/\libhal_bsp.a(alt_load.o)
                                0x1ae (size before relaxing)
 .debug_str     0x000006d9       0x44 BSP/\libhal_bsp.a(alt_main.o)
                                0x162 (size before relaxing)
 .debug_str     0x0000071d       0x7e BSP/\libhal_bsp.a(alt_tick.o)
                                0x20f (size before relaxing)
 .debug_str     0x0000079b      0x158 BSP/\libhal_bsp.a(alt_sys_init.o)
                                0x384 (size before relaxing)
 .debug_str     0x000008f3       0xb9 BSP/\libhal_bsp.a(altera_avalon_jtag_uart_fd.o)
                                0x340 (size before relaxing)
 .debug_str     0x000009ac       0xd1 BSP/\libhal_bsp.a(altera_avalon_jtag_uart_init.o)
                                0x2f5 (size before relaxing)
 .debug_str     0x00000a7d       0x4a BSP/\libhal_bsp.a(altera_avalon_jtag_uart_ioctl.o)
                                0x22f (size before relaxing)
 .debug_str     0x00000ac7       0x48 BSP/\libhal_bsp.a(altera_avalon_jtag_uart_read.o)
                                0x2a5 (size before relaxing)
 .debug_str     0x00000b0f       0x4a BSP/\libhal_bsp.a(altera_avalon_jtag_uart_write.o)
                                0x2a6 (size before relaxing)
 .debug_str     0x00000b59       0x6d BSP/\libhal_bsp.a(altera_avalon_timer_sc.o)
                                0x201 (size before relaxing)
 .debug_str     0x00000bc6      0x1ea BSP/\libhal_bsp.a(altera_up_avalon_character_lcd.o)
                                0x38d (size before relaxing)
 .debug_str     0x00000db0       0x4b BSP/\libhal_bsp.a(altera_up_avalon_parallel_port.o)
                                0x1e9 (size before relaxing)
 .debug_str     0x00000dfb       0x4a BSP/\libhal_bsp.a(alt_alarm_start.o)
                                0x23b (size before relaxing)
 .debug_str     0x00000e45       0x44 BSP/\libhal_bsp.a(alt_close.o)
                                0x1a7 (size before relaxing)
 .debug_str     0x00000e89       0x34 BSP/\libhal_bsp.a(alt_dcache_flush_all.o)
                                 0xf1 (size before relaxing)
 .debug_str     0x00000ebd      0x119 BSP/\libhal_bsp.a(alt_dev.o)
                                0x2a1 (size before relaxing)
 .debug_str     0x00000fd6       0x42 BSP/\libhal_bsp.a(alt_dev_llist_insert.o)
                                0x168 (size before relaxing)
 .debug_str     0x00001018       0x14 BSP/\libhal_bsp.a(alt_errno.o)
                                 0xe1 (size before relaxing)
 .debug_str     0x0000102c       0x24 BSP/\libhal_bsp.a(alt_find_dev.o)
                                0x188 (size before relaxing)
 .debug_str     0x00001050       0x34 BSP/\libhal_bsp.a(alt_icache_flush_all.o)
                                 0xf1 (size before relaxing)
 .debug_str     0x00001084       0x56 BSP/\libhal_bsp.a(alt_io_redirect.o)
                                0x2b2 (size before relaxing)
 .debug_str     0x000010da       0x3a BSP/\libhal_bsp.a(alt_irq_handler.o)
                                0x154 (size before relaxing)
 .debug_str     0x00001114       0x2f BSP/\libhal_bsp.a(alt_open.o)
                                0x1e7 (size before relaxing)
 .debug_str     0x00001143       0x28 BSP/\libhal_bsp.a(alt_release_fd.o)
                                0x184 (size before relaxing)
 .debug_str     0x0000116b       0x3b BSP/\libhal_bsp.a(altera_nios2_qsys_irq.o)
                                0x121 (size before relaxing)
 .debug_str     0x000011a6       0x26 BSP/\libhal_bsp.a(alt_find_file.o)
                                0x196 (size before relaxing)
 .debug_str     0x000011cc       0x30 BSP/\libhal_bsp.a(alt_get_fd.o)
                                0x1b8 (size before relaxing)
 .debug_str     0x000011fc       0x2c BSP/\libhal_bsp.a(alt_icache_flush.o)
                                 0xf7 (size before relaxing)
 .debug_str     0x00001228      0x41c c:/altera/13sp1/nios2eds/bin/gnu/h-i686-mingw32/bin/../lib/gcc/nios2-elf/4.1.2/../../../../nios2-elf/lib\libc.a(lib_a-exit.o)
                                0x50c (size before relaxing)
 .debug_str     0x00001644       0xd1 c:/altera/13sp1/nios2eds/bin/gnu/h-i686-mingw32/bin/../lib/gcc/nios2-elf/4.1.2/../../../../nios2-elf/lib\libc.a(lib_a-impure.o)
                                0x51a (size before relaxing)
 .debug_str     0x00001715       0x3d c:/altera/13sp1/nios2eds/bin/gnu/h-i686-mingw32/bin/../lib/gcc/nios2-elf/4.1.2/../../../../nios2-elf/lib\libc.a(lib_a-int_errno.o)
                                0x163 (size before relaxing)
 .debug_str     0x00001752       0x42 c:/altera/13sp1/nios2eds/bin/gnu/h-i686-mingw32/bin/../lib/gcc/nios2-elf/4.1.2/../../../../nios2-elf/lib\libc.a(lib_a-memcmp.o)
                                0x16a (size before relaxing)
 .debug_str     0x00001794       0x47 c:/altera/13sp1/nios2eds/bin/gnu/h-i686-mingw32/bin/../lib/gcc/nios2-elf/4.1.2/../../../../nios2-elf/lib\libc.a(lib_a-memcpy.o)
                                0x128 (size before relaxing)
 .debug_str     0x000017db       0x7b c:/altera/13sp1/nios2eds/bin/gnu/h-i686-mingw32/bin/../lib/gcc/nios2-elf/4.1.2/../../../../nios2-elf/lib\libc.a(lib_a-__call_atexit.o)
                                0x54e (size before relaxing)
 .debug_str     0x00001856       0x2a BSP/\libhal_bsp.a(alt_exit.o)
                                0x116 (size before relaxing)

.debug_loc      0x00000000     0x1b51
 *(.debug_loc)
 .debug_loc     0x00000000       0xfe obj/default//H/SeniorYear/ENGR325/Lab/Lab8/main.o
 .debug_loc     0x000000fe      0x1d2 c:/altera/13sp1/nios2eds/bin/gnu/h-i686-mingw32/bin/../lib/gcc/nios2-elf/4.1.2\libgcc.a(lib2-divmod.o)
 .debug_loc     0x000002d0       0x8f c:/altera/13sp1/nios2eds/bin/gnu/h-i686-mingw32/bin/../lib/gcc/nios2-elf/4.1.2/../../../../nios2-elf/lib\libc.a(lib_a-strcat.o)
 .debug_loc     0x0000035f       0x8b c:/altera/13sp1/nios2eds/bin/gnu/h-i686-mingw32/bin/../lib/gcc/nios2-elf/4.1.2/../../../../nios2-elf/lib\libc.a(lib_a-strcpy.o)
 .debug_loc     0x000003ea       0x3c c:/altera/13sp1/nios2eds/bin/gnu/h-i686-mingw32/bin/../lib/gcc/nios2-elf/4.1.2/../../../../nios2-elf/lib\libc.a(lib_a-strlen.o)
 .debug_loc     0x00000426       0x78 BSP/\libhal_bsp.a(alt_irq_register.o)
 .debug_loc     0x0000049e       0xeb BSP/\libhal_bsp.a(alt_load.o)
 .debug_loc     0x00000589       0x1f BSP/\libhal_bsp.a(alt_main.o)
 .debug_loc     0x000005a8       0x66 BSP/\libhal_bsp.a(alt_tick.o)
 .debug_loc     0x0000060e       0x51 BSP/\libhal_bsp.a(alt_sys_init.o)
 .debug_loc     0x0000065f      0x15b BSP/\libhal_bsp.a(altera_avalon_jtag_uart_fd.o)
 .debug_loc     0x000007ba      0x10c BSP/\libhal_bsp.a(altera_avalon_jtag_uart_init.o)
 .debug_loc     0x000008c6       0x47 BSP/\libhal_bsp.a(altera_avalon_jtag_uart_ioctl.o)
 .debug_loc     0x0000090d      0x188 BSP/\libhal_bsp.a(altera_avalon_jtag_uart_read.o)
 .debug_loc     0x00000a95      0x1d5 BSP/\libhal_bsp.a(altera_avalon_jtag_uart_write.o)
 .debug_loc     0x00000c6a       0xd9 BSP/\libhal_bsp.a(altera_avalon_timer_sc.o)
 .debug_loc     0x00000d43      0x39a BSP/\libhal_bsp.a(altera_up_avalon_character_lcd.o)
 .debug_loc     0x000010dd       0x32 BSP/\libhal_bsp.a(altera_up_avalon_parallel_port.o)
 .debug_loc     0x0000110f       0x39 BSP/\libhal_bsp.a(alt_alarm_start.o)
 .debug_loc     0x00001148       0x9a BSP/\libhal_bsp.a(alt_close.o)
 .debug_loc     0x000011e2       0x5b BSP/\libhal_bsp.a(alt_dev_llist_insert.o)
 .debug_loc     0x0000123d       0x81 BSP/\libhal_bsp.a(alt_find_dev.o)
 .debug_loc     0x000012be       0x1f BSP/\libhal_bsp.a(alt_icache_flush_all.o)
 .debug_loc     0x000012dd      0x139 BSP/\libhal_bsp.a(alt_io_redirect.o)
 .debug_loc     0x00001416       0x79 BSP/\libhal_bsp.a(alt_irq_handler.o)
 .debug_loc     0x0000148f      0x1fe BSP/\libhal_bsp.a(alt_open.o)
 .debug_loc     0x0000168d       0x84 BSP/\libhal_bsp.a(alt_find_file.o)
 .debug_loc     0x00001711       0x47 BSP/\libhal_bsp.a(alt_get_fd.o)
 .debug_loc     0x00001758       0x13 BSP/\libhal_bsp.a(alt_icache_flush.o)
 .debug_loc     0x0000176b       0x3d c:/altera/13sp1/nios2eds/bin/gnu/h-i686-mingw32/bin/../lib/gcc/nios2-elf/4.1.2/../../../../nios2-elf/lib\libc.a(lib_a-exit.o)
 .debug_loc     0x000017a8      0x114 c:/altera/13sp1/nios2eds/bin/gnu/h-i686-mingw32/bin/../lib/gcc/nios2-elf/4.1.2/../../../../nios2-elf/lib\libc.a(lib_a-memcmp.o)
 .debug_loc     0x000018bc       0xca c:/altera/13sp1/nios2eds/bin/gnu/h-i686-mingw32/bin/../lib/gcc/nios2-elf/4.1.2/../../../../nios2-elf/lib\libc.a(lib_a-memcpy.o)
 .debug_loc     0x00001986      0x1cb c:/altera/13sp1/nios2eds/bin/gnu/h-i686-mingw32/bin/../lib/gcc/nios2-elf/4.1.2/../../../../nios2-elf/lib\libc.a(lib_a-__call_atexit.o)

.debug_macinfo
 *(.debug_macinfo)

.debug_weaknames
 *(.debug_weaknames)

.debug_funcnames
 *(.debug_funcnames)

.debug_typenames
 *(.debug_typenames)

.debug_varnames
 *(.debug_varnames)

.debug_alt_sim_info
                0x00000000       0x20
 *(.debug_alt_sim_info)
 .debug_alt_sim_info
                0x00000000       0x20 BSP//obj/HAL/src/crt0.o
                0x00006000                __alt_data_end = 0x6000
                0x00006000                PROVIDE (__alt_stack_pointer, __alt_data_end)
                0x000050e0                PROVIDE (__alt_stack_limit, __alt_stack_base)
                0x000050e0                PROVIDE (__alt_heap_start, end)
                0x00006000                PROVIDE (__alt_heap_limit, 0x6000)
OUTPUT(H:/SeniorYear/ENGR325/Lab/Lab8/main.elf elf32-littlenios2)

.debug_ranges   0x00000000      0x180
 .debug_ranges  0x00000000       0x20 BSP//obj/HAL/src/crt0.o
 .debug_ranges  0x00000020       0x48 BSP/\libhal_bsp.a(alt_load.o)
 .debug_ranges  0x00000068       0x18 BSP/\libhal_bsp.a(altera_avalon_jtag_uart_read.o)
 .debug_ranges  0x00000080       0x48 BSP/\libhal_bsp.a(altera_avalon_jtag_uart_write.o)
 .debug_ranges  0x000000c8       0x28 BSP/\libhal_bsp.a(alt_irq_entry.o)
 .debug_ranges  0x000000f0       0x18 BSP/\libhal_bsp.a(alt_irq_handler.o)
 .debug_ranges  0x00000108       0x30 BSP/\libhal_bsp.a(alt_open.o)
 .debug_ranges  0x00000138       0x30 BSP/\libhal_bsp.a(alt_exception_entry.o)
 .debug_ranges  0x00000168       0x18 c:/altera/13sp1/nios2eds/bin/gnu/h-i686-mingw32/bin/../lib/gcc/nios2-elf/4.1.2/../../../../nios2-elf/lib\libc.a(lib_a-__call_atexit.o)
