Archive member included because of file (symbol)

BSP/\libhal_bsp.a(alt_load.o)
                              BSP//obj/HAL/src/crt0.o (alt_load)
BSP/\libhal_bsp.a(alt_main.o)
                              BSP//obj/HAL/src/crt0.o (alt_main)
BSP/\libhal_bsp.a(alt_sys_init.o)
                              BSP/\libhal_bsp.a(alt_main.o) (alt_irq_init)
BSP/\libhal_bsp.a(altera_up_avalon_character_lcd.o)
                              obj/default//H/SeniorYear/ENGR325/Lab/Lab1/Lab1SW/lab3.o (alt_up_character_lcd_string)
BSP/\libhal_bsp.a(altera_up_avalon_rs232.o)
                              obj/default//H/SeniorYear/ENGR325/Lab/Lab1/Lab1SW/lab3.o (alt_up_rs232_open_dev)
BSP/\libhal_bsp.a(alt_close.o)
                              BSP/\libhal_bsp.a(alt_main.o) (close)
BSP/\libhal_bsp.a(alt_dcache_flush_all.o)
                              BSP/\libhal_bsp.a(alt_load.o) (alt_dcache_flush_all)
BSP/\libhal_bsp.a(alt_dev.o)  BSP/\libhal_bsp.a(alt_sys_init.o) (alt_dev_list)
BSP/\libhal_bsp.a(alt_dev_llist_insert.o)
                              BSP/\libhal_bsp.a(alt_sys_init.o) (alt_dev_llist_insert)
BSP/\libhal_bsp.a(alt_errno.o)
                              BSP/\libhal_bsp.a(alt_close.o) (alt_errno)
BSP/\libhal_bsp.a(alt_find_dev.o)
                              BSP/\libhal_bsp.a(altera_up_avalon_character_lcd.o) (alt_find_dev)
BSP/\libhal_bsp.a(alt_icache_flush_all.o)
                              BSP/\libhal_bsp.a(alt_load.o) (alt_icache_flush_all)
BSP/\libhal_bsp.a(alt_release_fd.o)
                              BSP/\libhal_bsp.a(alt_close.o) (alt_release_fd)
BSP/\libhal_bsp.a(altera_nios2_qsys_irq.o)
                              BSP/\libhal_bsp.a(alt_sys_init.o) (altera_nios2_qsys_irq_init)
BSP/\libhal_bsp.a(alt_icache_flush.o)
                              BSP/\libhal_bsp.a(alt_icache_flush_all.o) (alt_icache_flush)
c:/altera/13sp1/nios2eds/bin/gnu/h-i686-mingw32/bin/../lib/gcc/nios2-elf/4.1.2/../../../../nios2-elf/lib\libc.a(lib_a-exit.o)
                              BSP/\libhal_bsp.a(alt_main.o) (exit)
c:/altera/13sp1/nios2eds/bin/gnu/h-i686-mingw32/bin/../lib/gcc/nios2-elf/4.1.2/../../../../nios2-elf/lib\libc.a(lib_a-impure.o)
                              c:/altera/13sp1/nios2eds/bin/gnu/h-i686-mingw32/bin/../lib/gcc/nios2-elf/4.1.2/../../../../nios2-elf/lib\libc.a(lib_a-exit.o) (_global_impure_ptr)
c:/altera/13sp1/nios2eds/bin/gnu/h-i686-mingw32/bin/../lib/gcc/nios2-elf/4.1.2/../../../../nios2-elf/lib\libc.a(lib_a-int_errno.o)
                              BSP/\libhal_bsp.a(alt_close.o) (errno)
c:/altera/13sp1/nios2eds/bin/gnu/h-i686-mingw32/bin/../lib/gcc/nios2-elf/4.1.2/../../../../nios2-elf/lib\libc.a(lib_a-memcmp.o)
                              BSP/\libhal_bsp.a(alt_find_dev.o) (memcmp)
c:/altera/13sp1/nios2eds/bin/gnu/h-i686-mingw32/bin/../lib/gcc/nios2-elf/4.1.2/../../../../nios2-elf/lib\libc.a(lib_a-strlen.o)
                              BSP/\libhal_bsp.a(alt_find_dev.o) (strlen)
c:/altera/13sp1/nios2eds/bin/gnu/h-i686-mingw32/bin/../lib/gcc/nios2-elf/4.1.2/../../../../nios2-elf/lib\libc.a(lib_a-__call_atexit.o)
                              c:/altera/13sp1/nios2eds/bin/gnu/h-i686-mingw32/bin/../lib/gcc/nios2-elf/4.1.2/../../../../nios2-elf/lib\libc.a(lib_a-exit.o) (__call_exitprocs)
BSP/\libhal_bsp.a(alt_exit.o)
                              c:/altera/13sp1/nios2eds/bin/gnu/h-i686-mingw32/bin/../lib/gcc/nios2-elf/4.1.2/../../../../nios2-elf/lib\libc.a(lib_a-exit.o) (_exit)

Allocating common symbols
Common symbol       size              file

errno               0x4               c:/altera/13sp1/nios2eds/bin/gnu/h-i686-mingw32/bin/../lib/gcc/nios2-elf/4.1.2/../../../../nios2-elf/lib\libc.a(lib_a-int_errno.o)

Memory Configuration

Name             Origin             Length             Attributes
reset            0x00000000         0x00000020
RAM              0x00000020         0x00005fe0
*default*        0x00000000         0xffffffff

Linker script and memory map

LOAD BSP//obj/HAL/src/crt0.o
LOAD obj/default//H/SeniorYear/ENGR325/Lab/Lab1/Lab1SW/lab3.o
LOAD c:/altera/13sp1/nios2eds/bin/gnu/h-i686-mingw32/bin/../lib/gcc/nios2-elf/4.1.2/../../../../nios2-elf/lib\libstdc++.a
LOAD c:/altera/13sp1/nios2eds/bin/gnu/h-i686-mingw32/bin/../lib/gcc/nios2-elf/4.1.2/../../../../nios2-elf/lib\libm.a
LOAD c:/altera/13sp1/nios2eds/bin/gnu/h-i686-mingw32/bin/../lib/gcc/nios2-elf/4.1.2\libgcc.a
START GROUP
LOAD c:/altera/13sp1/nios2eds/bin/gnu/h-i686-mingw32/bin/../lib/gcc/nios2-elf/4.1.2/../../../../nios2-elf/lib\libc.a
LOAD c:/altera/13sp1/nios2eds/bin/gnu/h-i686-mingw32/bin/../lib/gcc/nios2-elf/4.1.2\libgcc.a
LOAD BSP/\libhal_bsp.a
END GROUP
LOAD c:/altera/13sp1/nios2eds/bin/gnu/h-i686-mingw32/bin/../lib/gcc/nios2-elf/4.1.2\libgcc.a
                0x00000000                __alt_mem_RAM = 0x0

.entry          0x00000000       0x20
 *(.entry)
 .entry         0x00000000       0x20 BSP//obj/HAL/src/crt0.o
                0x00000000                __reset

.exceptions     0x00000020        0x0
                0x00000020                PROVIDE (__ram_exceptions_start, ABSOLUTE (.))
                0x00000020                . = ALIGN (0x20)
 *(.irq)
 *(.exceptions.entry.label)
 *(.exceptions.entry.user)
 *(.exceptions.entry)
 *(.exceptions.irqtest.user)
 *(.exceptions.irqtest)
 *(.exceptions.irqhandler.user)
 *(.exceptions.irqhandler)
 *(.exceptions.irqreturn.user)
 *(.exceptions.irqreturn)
 *(.exceptions.notirq.label)
 *(.exceptions.notirq.user)
 *(.exceptions.notirq)
 *(.exceptions.soft.user)
 *(.exceptions.soft)
 *(.exceptions.unknown.user)
 *(.exceptions.unknown)
 *(.exceptions.exit.label)
 *(.exceptions.exit.user)
 *(.exceptions.exit)
 *(.exceptions)
                0x00000020                PROVIDE (__ram_exceptions_end, ABSOLUTE (.))
                0x00000020                PROVIDE (__flash_exceptions_start, LOADADDR (.exceptions))

.text           0x00000020      0xc20
                0x00000020                PROVIDE (stext, ABSOLUTE (.))
 *(.interp)
 *(.hash)
 *(.dynsym)
 *(.dynstr)
 *(.gnu.version)
 *(.gnu.version_d)
 *(.gnu.version_r)
 *(.rel.init)
 *(.rela.init)
 *(.rel.text .rel.text.* .rel.gnu.linkonce.t.*)
 *(.rela.text .rela.text.* .rela.gnu.linkonce.t.*)
 *(.rel.fini)
 *(.rela.fini)
 *(.rel.rodata .rel.rodata.* .rel.gnu.linkonce.r.*)
 *(.rela.rodata .rela.rodata.* .rela.gnu.linkonce.r.*)
 *(.rel.data .rel.data.* .rel.gnu.linkonce.d.*)
 *(.rela.data .rela.data.* .rela.gnu.linkonce.d.*)
 *(.rel.tdata .rel.tdata.* .rel.gnu.linkonce.td.*)
 *(.rela.tdata .rela.tdata.* .rela.gnu.linkonce.td.*)
 *(.rel.tbss .rel.tbss.* .rel.gnu.linkonce.tb.*)
 *(.rela.tbss .rela.tbss.* .rela.gnu.linkonce.tb.*)
 *(.rel.ctors)
 *(.rela.ctors)
 *(.rel.dtors)
 *(.rela.dtors)
 *(.rel.got)
 *(.rela.got)
 *(.rel.sdata .rel.sdata.* .rel.gnu.linkonce.s.*)
 *(.rela.sdata .rela.sdata.* .rela.gnu.linkonce.s.*)
 *(.rel.sbss .rel.sbss.* .rel.gnu.linkonce.sb.*)
 *(.rela.sbss .rela.sbss.* .rela.gnu.linkonce.sb.*)
 *(.rel.sdata2 .rel.sdata2.* .rel.gnu.linkonce.s2.*)
 *(.rela.sdata2 .rela.sdata2.* .rela.gnu.linkonce.s2.*)
 *(.rel.sbss2 .rel.sbss2.* .rel.gnu.linkonce.sb2.*)
 *(.rela.sbss2 .rela.sbss2.* .rela.gnu.linkonce.sb2.*)
 *(.rel.bss .rel.bss.* .rel.gnu.linkonce.b.*)
 *(.rela.bss .rela.bss.* .rela.gnu.linkonce.b.*)
 *(.rel.plt)
 *(.rela.plt)
 *(.rel.dyn)
 *(.init)
 *(.plt)
 *(.text .stub .text.* .gnu.linkonce.t.*)
 .text          0x00000020       0x3c BSP//obj/HAL/src/crt0.o
                0x00000020                _start
 .text          0x0000005c       0x50 obj/default//H/SeniorYear/ENGR325/Lab/Lab1/Lab1SW/lab3.o
                0x0000005c                main
 .text          0x000000ac       0xc4 BSP/\libhal_bsp.a(alt_load.o)
                0x000000ac                alt_load
 .text          0x00000170       0x3c BSP/\libhal_bsp.a(alt_main.o)
                0x00000170                alt_main
 .text          0x000001ac       0x78 BSP/\libhal_bsp.a(alt_sys_init.o)
                0x000001ac                alt_irq_init
                0x000001cc                alt_sys_init
 .text          0x00000224      0x30c BSP/\libhal_bsp.a(altera_up_avalon_character_lcd.o)
                0x00000224                get_DDRAM_addr
                0x00000240                alt_up_character_lcd_string
                0x0000028c                alt_up_character_lcd_write
                0x000002b8                alt_up_character_lcd_write_fd
                0x000002d8                alt_up_character_lcd_init
                0x000002e8                alt_up_character_lcd_send_cmd
                0x000002f8                alt_up_character_lcd_cursor_blink_on
                0x00000314                alt_up_character_lcd_cursor_off
                0x00000330                alt_up_character_lcd_erase_pos
                0x0000039c                alt_up_character_lcd_shift_display
                0x0000042c                alt_up_character_lcd_shift_cursor
                0x000004bc                alt_up_character_lcd_set_cursor_pos
                0x00000510                alt_up_character_lcd_open_dev
 .text          0x00000530      0x1d4 BSP/\libhal_bsp.a(altera_up_avalon_rs232.o)
                0x00000530                alt_up_rs232_check_parity
                0x0000053c                alt_up_rs232_open_dev
                0x0000055c                alt_up_rs232_read_data
                0x000005a8                alt_up_rs232_read_fd
                0x00000628                alt_up_rs232_get_available_space_in_write_FIFO
                0x00000638                alt_up_rs232_write_data
                0x00000650                alt_up_rs232_write_fd
                0x000006c0                alt_up_rs232_disable_read_interrupt
                0x000006dc                alt_up_rs232_enable_read_interrupt
                0x000006f4                alt_up_rs232_get_used_space_in_read_FIFO
 .text          0x00000704       0xdc BSP/\libhal_bsp.a(alt_close.o)
                0x00000704                close
 .text          0x000007e0        0x4 BSP/\libhal_bsp.a(alt_dcache_flush_all.o)
                0x000007e0                alt_dcache_flush_all
 .text          0x000007e4        0x8 BSP/\libhal_bsp.a(alt_dev.o)
 .text          0x000007ec       0x70 BSP/\libhal_bsp.a(alt_dev_llist_insert.o)
                0x000007ec                alt_dev_llist_insert
 .text          0x0000085c        0x0 BSP/\libhal_bsp.a(alt_errno.o)
 .text          0x0000085c       0x70 BSP/\libhal_bsp.a(alt_find_dev.o)
                0x0000085c                alt_find_dev
 .text          0x000008cc       0x20 BSP/\libhal_bsp.a(alt_icache_flush_all.o)
                0x000008cc                alt_icache_flush_all
 .text          0x000008ec       0x24 BSP/\libhal_bsp.a(alt_release_fd.o)
                0x000008ec                alt_release_fd
 .text          0x00000910        0x8 BSP/\libhal_bsp.a(altera_nios2_qsys_irq.o)
                0x00000910                altera_nios2_qsys_irq_init
 .text          0x00000918       0x3c BSP/\libhal_bsp.a(alt_icache_flush.o)
                0x00000918                alt_icache_flush
 .text          0x00000954       0x38 c:/altera/13sp1/nios2eds/bin/gnu/h-i686-mingw32/bin/../lib/gcc/nios2-elf/4.1.2/../../../../nios2-elf/lib\libc.a(lib_a-exit.o)
                0x00000954                exit
 .text          0x0000098c        0x0 c:/altera/13sp1/nios2eds/bin/gnu/h-i686-mingw32/bin/../lib/gcc/nios2-elf/4.1.2/../../../../nios2-elf/lib\libc.a(lib_a-impure.o)
 .text          0x0000098c        0x0 c:/altera/13sp1/nios2eds/bin/gnu/h-i686-mingw32/bin/../lib/gcc/nios2-elf/4.1.2/../../../../nios2-elf/lib\libc.a(lib_a-int_errno.o)
 .text          0x0000098c       0x74 c:/altera/13sp1/nios2eds/bin/gnu/h-i686-mingw32/bin/../lib/gcc/nios2-elf/4.1.2/../../../../nios2-elf/lib\libc.a(lib_a-memcmp.o)
                0x0000098c                memcmp
 .text          0x00000a00       0x74 c:/altera/13sp1/nios2eds/bin/gnu/h-i686-mingw32/bin/../lib/gcc/nios2-elf/4.1.2/../../../../nios2-elf/lib\libc.a(lib_a-strlen.o)
                0x00000a00                strlen
 .text          0x00000a74      0x1b4 c:/altera/13sp1/nios2eds/bin/gnu/h-i686-mingw32/bin/../lib/gcc/nios2-elf/4.1.2/../../../../nios2-elf/lib\libc.a(lib_a-__call_atexit.o)
                0x00000a78                __call_exitprocs
 .text          0x00000c28       0x14 BSP/\libhal_bsp.a(alt_exit.o)
                0x00000c28                _exit
 *(.gnu.warning.*)
 *(.fini)
                0x00000c3c                PROVIDE (__etext, ABSOLUTE (.))
                0x00000c3c                PROVIDE (_etext, ABSOLUTE (.))
                0x00000c3c                PROVIDE (etext, ABSOLUTE (.))
 *(.eh_frame_hdr)
                0x00000c3c                . = ALIGN (0x4)
                0x00000c3c                PROVIDE (__preinit_array_start, ABSOLUTE (.))
 *(.preinit_array)
                0x00000c3c                PROVIDE (__preinit_array_end, ABSOLUTE (.))
                0x00000c3c                PROVIDE (__init_array_start, ABSOLUTE (.))
 *(.init_array)
                0x00000c3c                PROVIDE (__init_array_end, ABSOLUTE (.))
                0x00000c3c                PROVIDE (__fini_array_start, ABSOLUTE (.))
 *(.fini_array)
                0x00000c3c                PROVIDE (__fini_array_end, ABSOLUTE (.))
 *(.eh_frame)
 *(.gcc_except_table)
 *(.dynamic)
                0x00000c3c                PROVIDE (__CTOR_LIST__, ABSOLUTE (.))
 *(.ctors)
 *(SORT(.ctors.*))
 .ctors.65535   0x00000c3c        0x4 c:/altera/13sp1/nios2eds/bin/gnu/h-i686-mingw32/bin/../lib/gcc/nios2-elf/4.1.2/../../../../nios2-elf/lib\libc.a(lib_a-__call_atexit.o)
                0x00000c40                PROVIDE (__CTOR_END__, ABSOLUTE (.))
                0x00000c40                PROVIDE (__DTOR_LIST__, ABSOLUTE (.))
 *(.dtors)
 *(SORT(.dtors.*))
                0x00000c40                PROVIDE (__DTOR_END__, ABSOLUTE (.))
 *(.jcr)
                0x00000c40                . = ALIGN (0x4)

.rodata         0x00000c40       0x30
                0x00000c40                PROVIDE (__ram_rodata_start, ABSOLUTE (.))
                0x00000c40                . = ALIGN (0x4)
 *(.rodata .rodata.* .gnu.linkonce.r.*)
 .rodata.str1.4
                0x00000c40       0x1e obj/default//H/SeniorYear/ENGR325/Lab/Lab1/Lab1SW/lab3.o
                                 0x20 (size before relaxing)
 .rodata.str1.4
                0x00000000       0x18 BSP/\libhal_bsp.a(alt_sys_init.o)
 *fill*         0x00000c5e        0x2 00
 .rodata.str1.4
                0x00000c60        0xa BSP/\libhal_bsp.a(alt_dev.o)
                                  0xc (size before relaxing)
 *fill*         0x00000c6a        0x2 00
 .rodata.str1.4
                0x00000c6c        0x4 c:/altera/13sp1/nios2eds/bin/gnu/h-i686-mingw32/bin/../lib/gcc/nios2-elf/4.1.2/../../../../nios2-elf/lib\libc.a(lib_a-impure.o)
 *(.rodata1)
                0x00000c70                . = ALIGN (0x4)
                0x00000c70                PROVIDE (__ram_rodata_end, ABSOLUTE (.))
                0x00000c40                PROVIDE (__flash_rodata_start, LOADADDR (.rodata))

.rwdata         0x00000c70      0x620 load address 0x00001290
                0x00000c70                PROVIDE (__ram_rwdata_start, ABSOLUTE (.))
                0x00000c70                . = ALIGN (0x4)
 *(.got.plt)
 *(.got)
 *(.data1)
 *(.data .data.* .gnu.linkonce.d.*)
 .data          0x00000c70        0x0 BSP//obj/HAL/src/crt0.o
 .data          0x00000c70        0x0 obj/default//H/SeniorYear/ENGR325/Lab/Lab1/Lab1SW/lab3.o
 .data          0x00000c70        0x0 BSP/\libhal_bsp.a(alt_load.o)
 .data          0x00000c70        0x0 BSP/\libhal_bsp.a(alt_main.o)
 .data          0x00000c70       0x58 BSP/\libhal_bsp.a(alt_sys_init.o)
 .data          0x00000cc8        0x0 BSP/\libhal_bsp.a(altera_up_avalon_character_lcd.o)
 .data          0x00000cc8        0x0 BSP/\libhal_bsp.a(altera_up_avalon_rs232.o)
 .data          0x00000cc8        0x0 BSP/\libhal_bsp.a(alt_close.o)
 .data          0x00000cc8        0x0 BSP/\libhal_bsp.a(alt_dcache_flush_all.o)
 .data          0x00000cc8      0x1a8 BSP/\libhal_bsp.a(alt_dev.o)
                0x00000cc8                alt_dev_null
                0x00000cf0                alt_fd_list
 .data          0x00000e70        0x0 BSP/\libhal_bsp.a(alt_dev_llist_insert.o)
 .data          0x00000e70        0x0 BSP/\libhal_bsp.a(alt_errno.o)
 .data          0x00000e70        0x0 BSP/\libhal_bsp.a(alt_find_dev.o)
 .data          0x00000e70        0x0 BSP/\libhal_bsp.a(alt_icache_flush_all.o)
 .data          0x00000e70        0x0 BSP/\libhal_bsp.a(alt_release_fd.o)
 .data          0x00000e70        0x0 BSP/\libhal_bsp.a(altera_nios2_qsys_irq.o)
 .data          0x00000e70        0x0 BSP/\libhal_bsp.a(alt_icache_flush.o)
 .data          0x00000e70        0x0 c:/altera/13sp1/nios2eds/bin/gnu/h-i686-mingw32/bin/../lib/gcc/nios2-elf/4.1.2/../../../../nios2-elf/lib\libc.a(lib_a-exit.o)
 .data          0x00000e70      0x400 c:/altera/13sp1/nios2eds/bin/gnu/h-i686-mingw32/bin/../lib/gcc/nios2-elf/4.1.2/../../../../nios2-elf/lib\libc.a(lib_a-impure.o)
 .data          0x00001270        0x0 c:/altera/13sp1/nios2eds/bin/gnu/h-i686-mingw32/bin/../lib/gcc/nios2-elf/4.1.2/../../../../nios2-elf/lib\libc.a(lib_a-int_errno.o)
 .data          0x00001270        0x0 c:/altera/13sp1/nios2eds/bin/gnu/h-i686-mingw32/bin/../lib/gcc/nios2-elf/4.1.2/../../../../nios2-elf/lib\libc.a(lib_a-memcmp.o)
 .data          0x00001270        0x0 c:/altera/13sp1/nios2eds/bin/gnu/h-i686-mingw32/bin/../lib/gcc/nios2-elf/4.1.2/../../../../nios2-elf/lib\libc.a(lib_a-strlen.o)
 .data          0x00001270        0x0 c:/altera/13sp1/nios2eds/bin/gnu/h-i686-mingw32/bin/../lib/gcc/nios2-elf/4.1.2/../../../../nios2-elf/lib\libc.a(lib_a-__call_atexit.o)
 .data          0x00001270        0x0 BSP/\libhal_bsp.a(alt_exit.o)
                0x00009270                _gp = ABSOLUTE ((. + 0x8000))
                0x00009270                PROVIDE (gp, _gp)
 *(.rwdata .rwdata.*)
 *(.sdata .sdata.* .gnu.linkonce.s.*)
 .sdata         0x00001270       0x14 BSP/\libhal_bsp.a(alt_dev.o)
                0x00001270                alt_fs_list
                0x00001278                alt_dev_list
                0x00001280                alt_max_fd
 .sdata         0x00001284        0x4 BSP/\libhal_bsp.a(alt_errno.o)
                0x00001284                alt_errno
 .sdata         0x00001288        0x8 c:/altera/13sp1/nios2eds/bin/gnu/h-i686-mingw32/bin/../lib/gcc/nios2-elf/4.1.2/../../../../nios2-elf/lib\libc.a(lib_a-impure.o)
                0x00001288                _impure_ptr
                0x0000128c                _global_impure_ptr
 *(.sdata2 .sdata2.* .gnu.linkonce.s2.*)
                0x00001290                . = ALIGN (0x4)
                0x00001290                _edata = ABSOLUTE (.)
                0x00001290                PROVIDE (edata, ABSOLUTE (.))
                0x00001290                PROVIDE (__ram_rwdata_end, ABSOLUTE (.))
                0x00001290                PROVIDE (__flash_rwdata_start, LOADADDR (.rwdata))

.bss            0x000018b0       0x10
                0x000018b0                __bss_start = ABSOLUTE (.)
                0x000018b0                PROVIDE (__sbss_start, ABSOLUTE (.))
                0x000018b0                PROVIDE (___sbss_start, ABSOLUTE (.))
 *(.dynsbss)
 *(.sbss .sbss.* .gnu.linkonce.sb.*)
 .sbss          0x000018b0        0xc BSP/\libhal_bsp.a(alt_main.o)
                0x000018b0                alt_argc
                0x000018b4                alt_argv
                0x000018b8                alt_envp
 .sbss          0x000018bc        0x4 c:/altera/13sp1/nios2eds/bin/gnu/h-i686-mingw32/bin/../lib/gcc/nios2-elf/4.1.2/../../../../nios2-elf/lib\libc.a(lib_a-int_errno.o)
                0x000018bc                errno
 *(.sbss2 .sbss2.* .gnu.linkonce.sb2.*)
 *(.scommon)
                0x000018c0                PROVIDE (__sbss_end, ABSOLUTE (.))
                0x000018c0                PROVIDE (___sbss_end, ABSOLUTE (.))
 *(.dynbss)
 *(.bss .bss.* .gnu.linkonce.b.*)
 .bss           0x000018c0        0x0 BSP//obj/HAL/src/crt0.o
 .bss           0x000018c0        0x0 obj/default//H/SeniorYear/ENGR325/Lab/Lab1/Lab1SW/lab3.o
 .bss           0x000018c0        0x0 BSP/\libhal_bsp.a(alt_load.o)
 .bss           0x000018c0        0x0 BSP/\libhal_bsp.a(alt_main.o)
 .bss           0x000018c0        0x0 BSP/\libhal_bsp.a(alt_sys_init.o)
 .bss           0x000018c0        0x0 BSP/\libhal_bsp.a(altera_up_avalon_character_lcd.o)
 .bss           0x000018c0        0x0 BSP/\libhal_bsp.a(altera_up_avalon_rs232.o)
 .bss           0x000018c0        0x0 BSP/\libhal_bsp.a(alt_close.o)
 .bss           0x000018c0        0x0 BSP/\libhal_bsp.a(alt_dcache_flush_all.o)
 .bss           0x000018c0        0x0 BSP/\libhal_bsp.a(alt_dev.o)
 .bss           0x000018c0        0x0 BSP/\libhal_bsp.a(alt_dev_llist_insert.o)
 .bss           0x000018c0        0x0 BSP/\libhal_bsp.a(alt_errno.o)
 .bss           0x000018c0        0x0 BSP/\libhal_bsp.a(alt_find_dev.o)
 .bss           0x000018c0        0x0 BSP/\libhal_bsp.a(alt_icache_flush_all.o)
 .bss           0x000018c0        0x0 BSP/\libhal_bsp.a(alt_release_fd.o)
 .bss           0x000018c0        0x0 BSP/\libhal_bsp.a(altera_nios2_qsys_irq.o)
 .bss           0x000018c0        0x0 BSP/\libhal_bsp.a(alt_icache_flush.o)
 .bss           0x000018c0        0x0 c:/altera/13sp1/nios2eds/bin/gnu/h-i686-mingw32/bin/../lib/gcc/nios2-elf/4.1.2/../../../../nios2-elf/lib\libc.a(lib_a-exit.o)
 .bss           0x000018c0        0x0 c:/altera/13sp1/nios2eds/bin/gnu/h-i686-mingw32/bin/../lib/gcc/nios2-elf/4.1.2/../../../../nios2-elf/lib\libc.a(lib_a-impure.o)
 .bss           0x000018c0        0x0 c:/altera/13sp1/nios2eds/bin/gnu/h-i686-mingw32/bin/../lib/gcc/nios2-elf/4.1.2/../../../../nios2-elf/lib\libc.a(lib_a-int_errno.o)
 .bss           0x000018c0        0x0 c:/altera/13sp1/nios2eds/bin/gnu/h-i686-mingw32/bin/../lib/gcc/nios2-elf/4.1.2/../../../../nios2-elf/lib\libc.a(lib_a-memcmp.o)
 .bss           0x000018c0        0x0 c:/altera/13sp1/nios2eds/bin/gnu/h-i686-mingw32/bin/../lib/gcc/nios2-elf/4.1.2/../../../../nios2-elf/lib\libc.a(lib_a-strlen.o)
 .bss           0x000018c0        0x0 c:/altera/13sp1/nios2eds/bin/gnu/h-i686-mingw32/bin/../lib/gcc/nios2-elf/4.1.2/../../../../nios2-elf/lib\libc.a(lib_a-__call_atexit.o)
 .bss           0x000018c0        0x0 BSP/\libhal_bsp.a(alt_exit.o)
 *(COMMON)
                0x000018c0                . = ALIGN (0x4)
                0x000018c0                __bss_end = ABSOLUTE (.)

.RAM            0x000018c0        0x0
                0x000018c0                PROVIDE (_alt_partition_RAM_start, ABSOLUTE (.))
 *(.RAM. RAM.*)
                0x000018c0                . = ALIGN (0x4)
                0x000018c0                PROVIDE (_alt_partition_RAM_end, ABSOLUTE (.))
                0x000018c0                _end = ABSOLUTE (.)
                0x000018c0                end = ABSOLUTE (.)
                0x000018c0                __alt_stack_base = ABSOLUTE (.)
                0x000018c0                PROVIDE (_alt_partition_RAM_load_addr, LOADADDR (.RAM))

.stab
 *(.stab)

.stabstr
 *(.stabstr)

.stab.excl
 *(.stab.excl)

.stab.exclstr
 *(.stab.exclstr)

.stab.index
 *(.stab.index)

.stab.indexstr
 *(.stab.indexstr)

.comment        0x00000000       0x26
 *(.comment)
 .comment       0x00000000       0x26 obj/default//H/SeniorYear/ENGR325/Lab/Lab1/Lab1SW/lab3.o
                                 0x27 (size before relaxing)
 .comment       0x00000000       0x27 BSP/\libhal_bsp.a(alt_load.o)
 .comment       0x00000000       0x27 BSP/\libhal_bsp.a(alt_main.o)
 .comment       0x00000000       0x27 BSP/\libhal_bsp.a(alt_sys_init.o)
 .comment       0x00000000       0x27 BSP/\libhal_bsp.a(altera_up_avalon_character_lcd.o)
 .comment       0x00000000       0x27 BSP/\libhal_bsp.a(altera_up_avalon_rs232.o)
 .comment       0x00000000       0x27 BSP/\libhal_bsp.a(alt_close.o)
 .comment       0x00000000       0x27 BSP/\libhal_bsp.a(alt_dcache_flush_all.o)
 .comment       0x00000000       0x27 BSP/\libhal_bsp.a(alt_dev.o)
 .comment       0x00000000       0x27 BSP/\libhal_bsp.a(alt_dev_llist_insert.o)
 .comment       0x00000000       0x27 BSP/\libhal_bsp.a(alt_errno.o)
 .comment       0x00000000       0x27 BSP/\libhal_bsp.a(alt_find_dev.o)
 .comment       0x00000000       0x27 BSP/\libhal_bsp.a(alt_icache_flush_all.o)
 .comment       0x00000000       0x27 BSP/\libhal_bsp.a(alt_release_fd.o)
 .comment       0x00000000       0x27 BSP/\libhal_bsp.a(altera_nios2_qsys_irq.o)
 .comment       0x00000000       0x27 BSP/\libhal_bsp.a(alt_icache_flush.o)
 .comment       0x00000000       0x27 c:/altera/13sp1/nios2eds/bin/gnu/h-i686-mingw32/bin/../lib/gcc/nios2-elf/4.1.2/../../../../nios2-elf/lib\libc.a(lib_a-exit.o)
 .comment       0x00000000       0x27 c:/altera/13sp1/nios2eds/bin/gnu/h-i686-mingw32/bin/../lib/gcc/nios2-elf/4.1.2/../../../../nios2-elf/lib\libc.a(lib_a-impure.o)
 .comment       0x00000000       0x27 c:/altera/13sp1/nios2eds/bin/gnu/h-i686-mingw32/bin/../lib/gcc/nios2-elf/4.1.2/../../../../nios2-elf/lib\libc.a(lib_a-int_errno.o)
 .comment       0x00000000       0x27 c:/altera/13sp1/nios2eds/bin/gnu/h-i686-mingw32/bin/../lib/gcc/nios2-elf/4.1.2/../../../../nios2-elf/lib\libc.a(lib_a-memcmp.o)
 .comment       0x00000000       0x27 c:/altera/13sp1/nios2eds/bin/gnu/h-i686-mingw32/bin/../lib/gcc/nios2-elf/4.1.2/../../../../nios2-elf/lib\libc.a(lib_a-strlen.o)
 .comment       0x00000000       0x27 c:/altera/13sp1/nios2eds/bin/gnu/h-i686-mingw32/bin/../lib/gcc/nios2-elf/4.1.2/../../../../nios2-elf/lib\libc.a(lib_a-__call_atexit.o)
 .comment       0x00000000       0x27 BSP/\libhal_bsp.a(alt_exit.o)

.debug
 *(.debug)

.line
 *(.line)

.debug_srcinfo
 *(.debug_srcinfo)

.debug_sfnames
 *(.debug_sfnames)

.debug_aranges  0x00000000      0x2a8
 *(.debug_aranges)
 .debug_aranges
                0x00000000       0x28 BSP//obj/HAL/src/crt0.o
 .debug_aranges
                0x00000028       0x20 obj/default//H/SeniorYear/ENGR325/Lab/Lab1/Lab1SW/lab3.o
 .debug_aranges
                0x00000048       0x20 BSP/\libhal_bsp.a(alt_load.o)
 .debug_aranges
                0x00000068       0x20 BSP/\libhal_bsp.a(alt_main.o)
 .debug_aranges
                0x00000088       0x20 BSP/\libhal_bsp.a(alt_sys_init.o)
 .debug_aranges
                0x000000a8       0x20 BSP/\libhal_bsp.a(altera_up_avalon_character_lcd.o)
 .debug_aranges
                0x000000c8       0x20 BSP/\libhal_bsp.a(altera_up_avalon_rs232.o)
 .debug_aranges
                0x000000e8       0x20 BSP/\libhal_bsp.a(alt_close.o)
 .debug_aranges
                0x00000108       0x20 BSP/\libhal_bsp.a(alt_dcache_flush_all.o)
 .debug_aranges
                0x00000128       0x20 BSP/\libhal_bsp.a(alt_dev.o)
 .debug_aranges
                0x00000148       0x20 BSP/\libhal_bsp.a(alt_dev_llist_insert.o)
 .debug_aranges
                0x00000168       0x20 BSP/\libhal_bsp.a(alt_find_dev.o)
 .debug_aranges
                0x00000188       0x20 BSP/\libhal_bsp.a(alt_icache_flush_all.o)
 .debug_aranges
                0x000001a8       0x20 BSP/\libhal_bsp.a(alt_release_fd.o)
 .debug_aranges
                0x000001c8       0x20 BSP/\libhal_bsp.a(altera_nios2_qsys_irq.o)
 .debug_aranges
                0x000001e8       0x20 BSP/\libhal_bsp.a(alt_icache_flush.o)
 .debug_aranges
                0x00000208       0x20 c:/altera/13sp1/nios2eds/bin/gnu/h-i686-mingw32/bin/../lib/gcc/nios2-elf/4.1.2/../../../../nios2-elf/lib\libc.a(lib_a-exit.o)
 .debug_aranges
                0x00000228       0x20 c:/altera/13sp1/nios2eds/bin/gnu/h-i686-mingw32/bin/../lib/gcc/nios2-elf/4.1.2/../../../../nios2-elf/lib\libc.a(lib_a-memcmp.o)
 .debug_aranges
                0x00000248       0x20 c:/altera/13sp1/nios2eds/bin/gnu/h-i686-mingw32/bin/../lib/gcc/nios2-elf/4.1.2/../../../../nios2-elf/lib\libc.a(lib_a-strlen.o)
 .debug_aranges
                0x00000268       0x20 c:/altera/13sp1/nios2eds/bin/gnu/h-i686-mingw32/bin/../lib/gcc/nios2-elf/4.1.2/../../../../nios2-elf/lib\libc.a(lib_a-__call_atexit.o)
 .debug_aranges
                0x00000288       0x20 BSP/\libhal_bsp.a(alt_exit.o)

.debug_pubnames
                0x00000000      0x691
 *(.debug_pubnames)
 .debug_pubnames
                0x00000000       0x1b obj/default//H/SeniorYear/ENGR325/Lab/Lab1/Lab1SW/lab3.o
 .debug_pubnames
                0x0000001b       0x1f BSP/\libhal_bsp.a(alt_load.o)
 .debug_pubnames
                0x0000003a       0x46 BSP/\libhal_bsp.a(alt_main.o)
 .debug_pubnames
                0x00000080       0x34 BSP/\libhal_bsp.a(alt_sys_init.o)
 .debug_pubnames
                0x000000b4      0x1cd BSP/\libhal_bsp.a(altera_up_avalon_character_lcd.o)
 .debug_pubnames
                0x00000281      0x163 BSP/\libhal_bsp.a(altera_up_avalon_rs232.o)
 .debug_pubnames
                0x000003e4       0x1c BSP/\libhal_bsp.a(alt_close.o)
 .debug_pubnames
                0x00000400       0x2b BSP/\libhal_bsp.a(alt_dcache_flush_all.o)
 .debug_pubnames
                0x0000042b       0x63 BSP/\libhal_bsp.a(alt_dev.o)
 .debug_pubnames
                0x0000048e       0x2b BSP/\libhal_bsp.a(alt_dev_llist_insert.o)
 .debug_pubnames
                0x000004b9       0x20 BSP/\libhal_bsp.a(alt_errno.o)
 .debug_pubnames
                0x000004d9       0x23 BSP/\libhal_bsp.a(alt_find_dev.o)
 .debug_pubnames
                0x000004fc       0x2b BSP/\libhal_bsp.a(alt_icache_flush_all.o)
 .debug_pubnames
                0x00000527       0x25 BSP/\libhal_bsp.a(alt_release_fd.o)
 .debug_pubnames
                0x0000054c       0x31 BSP/\libhal_bsp.a(altera_nios2_qsys_irq.o)
 .debug_pubnames
                0x0000057d       0x27 BSP/\libhal_bsp.a(alt_icache_flush.o)
 .debug_pubnames
                0x000005a4       0x1b c:/altera/13sp1/nios2eds/bin/gnu/h-i686-mingw32/bin/../lib/gcc/nios2-elf/4.1.2/../../../../nios2-elf/lib\libc.a(lib_a-exit.o)
 .debug_pubnames
                0x000005bf       0x39 c:/altera/13sp1/nios2eds/bin/gnu/h-i686-mingw32/bin/../lib/gcc/nios2-elf/4.1.2/../../../../nios2-elf/lib\libc.a(lib_a-impure.o)
 .debug_pubnames
                0x000005f8       0x1c c:/altera/13sp1/nios2eds/bin/gnu/h-i686-mingw32/bin/../lib/gcc/nios2-elf/4.1.2/../../../../nios2-elf/lib\libc.a(lib_a-int_errno.o)
 .debug_pubnames
                0x00000614       0x1d c:/altera/13sp1/nios2eds/bin/gnu/h-i686-mingw32/bin/../lib/gcc/nios2-elf/4.1.2/../../../../nios2-elf/lib\libc.a(lib_a-memcmp.o)
 .debug_pubnames
                0x00000631       0x1d c:/altera/13sp1/nios2eds/bin/gnu/h-i686-mingw32/bin/../lib/gcc/nios2-elf/4.1.2/../../../../nios2-elf/lib\libc.a(lib_a-strlen.o)
 .debug_pubnames
                0x0000064e       0x27 c:/altera/13sp1/nios2eds/bin/gnu/h-i686-mingw32/bin/../lib/gcc/nios2-elf/4.1.2/../../../../nios2-elf/lib\libc.a(lib_a-__call_atexit.o)
 .debug_pubnames
                0x00000675       0x1c BSP/\libhal_bsp.a(alt_exit.o)

.debug_info     0x00000000     0x4a17
 *(.debug_info .gnu.linkonce.wi.*)
 .debug_info    0x00000000       0x5b BSP//obj/HAL/src/crt0.o
 .debug_info    0x0000005b      0x37a obj/default//H/SeniorYear/ENGR325/Lab/Lab1/Lab1SW/lab3.o
 .debug_info    0x000003d5      0x1a1 BSP/\libhal_bsp.a(alt_load.o)
 .debug_info    0x00000576      0x161 BSP/\libhal_bsp.a(alt_main.o)
 .debug_info    0x000006d7      0x425 BSP/\libhal_bsp.a(alt_sys_init.o)
 .debug_info    0x00000afc      0x653 BSP/\libhal_bsp.a(altera_up_avalon_character_lcd.o)
 .debug_info    0x0000114f      0x5aa BSP/\libhal_bsp.a(altera_up_avalon_rs232.o)
 .debug_info    0x000016f9      0x364 BSP/\libhal_bsp.a(alt_close.o)
 .debug_info    0x00001a5d       0x8d BSP/\libhal_bsp.a(alt_dcache_flush_all.o)
 .debug_info    0x00001aea      0x4dd BSP/\libhal_bsp.a(alt_dev.o)
 .debug_info    0x00001fc7      0x1b7 BSP/\libhal_bsp.a(alt_dev_llist_insert.o)
 .debug_info    0x0000217e       0xab BSP/\libhal_bsp.a(alt_errno.o)
 .debug_info    0x00002229      0x310 BSP/\libhal_bsp.a(alt_find_dev.o)
 .debug_info    0x00002539       0x8f BSP/\libhal_bsp.a(alt_icache_flush_all.o)
 .debug_info    0x000025c8      0x2d9 BSP/\libhal_bsp.a(alt_release_fd.o)
 .debug_info    0x000028a1       0xb7 BSP/\libhal_bsp.a(altera_nios2_qsys_irq.o)
 .debug_info    0x00002958       0xd5 BSP/\libhal_bsp.a(alt_icache_flush.o)
 .debug_info    0x00002a2d      0x93f c:/altera/13sp1/nios2eds/bin/gnu/h-i686-mingw32/bin/../lib/gcc/nios2-elf/4.1.2/../../../../nios2-elf/lib\libc.a(lib_a-exit.o)
 .debug_info    0x0000336c      0x93d c:/altera/13sp1/nios2eds/bin/gnu/h-i686-mingw32/bin/../lib/gcc/nios2-elf/4.1.2/../../../../nios2-elf/lib\libc.a(lib_a-impure.o)
 .debug_info    0x00003ca9       0x8c c:/altera/13sp1/nios2eds/bin/gnu/h-i686-mingw32/bin/../lib/gcc/nios2-elf/4.1.2/../../../../nios2-elf/lib\libc.a(lib_a-int_errno.o)
 .debug_info    0x00003d35      0x115 c:/altera/13sp1/nios2eds/bin/gnu/h-i686-mingw32/bin/../lib/gcc/nios2-elf/4.1.2/../../../../nios2-elf/lib\libc.a(lib_a-memcmp.o)
 .debug_info    0x00003e4a       0xdb c:/altera/13sp1/nios2eds/bin/gnu/h-i686-mingw32/bin/../lib/gcc/nios2-elf/4.1.2/../../../../nios2-elf/lib\libc.a(lib_a-strlen.o)
 .debug_info    0x00003f25      0x9e2 c:/altera/13sp1/nios2eds/bin/gnu/h-i686-mingw32/bin/../lib/gcc/nios2-elf/4.1.2/../../../../nios2-elf/lib\libc.a(lib_a-__call_atexit.o)
 .debug_info    0x00004907      0x110 BSP/\libhal_bsp.a(alt_exit.o)

.debug_abbrev   0x00000000     0x13e7
 *(.debug_abbrev)
 .debug_abbrev  0x00000000       0x12 BSP//obj/HAL/src/crt0.o
 .debug_abbrev  0x00000012       0xe3 obj/default//H/SeniorYear/ENGR325/Lab/Lab1/Lab1SW/lab3.o
 .debug_abbrev  0x000000f5       0xb6 BSP/\libhal_bsp.a(alt_load.o)
 .debug_abbrev  0x000001ab       0xbe BSP/\libhal_bsp.a(alt_main.o)
 .debug_abbrev  0x00000269      0x15a BSP/\libhal_bsp.a(alt_sys_init.o)
 .debug_abbrev  0x000003c3      0x182 BSP/\libhal_bsp.a(altera_up_avalon_character_lcd.o)
 .debug_abbrev  0x00000545      0x155 BSP/\libhal_bsp.a(altera_up_avalon_rs232.o)
 .debug_abbrev  0x0000069a      0x124 BSP/\libhal_bsp.a(alt_close.o)
 .debug_abbrev  0x000007be       0x3f BSP/\libhal_bsp.a(alt_dcache_flush_all.o)
 .debug_abbrev  0x000007fd       0xd6 BSP/\libhal_bsp.a(alt_dev.o)
 .debug_abbrev  0x000008d3      0x117 BSP/\libhal_bsp.a(alt_dev_llist_insert.o)
 .debug_abbrev  0x000009ea       0x5e BSP/\libhal_bsp.a(alt_errno.o)
 .debug_abbrev  0x00000a48       0xed BSP/\libhal_bsp.a(alt_find_dev.o)
 .debug_abbrev  0x00000b35       0x3f BSP/\libhal_bsp.a(alt_icache_flush_all.o)
 .debug_abbrev  0x00000b74       0xdb BSP/\libhal_bsp.a(alt_release_fd.o)
 .debug_abbrev  0x00000c4f       0x64 BSP/\libhal_bsp.a(altera_nios2_qsys_irq.o)
 .debug_abbrev  0x00000cb3       0x89 BSP/\libhal_bsp.a(alt_icache_flush.o)
 .debug_abbrev  0x00000d3c      0x16e c:/altera/13sp1/nios2eds/bin/gnu/h-i686-mingw32/bin/../lib/gcc/nios2-elf/4.1.2/../../../../nios2-elf/lib\libc.a(lib_a-exit.o)
 .debug_abbrev  0x00000eaa      0x157 c:/altera/13sp1/nios2eds/bin/gnu/h-i686-mingw32/bin/../lib/gcc/nios2-elf/4.1.2/../../../../nios2-elf/lib\libc.a(lib_a-impure.o)
 .debug_abbrev  0x00001001       0x3b c:/altera/13sp1/nios2eds/bin/gnu/h-i686-mingw32/bin/../lib/gcc/nios2-elf/4.1.2/../../../../nios2-elf/lib\libc.a(lib_a-int_errno.o)
 .debug_abbrev  0x0000103c       0x7c c:/altera/13sp1/nios2eds/bin/gnu/h-i686-mingw32/bin/../lib/gcc/nios2-elf/4.1.2/../../../../nios2-elf/lib\libc.a(lib_a-memcmp.o)
 .debug_abbrev  0x000010b8       0x8b c:/altera/13sp1/nios2eds/bin/gnu/h-i686-mingw32/bin/../lib/gcc/nios2-elf/4.1.2/../../../../nios2-elf/lib\libc.a(lib_a-strlen.o)
 .debug_abbrev  0x00001143      0x1de c:/altera/13sp1/nios2eds/bin/gnu/h-i686-mingw32/bin/../lib/gcc/nios2-elf/4.1.2/../../../../nios2-elf/lib\libc.a(lib_a-__call_atexit.o)
 .debug_abbrev  0x00001321       0xc6 BSP/\libhal_bsp.a(alt_exit.o)

.debug_line     0x00000000     0x3590
 *(.debug_line)
 .debug_line    0x00000000       0x6c BSP//obj/HAL/src/crt0.o
 .debug_line    0x0000006c      0x1d6 obj/default//H/SeniorYear/ENGR325/Lab/Lab1/Lab1SW/lab3.o
 .debug_line    0x00000242      0x26f BSP/\libhal_bsp.a(alt_load.o)
 .debug_line    0x000004b1      0x2c2 BSP/\libhal_bsp.a(alt_main.o)
 .debug_line    0x00000773      0x2b0 BSP/\libhal_bsp.a(alt_sys_init.o)
 .debug_line    0x00000a23      0x438 BSP/\libhal_bsp.a(altera_up_avalon_character_lcd.o)
 .debug_line    0x00000e5b      0x37e BSP/\libhal_bsp.a(altera_up_avalon_rs232.o)
 .debug_line    0x000011d9      0x281 BSP/\libhal_bsp.a(alt_close.o)
 .debug_line    0x0000145a      0x1b1 BSP/\libhal_bsp.a(alt_dcache_flush_all.o)
 .debug_line    0x0000160b      0x248 BSP/\libhal_bsp.a(alt_dev.o)
 .debug_line    0x00001853      0x232 BSP/\libhal_bsp.a(alt_dev_llist_insert.o)
 .debug_line    0x00001a85      0x1a6 BSP/\libhal_bsp.a(alt_errno.o)
 .debug_line    0x00001c2b      0x257 BSP/\libhal_bsp.a(alt_find_dev.o)
 .debug_line    0x00001e82      0x1b9 BSP/\libhal_bsp.a(alt_icache_flush_all.o)
 .debug_line    0x0000203b       0xe5 BSP/\libhal_bsp.a(alt_release_fd.o)
 .debug_line    0x00002120      0x1e3 BSP/\libhal_bsp.a(altera_nios2_qsys_irq.o)
 .debug_line    0x00002303      0x1e5 BSP/\libhal_bsp.a(alt_icache_flush.o)
 .debug_line    0x000024e8      0x238 c:/altera/13sp1/nios2eds/bin/gnu/h-i686-mingw32/bin/../lib/gcc/nios2-elf/4.1.2/../../../../nios2-elf/lib\libc.a(lib_a-exit.o)
 .debug_line    0x00002720      0x22d c:/altera/13sp1/nios2eds/bin/gnu/h-i686-mingw32/bin/../lib/gcc/nios2-elf/4.1.2/../../../../nios2-elf/lib\libc.a(lib_a-impure.o)
 .debug_line    0x0000294d      0x1df c:/altera/13sp1/nios2eds/bin/gnu/h-i686-mingw32/bin/../lib/gcc/nios2-elf/4.1.2/../../../../nios2-elf/lib\libc.a(lib_a-int_errno.o)
 .debug_line    0x00002b2c      0x29f c:/altera/13sp1/nios2eds/bin/gnu/h-i686-mingw32/bin/../lib/gcc/nios2-elf/4.1.2/../../../../nios2-elf/lib\libc.a(lib_a-memcmp.o)
 .debug_line    0x00002dcb      0x26d c:/altera/13sp1/nios2eds/bin/gnu/h-i686-mingw32/bin/../lib/gcc/nios2-elf/4.1.2/../../../../nios2-elf/lib\libc.a(lib_a-strlen.o)
 .debug_line    0x00003038      0x367 c:/altera/13sp1/nios2eds/bin/gnu/h-i686-mingw32/bin/../lib/gcc/nios2-elf/4.1.2/../../../../nios2-elf/lib\libc.a(lib_a-__call_atexit.o)
 .debug_line    0x0000339f      0x1f1 BSP/\libhal_bsp.a(alt_exit.o)

.debug_frame    0x00000000      0x4f4
 *(.debug_frame)
 .debug_frame   0x00000000       0x28 obj/default//H/SeniorYear/ENGR325/Lab/Lab1/Lab1SW/lab3.o
 .debug_frame   0x00000028       0x28 BSP/\libhal_bsp.a(alt_load.o)
 .debug_frame   0x00000050       0x28 BSP/\libhal_bsp.a(alt_main.o)
 .debug_frame   0x00000078       0x44 BSP/\libhal_bsp.a(alt_sys_init.o)
 .debug_frame   0x000000bc      0x134 BSP/\libhal_bsp.a(altera_up_avalon_character_lcd.o)
 .debug_frame   0x000001f0       0xe4 BSP/\libhal_bsp.a(altera_up_avalon_rs232.o)
 .debug_frame   0x000002d4       0x2c BSP/\libhal_bsp.a(alt_close.o)
 .debug_frame   0x00000300       0x20 BSP/\libhal_bsp.a(alt_dcache_flush_all.o)
 .debug_frame   0x00000320       0x20 BSP/\libhal_bsp.a(alt_dev.o)
 .debug_frame   0x00000340       0x28 BSP/\libhal_bsp.a(alt_dev_llist_insert.o)
 .debug_frame   0x00000368       0x30 BSP/\libhal_bsp.a(alt_find_dev.o)
 .debug_frame   0x00000398       0x28 BSP/\libhal_bsp.a(alt_icache_flush_all.o)
 .debug_frame   0x000003c0       0x20 BSP/\libhal_bsp.a(alt_release_fd.o)
 .debug_frame   0x000003e0       0x20 BSP/\libhal_bsp.a(altera_nios2_qsys_irq.o)
 .debug_frame   0x00000400       0x20 BSP/\libhal_bsp.a(alt_icache_flush.o)
 .debug_frame   0x00000420       0x28 c:/altera/13sp1/nios2eds/bin/gnu/h-i686-mingw32/bin/../lib/gcc/nios2-elf/4.1.2/../../../../nios2-elf/lib\libc.a(lib_a-exit.o)
 .debug_frame   0x00000448       0x20 c:/altera/13sp1/nios2eds/bin/gnu/h-i686-mingw32/bin/../lib/gcc/nios2-elf/4.1.2/../../../../nios2-elf/lib\libc.a(lib_a-memcmp.o)
 .debug_frame   0x00000468       0x20 c:/altera/13sp1/nios2eds/bin/gnu/h-i686-mingw32/bin/../lib/gcc/nios2-elf/4.1.2/../../../../nios2-elf/lib\libc.a(lib_a-strlen.o)
 .debug_frame   0x00000488       0x4c c:/altera/13sp1/nios2eds/bin/gnu/h-i686-mingw32/bin/../lib/gcc/nios2-elf/4.1.2/../../../../nios2-elf/lib\libc.a(lib_a-__call_atexit.o)
 .debug_frame   0x000004d4       0x20 BSP/\libhal_bsp.a(alt_exit.o)

.debug_str      0x00000000     0x10cb
 *(.debug_str)
 .debug_str     0x00000000      0x18f obj/default//H/SeniorYear/ENGR325/Lab/Lab1/Lab1SW/lab3.o
                                0x1f3 (size before relaxing)
 .debug_str     0x0000018f      0x113 BSP/\libhal_bsp.a(alt_load.o)
                                0x1b0 (size before relaxing)
 .debug_str     0x000002a2       0x65 BSP/\libhal_bsp.a(alt_main.o)
                                0x164 (size before relaxing)
 .debug_str     0x00000307       0x5a BSP/\libhal_bsp.a(alt_sys_init.o)
                                0x22c (size before relaxing)
 .debug_str     0x00000361      0x1ea BSP/\libhal_bsp.a(altera_up_avalon_character_lcd.o)
                                0x38f (size before relaxing)
 .debug_str     0x0000054b      0x182 BSP/\libhal_bsp.a(altera_up_avalon_rs232.o)
                                0x30a (size before relaxing)
 .debug_str     0x000006cd       0x44 BSP/\libhal_bsp.a(alt_close.o)
                                0x1a9 (size before relaxing)
 .debug_str     0x00000711       0x34 BSP/\libhal_bsp.a(alt_dcache_flush_all.o)
                                 0xf3 (size before relaxing)
 .debug_str     0x00000745      0x120 BSP/\libhal_bsp.a(alt_dev.o)
                                0x2a3 (size before relaxing)
 .debug_str     0x00000865       0x59 BSP/\libhal_bsp.a(alt_dev_llist_insert.o)
                                0x16a (size before relaxing)
 .debug_str     0x000008be       0x14 BSP/\libhal_bsp.a(alt_errno.o)
                                 0xe3 (size before relaxing)
 .debug_str     0x000008d2       0x24 BSP/\libhal_bsp.a(alt_find_dev.o)
                                0x18a (size before relaxing)
 .debug_str     0x000008f6       0x34 BSP/\libhal_bsp.a(alt_icache_flush_all.o)
                                 0xf3 (size before relaxing)
 .debug_str     0x0000092a       0x28 BSP/\libhal_bsp.a(alt_release_fd.o)
                                0x186 (size before relaxing)
 .debug_str     0x00000952       0x3b BSP/\libhal_bsp.a(altera_nios2_qsys_irq.o)
                                0x123 (size before relaxing)
 .debug_str     0x0000098d       0x2c BSP/\libhal_bsp.a(alt_icache_flush.o)
                                 0xf9 (size before relaxing)
 .debug_str     0x000009b9      0x435 c:/altera/13sp1/nios2eds/bin/gnu/h-i686-mingw32/bin/../lib/gcc/nios2-elf/4.1.2/../../../../nios2-elf/lib\libc.a(lib_a-exit.o)
                                0x50c (size before relaxing)
 .debug_str     0x00000dee       0xd1 c:/altera/13sp1/nios2eds/bin/gnu/h-i686-mingw32/bin/../lib/gcc/nios2-elf/4.1.2/../../../../nios2-elf/lib\libc.a(lib_a-impure.o)
                                0x51a (size before relaxing)
 .debug_str     0x00000ebf       0x3d c:/altera/13sp1/nios2eds/bin/gnu/h-i686-mingw32/bin/../lib/gcc/nios2-elf/4.1.2/../../../../nios2-elf/lib\libc.a(lib_a-int_errno.o)
                                0x163 (size before relaxing)
 .debug_str     0x00000efc       0xd5 c:/altera/13sp1/nios2eds/bin/gnu/h-i686-mingw32/bin/../lib/gcc/nios2-elf/4.1.2/../../../../nios2-elf/lib\libc.a(lib_a-memcmp.o)
                                0x16a (size before relaxing)
 .debug_str     0x00000fd1       0x4f c:/altera/13sp1/nios2eds/bin/gnu/h-i686-mingw32/bin/../lib/gcc/nios2-elf/4.1.2/../../../../nios2-elf/lib\libc.a(lib_a-strlen.o)
                                0x17d (size before relaxing)
 .debug_str     0x00001020       0x7b c:/altera/13sp1/nios2eds/bin/gnu/h-i686-mingw32/bin/../lib/gcc/nios2-elf/4.1.2/../../../../nios2-elf/lib\libc.a(lib_a-__call_atexit.o)
                                0x54e (size before relaxing)
 .debug_str     0x0000109b       0x30 BSP/\libhal_bsp.a(alt_exit.o)
                                0x118 (size before relaxing)

.debug_loc      0x00000000      0xc62
 *(.debug_loc)
 .debug_loc     0x00000000       0x32 obj/default//H/SeniorYear/ENGR325/Lab/Lab1/Lab1SW/lab3.o
 .debug_loc     0x00000032       0xeb BSP/\libhal_bsp.a(alt_load.o)
 .debug_loc     0x0000011d       0x1f BSP/\libhal_bsp.a(alt_main.o)
 .debug_loc     0x0000013c       0x51 BSP/\libhal_bsp.a(alt_sys_init.o)
 .debug_loc     0x0000018d      0x39a BSP/\libhal_bsp.a(altera_up_avalon_character_lcd.o)
 .debug_loc     0x00000527      0x23b BSP/\libhal_bsp.a(altera_up_avalon_rs232.o)
 .debug_loc     0x00000762       0x9a BSP/\libhal_bsp.a(alt_close.o)
 .debug_loc     0x000007fc       0x5b BSP/\libhal_bsp.a(alt_dev_llist_insert.o)
 .debug_loc     0x00000857       0x81 BSP/\libhal_bsp.a(alt_find_dev.o)
 .debug_loc     0x000008d8       0x1f BSP/\libhal_bsp.a(alt_icache_flush_all.o)
 .debug_loc     0x000008f7       0x13 BSP/\libhal_bsp.a(alt_icache_flush.o)
 .debug_loc     0x0000090a       0x3d c:/altera/13sp1/nios2eds/bin/gnu/h-i686-mingw32/bin/../lib/gcc/nios2-elf/4.1.2/../../../../nios2-elf/lib\libc.a(lib_a-exit.o)
 .debug_loc     0x00000947      0x114 c:/altera/13sp1/nios2eds/bin/gnu/h-i686-mingw32/bin/../lib/gcc/nios2-elf/4.1.2/../../../../nios2-elf/lib\libc.a(lib_a-memcmp.o)
 .debug_loc     0x00000a5b       0x3c c:/altera/13sp1/nios2eds/bin/gnu/h-i686-mingw32/bin/../lib/gcc/nios2-elf/4.1.2/../../../../nios2-elf/lib\libc.a(lib_a-strlen.o)
 .debug_loc     0x00000a97      0x1cb c:/altera/13sp1/nios2eds/bin/gnu/h-i686-mingw32/bin/../lib/gcc/nios2-elf/4.1.2/../../../../nios2-elf/lib\libc.a(lib_a-__call_atexit.o)

.debug_macinfo
 *(.debug_macinfo)

.debug_weaknames
 *(.debug_weaknames)

.debug_funcnames
 *(.debug_funcnames)

.debug_typenames
 *(.debug_typenames)

.debug_varnames
 *(.debug_varnames)

.debug_alt_sim_info
                0x00000000       0x20
 *(.debug_alt_sim_info)
 .debug_alt_sim_info
                0x00000000       0x20 BSP//obj/HAL/src/crt0.o
                0x00006000                __alt_data_end = 0x6000
                0x00006000                PROVIDE (__alt_stack_pointer, __alt_data_end)
                0x000018c0                PROVIDE (__alt_stack_limit, __alt_stack_base)
                0x000018c0                PROVIDE (__alt_heap_start, end)
                0x00006000                PROVIDE (__alt_heap_limit, 0x6000)
OUTPUT(H:/SeniorYear/ENGR325/Lab/Lab1/Lab3SW/lab3.elf elf32-littlenios2)

.debug_ranges   0x00000000       0x80
 .debug_ranges  0x00000000       0x20 BSP//obj/HAL/src/crt0.o
 .debug_ranges  0x00000020       0x48 BSP/\libhal_bsp.a(alt_load.o)
 .debug_ranges  0x00000068       0x18 c:/altera/13sp1/nios2eds/bin/gnu/h-i686-mingw32/bin/../lib/gcc/nios2-elf/4.1.2/../../../../nios2-elf/lib\libc.a(lib_a-__call_atexit.o)
