Archive member included because of file (symbol)

BSP/\libhal_bsp.a(alt_load.o)
                              BSP//obj/HAL/src/crt0.o (alt_load)
BSP/\libhal_bsp.a(alt_main.o)
                              BSP//obj/HAL/src/crt0.o (alt_main)
BSP/\libhal_bsp.a(alt_sys_init.o)
                              BSP/\libhal_bsp.a(alt_main.o) (alt_irq_init)
BSP/\libhal_bsp.a(altera_up_avalon_character_lcd.o)
                              obj/default//H/SeniorYear/ENGR325/Lab/Lab1/Lab1SW/main2.o (alt_up_character_lcd_string)
BSP/\libhal_bsp.a(altera_up_avalon_rs232.o)
                              obj/default//H/SeniorYear/ENGR325/Lab/Lab1/Lab1SW/main2.o (alt_up_rs232_open_dev)
BSP/\libhal_bsp.a(alt_close.o)
                              BSP/\libhal_bsp.a(alt_main.o) (close)
BSP/\libhal_bsp.a(alt_dcache_flush_all.o)
                              BSP/\libhal_bsp.a(alt_load.o) (alt_dcache_flush_all)
BSP/\libhal_bsp.a(alt_dev.o)  BSP/\libhal_bsp.a(alt_sys_init.o) (alt_dev_list)
BSP/\libhal_bsp.a(alt_dev_llist_insert.o)
                              BSP/\libhal_bsp.a(alt_sys_init.o) (alt_dev_llist_insert)
BSP/\libhal_bsp.a(alt_errno.o)
                              BSP/\libhal_bsp.a(alt_close.o) (alt_errno)
BSP/\libhal_bsp.a(alt_find_dev.o)
                              BSP/\libhal_bsp.a(altera_up_avalon_character_lcd.o) (alt_find_dev)
BSP/\libhal_bsp.a(alt_icache_flush_all.o)
                              BSP/\libhal_bsp.a(alt_load.o) (alt_icache_flush_all)
BSP/\libhal_bsp.a(alt_release_fd.o)
                              BSP/\libhal_bsp.a(alt_close.o) (alt_release_fd)
BSP/\libhal_bsp.a(altera_nios2_qsys_irq.o)
                              BSP/\libhal_bsp.a(alt_sys_init.o) (altera_nios2_qsys_irq_init)
BSP/\libhal_bsp.a(alt_icache_flush.o)
                              BSP/\libhal_bsp.a(alt_icache_flush_all.o) (alt_icache_flush)
c:/altera/13sp1/nios2eds/bin/gnu/h-i686-mingw32/bin/../lib/gcc/nios2-elf/4.1.2/../../../../nios2-elf/lib\libc.a(lib_a-exit.o)
                              BSP/\libhal_bsp.a(alt_main.o) (exit)
c:/altera/13sp1/nios2eds/bin/gnu/h-i686-mingw32/bin/../lib/gcc/nios2-elf/4.1.2/../../../../nios2-elf/lib\libc.a(lib_a-impure.o)
                              c:/altera/13sp1/nios2eds/bin/gnu/h-i686-mingw32/bin/../lib/gcc/nios2-elf/4.1.2/../../../../nios2-elf/lib\libc.a(lib_a-exit.o) (_global_impure_ptr)
c:/altera/13sp1/nios2eds/bin/gnu/h-i686-mingw32/bin/../lib/gcc/nios2-elf/4.1.2/../../../../nios2-elf/lib\libc.a(lib_a-int_errno.o)
                              BSP/\libhal_bsp.a(alt_close.o) (errno)
c:/altera/13sp1/nios2eds/bin/gnu/h-i686-mingw32/bin/../lib/gcc/nios2-elf/4.1.2/../../../../nios2-elf/lib\libc.a(lib_a-memcmp.o)
                              BSP/\libhal_bsp.a(alt_find_dev.o) (memcmp)
c:/altera/13sp1/nios2eds/bin/gnu/h-i686-mingw32/bin/../lib/gcc/nios2-elf/4.1.2/../../../../nios2-elf/lib\libc.a(lib_a-strlen.o)
                              BSP/\libhal_bsp.a(alt_find_dev.o) (strlen)
c:/altera/13sp1/nios2eds/bin/gnu/h-i686-mingw32/bin/../lib/gcc/nios2-elf/4.1.2/../../../../nios2-elf/lib\libc.a(lib_a-__call_atexit.o)
                              c:/altera/13sp1/nios2eds/bin/gnu/h-i686-mingw32/bin/../lib/gcc/nios2-elf/4.1.2/../../../../nios2-elf/lib\libc.a(lib_a-exit.o) (__call_exitprocs)
BSP/\libhal_bsp.a(alt_exit.o)
                              c:/altera/13sp1/nios2eds/bin/gnu/h-i686-mingw32/bin/../lib/gcc/nios2-elf/4.1.2/../../../../nios2-elf/lib\libc.a(lib_a-exit.o) (_exit)

Allocating common symbols
Common symbol       size              file

errno               0x4               c:/altera/13sp1/nios2eds/bin/gnu/h-i686-mingw32/bin/../lib/gcc/nios2-elf/4.1.2/../../../../nios2-elf/lib\libc.a(lib_a-int_errno.o)

Memory Configuration

Name             Origin             Length             Attributes
reset            0x00000000         0x00000020
RAM              0x00000020         0x00005fe0
*default*        0x00000000         0xffffffff

Linker script and memory map

LOAD BSP//obj/HAL/src/crt0.o
LOAD obj/default//H/SeniorYear/ENGR325/Lab/Lab1/Lab1SW/main2.o
LOAD c:/altera/13sp1/nios2eds/bin/gnu/h-i686-mingw32/bin/../lib/gcc/nios2-elf/4.1.2/../../../../nios2-elf/lib\libstdc++.a
LOAD c:/altera/13sp1/nios2eds/bin/gnu/h-i686-mingw32/bin/../lib/gcc/nios2-elf/4.1.2/../../../../nios2-elf/lib\libm.a
LOAD c:/altera/13sp1/nios2eds/bin/gnu/h-i686-mingw32/bin/../lib/gcc/nios2-elf/4.1.2\libgcc.a
START GROUP
LOAD c:/altera/13sp1/nios2eds/bin/gnu/h-i686-mingw32/bin/../lib/gcc/nios2-elf/4.1.2/../../../../nios2-elf/lib\libc.a
LOAD c:/altera/13sp1/nios2eds/bin/gnu/h-i686-mingw32/bin/../lib/gcc/nios2-elf/4.1.2\libgcc.a
LOAD BSP/\libhal_bsp.a
END GROUP
LOAD c:/altera/13sp1/nios2eds/bin/gnu/h-i686-mingw32/bin/../lib/gcc/nios2-elf/4.1.2\libgcc.a
                0x00000000                __alt_mem_RAM = 0x0

.entry          0x00000000       0x20
 *(.entry)
 .entry         0x00000000       0x20 BSP//obj/HAL/src/crt0.o
                0x00000000                __reset

.exceptions     0x00000020        0x0
                0x00000020                PROVIDE (__ram_exceptions_start, ABSOLUTE (.))
                0x00000020                . = ALIGN (0x20)
 *(.irq)
 *(.exceptions.entry.label)
 *(.exceptions.entry.user)
 *(.exceptions.entry)
 *(.exceptions.irqtest.user)
 *(.exceptions.irqtest)
 *(.exceptions.irqhandler.user)
 *(.exceptions.irqhandler)
 *(.exceptions.irqreturn.user)
 *(.exceptions.irqreturn)
 *(.exceptions.notirq.label)
 *(.exceptions.notirq.user)
 *(.exceptions.notirq)
 *(.exceptions.soft.user)
 *(.exceptions.soft)
 *(.exceptions.unknown.user)
 *(.exceptions.unknown)
 *(.exceptions.exit.label)
 *(.exceptions.exit.user)
 *(.exceptions.exit)
 *(.exceptions)
                0x00000020                PROVIDE (__ram_exceptions_end, ABSOLUTE (.))
                0x00000020                PROVIDE (__flash_exceptions_start, LOADADDR (.exceptions))

.text           0x00000020      0xf04
                0x00000020                PROVIDE (stext, ABSOLUTE (.))
 *(.interp)
 *(.hash)
 *(.dynsym)
 *(.dynstr)
 *(.gnu.version)
 *(.gnu.version_d)
 *(.gnu.version_r)
 *(.rel.init)
 *(.rela.init)
 *(.rel.text .rel.text.* .rel.gnu.linkonce.t.*)
 *(.rela.text .rela.text.* .rela.gnu.linkonce.t.*)
 *(.rel.fini)
 *(.rela.fini)
 *(.rel.rodata .rel.rodata.* .rel.gnu.linkonce.r.*)
 *(.rela.rodata .rela.rodata.* .rela.gnu.linkonce.r.*)
 *(.rel.data .rel.data.* .rel.gnu.linkonce.d.*)
 *(.rela.data .rela.data.* .rela.gnu.linkonce.d.*)
 *(.rel.tdata .rel.tdata.* .rel.gnu.linkonce.td.*)
 *(.rela.tdata .rela.tdata.* .rela.gnu.linkonce.td.*)
 *(.rel.tbss .rel.tbss.* .rel.gnu.linkonce.tb.*)
 *(.rela.tbss .rela.tbss.* .rela.gnu.linkonce.tb.*)
 *(.rel.ctors)
 *(.rela.ctors)
 *(.rel.dtors)
 *(.rela.dtors)
 *(.rel.got)
 *(.rela.got)
 *(.rel.sdata .rel.sdata.* .rel.gnu.linkonce.s.*)
 *(.rela.sdata .rela.sdata.* .rela.gnu.linkonce.s.*)
 *(.rel.sbss .rel.sbss.* .rel.gnu.linkonce.sb.*)
 *(.rela.sbss .rela.sbss.* .rela.gnu.linkonce.sb.*)
 *(.rel.sdata2 .rel.sdata2.* .rel.gnu.linkonce.s2.*)
 *(.rela.sdata2 .rela.sdata2.* .rela.gnu.linkonce.s2.*)
 *(.rel.sbss2 .rel.sbss2.* .rel.gnu.linkonce.sb2.*)
 *(.rela.sbss2 .rela.sbss2.* .rela.gnu.linkonce.sb2.*)
 *(.rel.bss .rel.bss.* .rel.gnu.linkonce.b.*)
 *(.rela.bss .rela.bss.* .rela.gnu.linkonce.b.*)
 *(.rel.plt)
 *(.rela.plt)
 *(.rel.dyn)
 *(.init)
 *(.plt)
 *(.text .stub .text.* .gnu.linkonce.t.*)
 .text          0x00000020       0x3c BSP//obj/HAL/src/crt0.o
                0x00000020                _start
 .text          0x0000005c      0x334 obj/default//H/SeniorYear/ENGR325/Lab/Lab1/Lab1SW/main2.o
                0x0000005c                main
 .text          0x00000390       0xc4 BSP/\libhal_bsp.a(alt_load.o)
                0x00000390                alt_load
 .text          0x00000454       0x3c BSP/\libhal_bsp.a(alt_main.o)
                0x00000454                alt_main
 .text          0x00000490       0x78 BSP/\libhal_bsp.a(alt_sys_init.o)
                0x00000490                alt_irq_init
                0x000004b0                alt_sys_init
 .text          0x00000508      0x30c BSP/\libhal_bsp.a(altera_up_avalon_character_lcd.o)
                0x00000508                get_DDRAM_addr
                0x00000524                alt_up_character_lcd_string
                0x00000570                alt_up_character_lcd_write
                0x0000059c                alt_up_character_lcd_write_fd
                0x000005bc                alt_up_character_lcd_init
                0x000005cc                alt_up_character_lcd_send_cmd
                0x000005dc                alt_up_character_lcd_cursor_blink_on
                0x000005f8                alt_up_character_lcd_cursor_off
                0x00000614                alt_up_character_lcd_erase_pos
                0x00000680                alt_up_character_lcd_shift_display
                0x00000710                alt_up_character_lcd_shift_cursor
                0x000007a0                alt_up_character_lcd_set_cursor_pos
                0x000007f4                alt_up_character_lcd_open_dev
 .text          0x00000814      0x1d4 BSP/\libhal_bsp.a(altera_up_avalon_rs232.o)
                0x00000814                alt_up_rs232_check_parity
                0x00000820                alt_up_rs232_open_dev
                0x00000840                alt_up_rs232_read_data
                0x0000088c                alt_up_rs232_read_fd
                0x0000090c                alt_up_rs232_get_available_space_in_write_FIFO
                0x0000091c                alt_up_rs232_write_data
                0x00000934                alt_up_rs232_write_fd
                0x000009a4                alt_up_rs232_disable_read_interrupt
                0x000009c0                alt_up_rs232_enable_read_interrupt
                0x000009d8                alt_up_rs232_get_used_space_in_read_FIFO
 .text          0x000009e8       0xdc BSP/\libhal_bsp.a(alt_close.o)
                0x000009e8                close
 .text          0x00000ac4        0x4 BSP/\libhal_bsp.a(alt_dcache_flush_all.o)
                0x00000ac4                alt_dcache_flush_all
 .text          0x00000ac8        0x8 BSP/\libhal_bsp.a(alt_dev.o)
 .text          0x00000ad0       0x70 BSP/\libhal_bsp.a(alt_dev_llist_insert.o)
                0x00000ad0                alt_dev_llist_insert
 .text          0x00000b40        0x0 BSP/\libhal_bsp.a(alt_errno.o)
 .text          0x00000b40       0x70 BSP/\libhal_bsp.a(alt_find_dev.o)
                0x00000b40                alt_find_dev
 .text          0x00000bb0       0x20 BSP/\libhal_bsp.a(alt_icache_flush_all.o)
                0x00000bb0                alt_icache_flush_all
 .text          0x00000bd0       0x24 BSP/\libhal_bsp.a(alt_release_fd.o)
                0x00000bd0                alt_release_fd
 .text          0x00000bf4        0x8 BSP/\libhal_bsp.a(altera_nios2_qsys_irq.o)
                0x00000bf4                altera_nios2_qsys_irq_init
 .text          0x00000bfc       0x3c BSP/\libhal_bsp.a(alt_icache_flush.o)
                0x00000bfc                alt_icache_flush
 .text          0x00000c38       0x38 c:/altera/13sp1/nios2eds/bin/gnu/h-i686-mingw32/bin/../lib/gcc/nios2-elf/4.1.2/../../../../nios2-elf/lib\libc.a(lib_a-exit.o)
                0x00000c38                exit
 .text          0x00000c70        0x0 c:/altera/13sp1/nios2eds/bin/gnu/h-i686-mingw32/bin/../lib/gcc/nios2-elf/4.1.2/../../../../nios2-elf/lib\libc.a(lib_a-impure.o)
 .text          0x00000c70        0x0 c:/altera/13sp1/nios2eds/bin/gnu/h-i686-mingw32/bin/../lib/gcc/nios2-elf/4.1.2/../../../../nios2-elf/lib\libc.a(lib_a-int_errno.o)
 .text          0x00000c70       0x74 c:/altera/13sp1/nios2eds/bin/gnu/h-i686-mingw32/bin/../lib/gcc/nios2-elf/4.1.2/../../../../nios2-elf/lib\libc.a(lib_a-memcmp.o)
                0x00000c70                memcmp
 .text          0x00000ce4       0x74 c:/altera/13sp1/nios2eds/bin/gnu/h-i686-mingw32/bin/../lib/gcc/nios2-elf/4.1.2/../../../../nios2-elf/lib\libc.a(lib_a-strlen.o)
                0x00000ce4                strlen
 .text          0x00000d58      0x1b4 c:/altera/13sp1/nios2eds/bin/gnu/h-i686-mingw32/bin/../lib/gcc/nios2-elf/4.1.2/../../../../nios2-elf/lib\libc.a(lib_a-__call_atexit.o)
                0x00000d5c                __call_exitprocs
 .text          0x00000f0c       0x14 BSP/\libhal_bsp.a(alt_exit.o)
                0x00000f0c                _exit
 *(.gnu.warning.*)
 *(.fini)
                0x00000f20                PROVIDE (__etext, ABSOLUTE (.))
                0x00000f20                PROVIDE (_etext, ABSOLUTE (.))
                0x00000f20                PROVIDE (etext, ABSOLUTE (.))
 *(.eh_frame_hdr)
                0x00000f20                . = ALIGN (0x4)
                0x00000f20                PROVIDE (__preinit_array_start, ABSOLUTE (.))
 *(.preinit_array)
                0x00000f20                PROVIDE (__preinit_array_end, ABSOLUTE (.))
                0x00000f20                PROVIDE (__init_array_start, ABSOLUTE (.))
 *(.init_array)
                0x00000f20                PROVIDE (__init_array_end, ABSOLUTE (.))
                0x00000f20                PROVIDE (__fini_array_start, ABSOLUTE (.))
 *(.fini_array)
                0x00000f20                PROVIDE (__fini_array_end, ABSOLUTE (.))
 *(.eh_frame)
 *(.gcc_except_table)
 *(.dynamic)
                0x00000f20                PROVIDE (__CTOR_LIST__, ABSOLUTE (.))
 *(.ctors)
 *(SORT(.ctors.*))
 .ctors.65535   0x00000f20        0x4 c:/altera/13sp1/nios2eds/bin/gnu/h-i686-mingw32/bin/../lib/gcc/nios2-elf/4.1.2/../../../../nios2-elf/lib\libc.a(lib_a-__call_atexit.o)
                0x00000f24                PROVIDE (__CTOR_END__, ABSOLUTE (.))
                0x00000f24                PROVIDE (__DTOR_LIST__, ABSOLUTE (.))
 *(.dtors)
 *(SORT(.dtors.*))
                0x00000f24                PROVIDE (__DTOR_END__, ABSOLUTE (.))
 *(.jcr)
                0x00000f24                . = ALIGN (0x4)

.rodata         0x00000f24       0xbc
                0x00000f24                PROVIDE (__ram_rodata_start, ABSOLUTE (.))
                0x00000f24                . = ALIGN (0x4)
 *(.rodata .rodata.* .gnu.linkonce.r.*)
 .rodata.str1.4
                0x00000f24       0x94 obj/default//H/SeniorYear/ENGR325/Lab/Lab1/Lab1SW/main2.o
 .rodata        0x00000fb8       0x18 obj/default//H/SeniorYear/ENGR325/Lab/Lab1/Lab1SW/main2.o
 .rodata.str1.4
                0x00000000       0x18 BSP/\libhal_bsp.a(alt_sys_init.o)
 .rodata.str1.4
                0x00000fd0        0xa BSP/\libhal_bsp.a(alt_dev.o)
                                  0xc (size before relaxing)
 *fill*         0x00000fda        0x2 00
 .rodata.str1.4
                0x00000fdc        0x4 c:/altera/13sp1/nios2eds/bin/gnu/h-i686-mingw32/bin/../lib/gcc/nios2-elf/4.1.2/../../../../nios2-elf/lib\libc.a(lib_a-impure.o)
 *(.rodata1)
                0x00000fe0                . = ALIGN (0x4)
                0x00000fe0                PROVIDE (__ram_rodata_end, ABSOLUTE (.))
                0x00000f24                PROVIDE (__flash_rodata_start, LOADADDR (.rodata))

.rwdata         0x00000fe0      0x620 load address 0x00001600
                0x00000fe0                PROVIDE (__ram_rwdata_start, ABSOLUTE (.))
                0x00000fe0                . = ALIGN (0x4)
 *(.got.plt)
 *(.got)
 *(.data1)
 *(.data .data.* .gnu.linkonce.d.*)
 .data          0x00000fe0        0x0 BSP//obj/HAL/src/crt0.o
 .data          0x00000fe0        0x0 obj/default//H/SeniorYear/ENGR325/Lab/Lab1/Lab1SW/main2.o
 .data          0x00000fe0        0x0 BSP/\libhal_bsp.a(alt_load.o)
 .data          0x00000fe0        0x0 BSP/\libhal_bsp.a(alt_main.o)
 .data          0x00000fe0       0x58 BSP/\libhal_bsp.a(alt_sys_init.o)
 .data          0x00001038        0x0 BSP/\libhal_bsp.a(altera_up_avalon_character_lcd.o)
 .data          0x00001038        0x0 BSP/\libhal_bsp.a(altera_up_avalon_rs232.o)
 .data          0x00001038        0x0 BSP/\libhal_bsp.a(alt_close.o)
 .data          0x00001038        0x0 BSP/\libhal_bsp.a(alt_dcache_flush_all.o)
 .data          0x00001038      0x1a8 BSP/\libhal_bsp.a(alt_dev.o)
                0x00001038                alt_dev_null
                0x00001060                alt_fd_list
 .data          0x000011e0        0x0 BSP/\libhal_bsp.a(alt_dev_llist_insert.o)
 .data          0x000011e0        0x0 BSP/\libhal_bsp.a(alt_errno.o)
 .data          0x000011e0        0x0 BSP/\libhal_bsp.a(alt_find_dev.o)
 .data          0x000011e0        0x0 BSP/\libhal_bsp.a(alt_icache_flush_all.o)
 .data          0x000011e0        0x0 BSP/\libhal_bsp.a(alt_release_fd.o)
 .data          0x000011e0        0x0 BSP/\libhal_bsp.a(altera_nios2_qsys_irq.o)
 .data          0x000011e0        0x0 BSP/\libhal_bsp.a(alt_icache_flush.o)
 .data          0x000011e0        0x0 c:/altera/13sp1/nios2eds/bin/gnu/h-i686-mingw32/bin/../lib/gcc/nios2-elf/4.1.2/../../../../nios2-elf/lib\libc.a(lib_a-exit.o)
 .data          0x000011e0      0x400 c:/altera/13sp1/nios2eds/bin/gnu/h-i686-mingw32/bin/../lib/gcc/nios2-elf/4.1.2/../../../../nios2-elf/lib\libc.a(lib_a-impure.o)
 .data          0x000015e0        0x0 c:/altera/13sp1/nios2eds/bin/gnu/h-i686-mingw32/bin/../lib/gcc/nios2-elf/4.1.2/../../../../nios2-elf/lib\libc.a(lib_a-int_errno.o)
 .data          0x000015e0        0x0 c:/altera/13sp1/nios2eds/bin/gnu/h-i686-mingw32/bin/../lib/gcc/nios2-elf/4.1.2/../../../../nios2-elf/lib\libc.a(lib_a-memcmp.o)
 .data          0x000015e0        0x0 c:/altera/13sp1/nios2eds/bin/gnu/h-i686-mingw32/bin/../lib/gcc/nios2-elf/4.1.2/../../../../nios2-elf/lib\libc.a(lib_a-strlen.o)
 .data          0x000015e0        0x0 c:/altera/13sp1/nios2eds/bin/gnu/h-i686-mingw32/bin/../lib/gcc/nios2-elf/4.1.2/../../../../nios2-elf/lib\libc.a(lib_a-__call_atexit.o)
 .data          0x000015e0        0x0 BSP/\libhal_bsp.a(alt_exit.o)
                0x000095e0                _gp = ABSOLUTE ((. + 0x8000))
                0x000095e0                PROVIDE (gp, _gp)
 *(.rwdata .rwdata.*)
 *(.sdata .sdata.* .gnu.linkonce.s.*)
 .sdata         0x000015e0       0x14 BSP/\libhal_bsp.a(alt_dev.o)
                0x000015e0                alt_fs_list
                0x000015e8                alt_dev_list
                0x000015f0                alt_max_fd
 .sdata         0x000015f4        0x4 BSP/\libhal_bsp.a(alt_errno.o)
                0x000015f4                alt_errno
 .sdata         0x000015f8        0x8 c:/altera/13sp1/nios2eds/bin/gnu/h-i686-mingw32/bin/../lib/gcc/nios2-elf/4.1.2/../../../../nios2-elf/lib\libc.a(lib_a-impure.o)
                0x000015f8                _impure_ptr
                0x000015fc                _global_impure_ptr
 *(.sdata2 .sdata2.* .gnu.linkonce.s2.*)
                0x00001600                . = ALIGN (0x4)
                0x00001600                _edata = ABSOLUTE (.)
                0x00001600                PROVIDE (edata, ABSOLUTE (.))
                0x00001600                PROVIDE (__ram_rwdata_end, ABSOLUTE (.))
                0x00001600                PROVIDE (__flash_rwdata_start, LOADADDR (.rwdata))

.bss            0x00001c20       0x10
                0x00001c20                __bss_start = ABSOLUTE (.)
                0x00001c20                PROVIDE (__sbss_start, ABSOLUTE (.))
                0x00001c20                PROVIDE (___sbss_start, ABSOLUTE (.))
 *(.dynsbss)
 *(.sbss .sbss.* .gnu.linkonce.sb.*)
 .sbss          0x00001c20        0xc BSP/\libhal_bsp.a(alt_main.o)
                0x00001c20                alt_argc
                0x00001c24                alt_argv
                0x00001c28                alt_envp
 .sbss          0x00001c2c        0x4 c:/altera/13sp1/nios2eds/bin/gnu/h-i686-mingw32/bin/../lib/gcc/nios2-elf/4.1.2/../../../../nios2-elf/lib\libc.a(lib_a-int_errno.o)
                0x00001c2c                errno
 *(.sbss2 .sbss2.* .gnu.linkonce.sb2.*)
 *(.scommon)
                0x00001c30                PROVIDE (__sbss_end, ABSOLUTE (.))
                0x00001c30                PROVIDE (___sbss_end, ABSOLUTE (.))
 *(.dynbss)
 *(.bss .bss.* .gnu.linkonce.b.*)
 .bss           0x00001c30        0x0 BSP//obj/HAL/src/crt0.o
 .bss           0x00001c30        0x0 obj/default//H/SeniorYear/ENGR325/Lab/Lab1/Lab1SW/main2.o
 .bss           0x00001c30        0x0 BSP/\libhal_bsp.a(alt_load.o)
 .bss           0x00001c30        0x0 BSP/\libhal_bsp.a(alt_main.o)
 .bss           0x00001c30        0x0 BSP/\libhal_bsp.a(alt_sys_init.o)
 .bss           0x00001c30        0x0 BSP/\libhal_bsp.a(altera_up_avalon_character_lcd.o)
 .bss           0x00001c30        0x0 BSP/\libhal_bsp.a(altera_up_avalon_rs232.o)
 .bss           0x00001c30        0x0 BSP/\libhal_bsp.a(alt_close.o)
 .bss           0x00001c30        0x0 BSP/\libhal_bsp.a(alt_dcache_flush_all.o)
 .bss           0x00001c30        0x0 BSP/\libhal_bsp.a(alt_dev.o)
 .bss           0x00001c30        0x0 BSP/\libhal_bsp.a(alt_dev_llist_insert.o)
 .bss           0x00001c30        0x0 BSP/\libhal_bsp.a(alt_errno.o)
 .bss           0x00001c30        0x0 BSP/\libhal_bsp.a(alt_find_dev.o)
 .bss           0x00001c30        0x0 BSP/\libhal_bsp.a(alt_icache_flush_all.o)
 .bss           0x00001c30        0x0 BSP/\libhal_bsp.a(alt_release_fd.o)
 .bss           0x00001c30        0x0 BSP/\libhal_bsp.a(altera_nios2_qsys_irq.o)
 .bss           0x00001c30        0x0 BSP/\libhal_bsp.a(alt_icache_flush.o)
 .bss           0x00001c30        0x0 c:/altera/13sp1/nios2eds/bin/gnu/h-i686-mingw32/bin/../lib/gcc/nios2-elf/4.1.2/../../../../nios2-elf/lib\libc.a(lib_a-exit.o)
 .bss           0x00001c30        0x0 c:/altera/13sp1/nios2eds/bin/gnu/h-i686-mingw32/bin/../lib/gcc/nios2-elf/4.1.2/../../../../nios2-elf/lib\libc.a(lib_a-impure.o)
 .bss           0x00001c30        0x0 c:/altera/13sp1/nios2eds/bin/gnu/h-i686-mingw32/bin/../lib/gcc/nios2-elf/4.1.2/../../../../nios2-elf/lib\libc.a(lib_a-int_errno.o)
 .bss           0x00001c30        0x0 c:/altera/13sp1/nios2eds/bin/gnu/h-i686-mingw32/bin/../lib/gcc/nios2-elf/4.1.2/../../../../nios2-elf/lib\libc.a(lib_a-memcmp.o)
 .bss           0x00001c30        0x0 c:/altera/13sp1/nios2eds/bin/gnu/h-i686-mingw32/bin/../lib/gcc/nios2-elf/4.1.2/../../../../nios2-elf/lib\libc.a(lib_a-strlen.o)
 .bss           0x00001c30        0x0 c:/altera/13sp1/nios2eds/bin/gnu/h-i686-mingw32/bin/../lib/gcc/nios2-elf/4.1.2/../../../../nios2-elf/lib\libc.a(lib_a-__call_atexit.o)
 .bss           0x00001c30        0x0 BSP/\libhal_bsp.a(alt_exit.o)
 *(COMMON)
                0x00001c30                . = ALIGN (0x4)
                0x00001c30                __bss_end = ABSOLUTE (.)

.RAM            0x00001c30        0x0
                0x00001c30                PROVIDE (_alt_partition_RAM_start, ABSOLUTE (.))
 *(.RAM. RAM.*)
                0x00001c30                . = ALIGN (0x4)
                0x00001c30                PROVIDE (_alt_partition_RAM_end, ABSOLUTE (.))
                0x00001c30                _end = ABSOLUTE (.)
                0x00001c30                end = ABSOLUTE (.)
                0x00001c30                __alt_stack_base = ABSOLUTE (.)
                0x00001c30                PROVIDE (_alt_partition_RAM_load_addr, LOADADDR (.RAM))

.stab
 *(.stab)

.stabstr
 *(.stabstr)

.stab.excl
 *(.stab.excl)

.stab.exclstr
 *(.stab.exclstr)

.stab.index
 *(.stab.index)

.stab.indexstr
 *(.stab.indexstr)

.comment        0x00000000       0x26
 *(.comment)
 .comment       0x00000000       0x26 obj/default//H/SeniorYear/ENGR325/Lab/Lab1/Lab1SW/main2.o
                                 0x27 (size before relaxing)
 .comment       0x00000000       0x27 BSP/\libhal_bsp.a(alt_load.o)
 .comment       0x00000000       0x27 BSP/\libhal_bsp.a(alt_main.o)
 .comment       0x00000000       0x27 BSP/\libhal_bsp.a(alt_sys_init.o)
 .comment       0x00000000       0x27 BSP/\libhal_bsp.a(altera_up_avalon_character_lcd.o)
 .comment       0x00000000       0x27 BSP/\libhal_bsp.a(altera_up_avalon_rs232.o)
 .comment       0x00000000       0x27 BSP/\libhal_bsp.a(alt_close.o)
 .comment       0x00000000       0x27 BSP/\libhal_bsp.a(alt_dcache_flush_all.o)
 .comment       0x00000000       0x27 BSP/\libhal_bsp.a(alt_dev.o)
 .comment       0x00000000       0x27 BSP/\libhal_bsp.a(alt_dev_llist_insert.o)
 .comment       0x00000000       0x27 BSP/\libhal_bsp.a(alt_errno.o)
 .comment       0x00000000       0x27 BSP/\libhal_bsp.a(alt_find_dev.o)
 .comment       0x00000000       0x27 BSP/\libhal_bsp.a(alt_icache_flush_all.o)
 .comment       0x00000000       0x27 BSP/\libhal_bsp.a(alt_release_fd.o)
 .comment       0x00000000       0x27 BSP/\libhal_bsp.a(altera_nios2_qsys_irq.o)
 .comment       0x00000000       0x27 BSP/\libhal_bsp.a(alt_icache_flush.o)
 .comment       0x00000000       0x27 c:/altera/13sp1/nios2eds/bin/gnu/h-i686-mingw32/bin/../lib/gcc/nios2-elf/4.1.2/../../../../nios2-elf/lib\libc.a(lib_a-exit.o)
 .comment       0x00000000       0x27 c:/altera/13sp1/nios2eds/bin/gnu/h-i686-mingw32/bin/../lib/gcc/nios2-elf/4.1.2/../../../../nios2-elf/lib\libc.a(lib_a-impure.o)
 .comment       0x00000000       0x27 c:/altera/13sp1/nios2eds/bin/gnu/h-i686-mingw32/bin/../lib/gcc/nios2-elf/4.1.2/../../../../nios2-elf/lib\libc.a(lib_a-int_errno.o)
 .comment       0x00000000       0x27 c:/altera/13sp1/nios2eds/bin/gnu/h-i686-mingw32/bin/../lib/gcc/nios2-elf/4.1.2/../../../../nios2-elf/lib\libc.a(lib_a-memcmp.o)
 .comment       0x00000000       0x27 c:/altera/13sp1/nios2eds/bin/gnu/h-i686-mingw32/bin/../lib/gcc/nios2-elf/4.1.2/../../../../nios2-elf/lib\libc.a(lib_a-strlen.o)
 .comment       0x00000000       0x27 c:/altera/13sp1/nios2eds/bin/gnu/h-i686-mingw32/bin/../lib/gcc/nios2-elf/4.1.2/../../../../nios2-elf/lib\libc.a(lib_a-__call_atexit.o)
 .comment       0x00000000       0x27 BSP/\libhal_bsp.a(alt_exit.o)

.debug
 *(.debug)

.line
 *(.line)

.debug_srcinfo
 *(.debug_srcinfo)

.debug_sfnames
 *(.debug_sfnames)

.debug_aranges  0x00000000      0x2a8
 *(.debug_aranges)
 .debug_aranges
                0x00000000       0x28 BSP//obj/HAL/src/crt0.o
 .debug_aranges
                0x00000028       0x20 obj/default//H/SeniorYear/ENGR325/Lab/Lab1/Lab1SW/main2.o
 .debug_aranges
                0x00000048       0x20 BSP/\libhal_bsp.a(alt_load.o)
 .debug_aranges
                0x00000068       0x20 BSP/\libhal_bsp.a(alt_main.o)
 .debug_aranges
                0x00000088       0x20 BSP/\libhal_bsp.a(alt_sys_init.o)
 .debug_aranges
                0x000000a8       0x20 BSP/\libhal_bsp.a(altera_up_avalon_character_lcd.o)
 .debug_aranges
                0x000000c8       0x20 BSP/\libhal_bsp.a(altera_up_avalon_rs232.o)
 .debug_aranges
                0x000000e8       0x20 BSP/\libhal_bsp.a(alt_close.o)
 .debug_aranges
                0x00000108       0x20 BSP/\libhal_bsp.a(alt_dcache_flush_all.o)
 .debug_aranges
                0x00000128       0x20 BSP/\libhal_bsp.a(alt_dev.o)
 .debug_aranges
                0x00000148       0x20 BSP/\libhal_bsp.a(alt_dev_llist_insert.o)
 .debug_aranges
                0x00000168       0x20 BSP/\libhal_bsp.a(alt_find_dev.o)
 .debug_aranges
                0x00000188       0x20 BSP/\libhal_bsp.a(alt_icache_flush_all.o)
 .debug_aranges
                0x000001a8       0x20 BSP/\libhal_bsp.a(alt_release_fd.o)
 .debug_aranges
                0x000001c8       0x20 BSP/\libhal_bsp.a(altera_nios2_qsys_irq.o)
 .debug_aranges
                0x000001e8       0x20 BSP/\libhal_bsp.a(alt_icache_flush.o)
 .debug_aranges
                0x00000208       0x20 c:/altera/13sp1/nios2eds/bin/gnu/h-i686-mingw32/bin/../lib/gcc/nios2-elf/4.1.2/../../../../nios2-elf/lib\libc.a(lib_a-exit.o)
 .debug_aranges
                0x00000228       0x20 c:/altera/13sp1/nios2eds/bin/gnu/h-i686-mingw32/bin/../lib/gcc/nios2-elf/4.1.2/../../../../nios2-elf/lib\libc.a(lib_a-memcmp.o)
 .debug_aranges
                0x00000248       0x20 c:/altera/13sp1/nios2eds/bin/gnu/h-i686-mingw32/bin/../lib/gcc/nios2-elf/4.1.2/../../../../nios2-elf/lib\libc.a(lib_a-strlen.o)
 .debug_aranges
                0x00000268       0x20 c:/altera/13sp1/nios2eds/bin/gnu/h-i686-mingw32/bin/../lib/gcc/nios2-elf/4.1.2/../../../../nios2-elf/lib\libc.a(lib_a-__call_atexit.o)
 .debug_aranges
                0x00000288       0x20 BSP/\libhal_bsp.a(alt_exit.o)

.debug_pubnames
                0x00000000      0x691
 *(.debug_pubnames)
 .debug_pubnames
                0x00000000       0x1b obj/default//H/SeniorYear/ENGR325/Lab/Lab1/Lab1SW/main2.o
 .debug_pubnames
                0x0000001b       0x1f BSP/\libhal_bsp.a(alt_load.o)
 .debug_pubnames
                0x0000003a       0x46 BSP/\libhal_bsp.a(alt_main.o)
 .debug_pubnames
                0x00000080       0x34 BSP/\libhal_bsp.a(alt_sys_init.o)
 .debug_pubnames
                0x000000b4      0x1cd BSP/\libhal_bsp.a(altera_up_avalon_character_lcd.o)
 .debug_pubnames
                0x00000281      0x163 BSP/\libhal_bsp.a(altera_up_avalon_rs232.o)
 .debug_pubnames
                0x000003e4       0x1c BSP/\libhal_bsp.a(alt_close.o)
 .debug_pubnames
                0x00000400       0x2b BSP/\libhal_bsp.a(alt_dcache_flush_all.o)
 .debug_pubnames
                0x0000042b       0x63 BSP/\libhal_bsp.a(alt_dev.o)
 .debug_pubnames
                0x0000048e       0x2b BSP/\libhal_bsp.a(alt_dev_llist_insert.o)
 .debug_pubnames
                0x000004b9       0x20 BSP/\libhal_bsp.a(alt_errno.o)
 .debug_pubnames
                0x000004d9       0x23 BSP/\libhal_bsp.a(alt_find_dev.o)
 .debug_pubnames
                0x000004fc       0x2b BSP/\libhal_bsp.a(alt_icache_flush_all.o)
 .debug_pubnames
                0x00000527       0x25 BSP/\libhal_bsp.a(alt_release_fd.o)
 .debug_pubnames
                0x0000054c       0x31 BSP/\libhal_bsp.a(altera_nios2_qsys_irq.o)
 .debug_pubnames
                0x0000057d       0x27 BSP/\libhal_bsp.a(alt_icache_flush.o)
 .debug_pubnames
                0x000005a4       0x1b c:/altera/13sp1/nios2eds/bin/gnu/h-i686-mingw32/bin/../lib/gcc/nios2-elf/4.1.2/../../../../nios2-elf/lib\libc.a(lib_a-exit.o)
 .debug_pubnames
                0x000005bf       0x39 c:/altera/13sp1/nios2eds/bin/gnu/h-i686-mingw32/bin/../lib/gcc/nios2-elf/4.1.2/../../../../nios2-elf/lib\libc.a(lib_a-impure.o)
 .debug_pubnames
                0x000005f8       0x1c c:/altera/13sp1/nios2eds/bin/gnu/h-i686-mingw32/bin/../lib/gcc/nios2-elf/4.1.2/../../../../nios2-elf/lib\libc.a(lib_a-int_errno.o)
 .debug_pubnames
                0x00000614       0x1d c:/altera/13sp1/nios2eds/bin/gnu/h-i686-mingw32/bin/../lib/gcc/nios2-elf/4.1.2/../../../../nios2-elf/lib\libc.a(lib_a-memcmp.o)
 .debug_pubnames
                0x00000631       0x1d c:/altera/13sp1/nios2eds/bin/gnu/h-i686-mingw32/bin/../lib/gcc/nios2-elf/4.1.2/../../../../nios2-elf/lib\libc.a(lib_a-strlen.o)
 .debug_pubnames
                0x0000064e       0x27 c:/altera/13sp1/nios2eds/bin/gnu/h-i686-mingw32/bin/../lib/gcc/nios2-elf/4.1.2/../../../../nios2-elf/lib\libc.a(lib_a-__call_atexit.o)
 .debug_pubnames
                0x00000675       0x1c BSP/\libhal_bsp.a(alt_exit.o)

.debug_info     0x00000000     0x4b41
 *(.debug_info .gnu.linkonce.wi.*)
 .debug_info    0x00000000       0x5b BSP//obj/HAL/src/crt0.o
 .debug_info    0x0000005b      0x4a4 obj/default//H/SeniorYear/ENGR325/Lab/Lab1/Lab1SW/main2.o
 .debug_info    0x000004ff      0x1a1 BSP/\libhal_bsp.a(alt_load.o)
 .debug_info    0x000006a0      0x161 BSP/\libhal_bsp.a(alt_main.o)
 .debug_info    0x00000801      0x425 BSP/\libhal_bsp.a(alt_sys_init.o)
 .debug_info    0x00000c26      0x653 BSP/\libhal_bsp.a(altera_up_avalon_character_lcd.o)
 .debug_info    0x00001279      0x5aa BSP/\libhal_bsp.a(altera_up_avalon_rs232.o)
 .debug_info    0x00001823      0x364 BSP/\libhal_bsp.a(alt_close.o)
 .debug_info    0x00001b87       0x8d BSP/\libhal_bsp.a(alt_dcache_flush_all.o)
 .debug_info    0x00001c14      0x4dd BSP/\libhal_bsp.a(alt_dev.o)
 .debug_info    0x000020f1      0x1b7 BSP/\libhal_bsp.a(alt_dev_llist_insert.o)
 .debug_info    0x000022a8       0xab BSP/\libhal_bsp.a(alt_errno.o)
 .debug_info    0x00002353      0x310 BSP/\libhal_bsp.a(alt_find_dev.o)
 .debug_info    0x00002663       0x8f BSP/\libhal_bsp.a(alt_icache_flush_all.o)
 .debug_info    0x000026f2      0x2d9 BSP/\libhal_bsp.a(alt_release_fd.o)
 .debug_info    0x000029cb       0xb7 BSP/\libhal_bsp.a(altera_nios2_qsys_irq.o)
 .debug_info    0x00002a82       0xd5 BSP/\libhal_bsp.a(alt_icache_flush.o)
 .debug_info    0x00002b57      0x93f c:/altera/13sp1/nios2eds/bin/gnu/h-i686-mingw32/bin/../lib/gcc/nios2-elf/4.1.2/../../../../nios2-elf/lib\libc.a(lib_a-exit.o)
 .debug_info    0x00003496      0x93d c:/altera/13sp1/nios2eds/bin/gnu/h-i686-mingw32/bin/../lib/gcc/nios2-elf/4.1.2/../../../../nios2-elf/lib\libc.a(lib_a-impure.o)
 .debug_info    0x00003dd3       0x8c c:/altera/13sp1/nios2eds/bin/gnu/h-i686-mingw32/bin/../lib/gcc/nios2-elf/4.1.2/../../../../nios2-elf/lib\libc.a(lib_a-int_errno.o)
 .debug_info    0x00003e5f      0x115 c:/altera/13sp1/nios2eds/bin/gnu/h-i686-mingw32/bin/../lib/gcc/nios2-elf/4.1.2/../../../../nios2-elf/lib\libc.a(lib_a-memcmp.o)
 .debug_info    0x00003f74       0xdb c:/altera/13sp1/nios2eds/bin/gnu/h-i686-mingw32/bin/../lib/gcc/nios2-elf/4.1.2/../../../../nios2-elf/lib\libc.a(lib_a-strlen.o)
 .debug_info    0x0000404f      0x9e2 c:/altera/13sp1/nios2eds/bin/gnu/h-i686-mingw32/bin/../lib/gcc/nios2-elf/4.1.2/../../../../nios2-elf/lib\libc.a(lib_a-__call_atexit.o)
 .debug_info    0x00004a31      0x110 BSP/\libhal_bsp.a(alt_exit.o)

.debug_abbrev   0x00000000     0x1420
 *(.debug_abbrev)
 .debug_abbrev  0x00000000       0x12 BSP//obj/HAL/src/crt0.o
 .debug_abbrev  0x00000012      0x11c obj/default//H/SeniorYear/ENGR325/Lab/Lab1/Lab1SW/main2.o
 .debug_abbrev  0x0000012e       0xb6 BSP/\libhal_bsp.a(alt_load.o)
 .debug_abbrev  0x000001e4       0xbe BSP/\libhal_bsp.a(alt_main.o)
 .debug_abbrev  0x000002a2      0x15a BSP/\libhal_bsp.a(alt_sys_init.o)
 .debug_abbrev  0x000003fc      0x182 BSP/\libhal_bsp.a(altera_up_avalon_character_lcd.o)
 .debug_abbrev  0x0000057e      0x155 BSP/\libhal_bsp.a(altera_up_avalon_rs232.o)
 .debug_abbrev  0x000006d3      0x124 BSP/\libhal_bsp.a(alt_close.o)
 .debug_abbrev  0x000007f7       0x3f BSP/\libhal_bsp.a(alt_dcache_flush_all.o)
 .debug_abbrev  0x00000836       0xd6 BSP/\libhal_bsp.a(alt_dev.o)
 .debug_abbrev  0x0000090c      0x117 BSP/\libhal_bsp.a(alt_dev_llist_insert.o)
 .debug_abbrev  0x00000a23       0x5e BSP/\libhal_bsp.a(alt_errno.o)
 .debug_abbrev  0x00000a81       0xed BSP/\libhal_bsp.a(alt_find_dev.o)
 .debug_abbrev  0x00000b6e       0x3f BSP/\libhal_bsp.a(alt_icache_flush_all.o)
 .debug_abbrev  0x00000bad       0xdb BSP/\libhal_bsp.a(alt_release_fd.o)
 .debug_abbrev  0x00000c88       0x64 BSP/\libhal_bsp.a(altera_nios2_qsys_irq.o)
 .debug_abbrev  0x00000cec       0x89 BSP/\libhal_bsp.a(alt_icache_flush.o)
 .debug_abbrev  0x00000d75      0x16e c:/altera/13sp1/nios2eds/bin/gnu/h-i686-mingw32/bin/../lib/gcc/nios2-elf/4.1.2/../../../../nios2-elf/lib\libc.a(lib_a-exit.o)
 .debug_abbrev  0x00000ee3      0x157 c:/altera/13sp1/nios2eds/bin/gnu/h-i686-mingw32/bin/../lib/gcc/nios2-elf/4.1.2/../../../../nios2-elf/lib\libc.a(lib_a-impure.o)
 .debug_abbrev  0x0000103a       0x3b c:/altera/13sp1/nios2eds/bin/gnu/h-i686-mingw32/bin/../lib/gcc/nios2-elf/4.1.2/../../../../nios2-elf/lib\libc.a(lib_a-int_errno.o)
 .debug_abbrev  0x00001075       0x7c c:/altera/13sp1/nios2eds/bin/gnu/h-i686-mingw32/bin/../lib/gcc/nios2-elf/4.1.2/../../../../nios2-elf/lib\libc.a(lib_a-memcmp.o)
 .debug_abbrev  0x000010f1       0x8b c:/altera/13sp1/nios2eds/bin/gnu/h-i686-mingw32/bin/../lib/gcc/nios2-elf/4.1.2/../../../../nios2-elf/lib\libc.a(lib_a-strlen.o)
 .debug_abbrev  0x0000117c      0x1de c:/altera/13sp1/nios2eds/bin/gnu/h-i686-mingw32/bin/../lib/gcc/nios2-elf/4.1.2/../../../../nios2-elf/lib\libc.a(lib_a-__call_atexit.o)
 .debug_abbrev  0x0000135a       0xc6 BSP/\libhal_bsp.a(alt_exit.o)

.debug_line     0x00000000     0x36f1
 *(.debug_line)
 .debug_line    0x00000000       0x6c BSP//obj/HAL/src/crt0.o
 .debug_line    0x0000006c      0x337 obj/default//H/SeniorYear/ENGR325/Lab/Lab1/Lab1SW/main2.o
 .debug_line    0x000003a3      0x26f BSP/\libhal_bsp.a(alt_load.o)
 .debug_line    0x00000612      0x2c2 BSP/\libhal_bsp.a(alt_main.o)
 .debug_line    0x000008d4      0x2b0 BSP/\libhal_bsp.a(alt_sys_init.o)
 .debug_line    0x00000b84      0x438 BSP/\libhal_bsp.a(altera_up_avalon_character_lcd.o)
 .debug_line    0x00000fbc      0x37e BSP/\libhal_bsp.a(altera_up_avalon_rs232.o)
 .debug_line    0x0000133a      0x281 BSP/\libhal_bsp.a(alt_close.o)
 .debug_line    0x000015bb      0x1b1 BSP/\libhal_bsp.a(alt_dcache_flush_all.o)
 .debug_line    0x0000176c      0x248 BSP/\libhal_bsp.a(alt_dev.o)
 .debug_line    0x000019b4      0x232 BSP/\libhal_bsp.a(alt_dev_llist_insert.o)
 .debug_line    0x00001be6      0x1a6 BSP/\libhal_bsp.a(alt_errno.o)
 .debug_line    0x00001d8c      0x257 BSP/\libhal_bsp.a(alt_find_dev.o)
 .debug_line    0x00001fe3      0x1b9 BSP/\libhal_bsp.a(alt_icache_flush_all.o)
 .debug_line    0x0000219c       0xe5 BSP/\libhal_bsp.a(alt_release_fd.o)
 .debug_line    0x00002281      0x1e3 BSP/\libhal_bsp.a(altera_nios2_qsys_irq.o)
 .debug_line    0x00002464      0x1e5 BSP/\libhal_bsp.a(alt_icache_flush.o)
 .debug_line    0x00002649      0x238 c:/altera/13sp1/nios2eds/bin/gnu/h-i686-mingw32/bin/../lib/gcc/nios2-elf/4.1.2/../../../../nios2-elf/lib\libc.a(lib_a-exit.o)
 .debug_line    0x00002881      0x22d c:/altera/13sp1/nios2eds/bin/gnu/h-i686-mingw32/bin/../lib/gcc/nios2-elf/4.1.2/../../../../nios2-elf/lib\libc.a(lib_a-impure.o)
 .debug_line    0x00002aae      0x1df c:/altera/13sp1/nios2eds/bin/gnu/h-i686-mingw32/bin/../lib/gcc/nios2-elf/4.1.2/../../../../nios2-elf/lib\libc.a(lib_a-int_errno.o)
 .debug_line    0x00002c8d      0x29f c:/altera/13sp1/nios2eds/bin/gnu/h-i686-mingw32/bin/../lib/gcc/nios2-elf/4.1.2/../../../../nios2-elf/lib\libc.a(lib_a-memcmp.o)
 .debug_line    0x00002f2c      0x26d c:/altera/13sp1/nios2eds/bin/gnu/h-i686-mingw32/bin/../lib/gcc/nios2-elf/4.1.2/../../../../nios2-elf/lib\libc.a(lib_a-strlen.o)
 .debug_line    0x00003199      0x367 c:/altera/13sp1/nios2eds/bin/gnu/h-i686-mingw32/bin/../lib/gcc/nios2-elf/4.1.2/../../../../nios2-elf/lib\libc.a(lib_a-__call_atexit.o)
 .debug_line    0x00003500      0x1f1 BSP/\libhal_bsp.a(alt_exit.o)

.debug_frame    0x00000000      0x4fc
 *(.debug_frame)
 .debug_frame   0x00000000       0x30 obj/default//H/SeniorYear/ENGR325/Lab/Lab1/Lab1SW/main2.o
 .debug_frame   0x00000030       0x28 BSP/\libhal_bsp.a(alt_load.o)
 .debug_frame   0x00000058       0x28 BSP/\libhal_bsp.a(alt_main.o)
 .debug_frame   0x00000080       0x44 BSP/\libhal_bsp.a(alt_sys_init.o)
 .debug_frame   0x000000c4      0x134 BSP/\libhal_bsp.a(altera_up_avalon_character_lcd.o)
 .debug_frame   0x000001f8       0xe4 BSP/\libhal_bsp.a(altera_up_avalon_rs232.o)
 .debug_frame   0x000002dc       0x2c BSP/\libhal_bsp.a(alt_close.o)
 .debug_frame   0x00000308       0x20 BSP/\libhal_bsp.a(alt_dcache_flush_all.o)
 .debug_frame   0x00000328       0x20 BSP/\libhal_bsp.a(alt_dev.o)
 .debug_frame   0x00000348       0x28 BSP/\libhal_bsp.a(alt_dev_llist_insert.o)
 .debug_frame   0x00000370       0x30 BSP/\libhal_bsp.a(alt_find_dev.o)
 .debug_frame   0x000003a0       0x28 BSP/\libhal_bsp.a(alt_icache_flush_all.o)
 .debug_frame   0x000003c8       0x20 BSP/\libhal_bsp.a(alt_release_fd.o)
 .debug_frame   0x000003e8       0x20 BSP/\libhal_bsp.a(altera_nios2_qsys_irq.o)
 .debug_frame   0x00000408       0x20 BSP/\libhal_bsp.a(alt_icache_flush.o)
 .debug_frame   0x00000428       0x28 c:/altera/13sp1/nios2eds/bin/gnu/h-i686-mingw32/bin/../lib/gcc/nios2-elf/4.1.2/../../../../nios2-elf/lib\libc.a(lib_a-exit.o)
 .debug_frame   0x00000450       0x20 c:/altera/13sp1/nios2eds/bin/gnu/h-i686-mingw32/bin/../lib/gcc/nios2-elf/4.1.2/../../../../nios2-elf/lib\libc.a(lib_a-memcmp.o)
 .debug_frame   0x00000470       0x20 c:/altera/13sp1/nios2eds/bin/gnu/h-i686-mingw32/bin/../lib/gcc/nios2-elf/4.1.2/../../../../nios2-elf/lib\libc.a(lib_a-strlen.o)
 .debug_frame   0x00000490       0x4c c:/altera/13sp1/nios2eds/bin/gnu/h-i686-mingw32/bin/../lib/gcc/nios2-elf/4.1.2/../../../../nios2-elf/lib\libc.a(lib_a-__call_atexit.o)
 .debug_frame   0x000004dc       0x20 BSP/\libhal_bsp.a(alt_exit.o)

.debug_str      0x00000000     0x1154
 *(.debug_str)
 .debug_str     0x00000000      0x22c obj/default//H/SeniorYear/ENGR325/Lab/Lab1/Lab1SW/main2.o
                                0x295 (size before relaxing)
 .debug_str     0x0000022c      0x113 BSP/\libhal_bsp.a(alt_load.o)
                                0x1b0 (size before relaxing)
 .debug_str     0x0000033f       0x65 BSP/\libhal_bsp.a(alt_main.o)
                                0x164 (size before relaxing)
 .debug_str     0x000003a4       0x53 BSP/\libhal_bsp.a(alt_sys_init.o)
                                0x22c (size before relaxing)
 .debug_str     0x000003f7      0x1ea BSP/\libhal_bsp.a(altera_up_avalon_character_lcd.o)
                                0x38f (size before relaxing)
 .debug_str     0x000005e1      0x175 BSP/\libhal_bsp.a(altera_up_avalon_rs232.o)
                                0x30a (size before relaxing)
 .debug_str     0x00000756       0x44 BSP/\libhal_bsp.a(alt_close.o)
                                0x1a9 (size before relaxing)
 .debug_str     0x0000079a       0x34 BSP/\libhal_bsp.a(alt_dcache_flush_all.o)
                                 0xf3 (size before relaxing)
 .debug_str     0x000007ce      0x120 BSP/\libhal_bsp.a(alt_dev.o)
                                0x2a3 (size before relaxing)
 .debug_str     0x000008ee       0x59 BSP/\libhal_bsp.a(alt_dev_llist_insert.o)
                                0x16a (size before relaxing)
 .debug_str     0x00000947       0x14 BSP/\libhal_bsp.a(alt_errno.o)
                                 0xe3 (size before relaxing)
 .debug_str     0x0000095b       0x24 BSP/\libhal_bsp.a(alt_find_dev.o)
                                0x18a (size before relaxing)
 .debug_str     0x0000097f       0x34 BSP/\libhal_bsp.a(alt_icache_flush_all.o)
                                 0xf3 (size before relaxing)
 .debug_str     0x000009b3       0x28 BSP/\libhal_bsp.a(alt_release_fd.o)
                                0x186 (size before relaxing)
 .debug_str     0x000009db       0x3b BSP/\libhal_bsp.a(altera_nios2_qsys_irq.o)
                                0x123 (size before relaxing)
 .debug_str     0x00000a16       0x2c BSP/\libhal_bsp.a(alt_icache_flush.o)
                                 0xf9 (size before relaxing)
 .debug_str     0x00000a42      0x435 c:/altera/13sp1/nios2eds/bin/gnu/h-i686-mingw32/bin/../lib/gcc/nios2-elf/4.1.2/../../../../nios2-elf/lib\libc.a(lib_a-exit.o)
                                0x50c (size before relaxing)
 .debug_str     0x00000e77       0xd1 c:/altera/13sp1/nios2eds/bin/gnu/h-i686-mingw32/bin/../lib/gcc/nios2-elf/4.1.2/../../../../nios2-elf/lib\libc.a(lib_a-impure.o)
                                0x51a (size before relaxing)
 .debug_str     0x00000f48       0x3d c:/altera/13sp1/nios2eds/bin/gnu/h-i686-mingw32/bin/../lib/gcc/nios2-elf/4.1.2/../../../../nios2-elf/lib\libc.a(lib_a-int_errno.o)
                                0x163 (size before relaxing)
 .debug_str     0x00000f85       0xd5 c:/altera/13sp1/nios2eds/bin/gnu/h-i686-mingw32/bin/../lib/gcc/nios2-elf/4.1.2/../../../../nios2-elf/lib\libc.a(lib_a-memcmp.o)
                                0x16a (size before relaxing)
 .debug_str     0x0000105a       0x4f c:/altera/13sp1/nios2eds/bin/gnu/h-i686-mingw32/bin/../lib/gcc/nios2-elf/4.1.2/../../../../nios2-elf/lib\libc.a(lib_a-strlen.o)
                                0x17d (size before relaxing)
 .debug_str     0x000010a9       0x7b c:/altera/13sp1/nios2eds/bin/gnu/h-i686-mingw32/bin/../lib/gcc/nios2-elf/4.1.2/../../../../nios2-elf/lib\libc.a(lib_a-__call_atexit.o)
                                0x54e (size before relaxing)
 .debug_str     0x00001124       0x30 BSP/\libhal_bsp.a(alt_exit.o)
                                0x118 (size before relaxing)

.debug_loc      0x00000000      0xde0
 *(.debug_loc)
 .debug_loc     0x00000000      0x1b0 obj/default//H/SeniorYear/ENGR325/Lab/Lab1/Lab1SW/main2.o
 .debug_loc     0x000001b0       0xeb BSP/\libhal_bsp.a(alt_load.o)
 .debug_loc     0x0000029b       0x1f BSP/\libhal_bsp.a(alt_main.o)
 .debug_loc     0x000002ba       0x51 BSP/\libhal_bsp.a(alt_sys_init.o)
 .debug_loc     0x0000030b      0x39a BSP/\libhal_bsp.a(altera_up_avalon_character_lcd.o)
 .debug_loc     0x000006a5      0x23b BSP/\libhal_bsp.a(altera_up_avalon_rs232.o)
 .debug_loc     0x000008e0       0x9a BSP/\libhal_bsp.a(alt_close.o)
 .debug_loc     0x0000097a       0x5b BSP/\libhal_bsp.a(alt_dev_llist_insert.o)
 .debug_loc     0x000009d5       0x81 BSP/\libhal_bsp.a(alt_find_dev.o)
 .debug_loc     0x00000a56       0x1f BSP/\libhal_bsp.a(alt_icache_flush_all.o)
 .debug_loc     0x00000a75       0x13 BSP/\libhal_bsp.a(alt_icache_flush.o)
 .debug_loc     0x00000a88       0x3d c:/altera/13sp1/nios2eds/bin/gnu/h-i686-mingw32/bin/../lib/gcc/nios2-elf/4.1.2/../../../../nios2-elf/lib\libc.a(lib_a-exit.o)
 .debug_loc     0x00000ac5      0x114 c:/altera/13sp1/nios2eds/bin/gnu/h-i686-mingw32/bin/../lib/gcc/nios2-elf/4.1.2/../../../../nios2-elf/lib\libc.a(lib_a-memcmp.o)
 .debug_loc     0x00000bd9       0x3c c:/altera/13sp1/nios2eds/bin/gnu/h-i686-mingw32/bin/../lib/gcc/nios2-elf/4.1.2/../../../../nios2-elf/lib\libc.a(lib_a-strlen.o)
 .debug_loc     0x00000c15      0x1cb c:/altera/13sp1/nios2eds/bin/gnu/h-i686-mingw32/bin/../lib/gcc/nios2-elf/4.1.2/../../../../nios2-elf/lib\libc.a(lib_a-__call_atexit.o)

.debug_macinfo
 *(.debug_macinfo)

.debug_weaknames
 *(.debug_weaknames)

.debug_funcnames
 *(.debug_funcnames)

.debug_typenames
 *(.debug_typenames)

.debug_varnames
 *(.debug_varnames)

.debug_alt_sim_info
                0x00000000       0x20
 *(.debug_alt_sim_info)
 .debug_alt_sim_info
                0x00000000       0x20 BSP//obj/HAL/src/crt0.o
                0x00006000                __alt_data_end = 0x6000
                0x00006000                PROVIDE (__alt_stack_pointer, __alt_data_end)
                0x00001c30                PROVIDE (__alt_stack_limit, __alt_stack_base)
                0x00001c30                PROVIDE (__alt_heap_start, end)
                0x00006000                PROVIDE (__alt_heap_limit, 0x6000)
OUTPUT(H:/SeniorYear/ENGR325/Lab/Lab1/Lab3SW/main2.elf elf32-littlenios2)

.debug_ranges   0x00000000       0x80
 .debug_ranges  0x00000000       0x20 BSP//obj/HAL/src/crt0.o
 .debug_ranges  0x00000020       0x48 BSP/\libhal_bsp.a(alt_load.o)
 .debug_ranges  0x00000068       0x18 c:/altera/13sp1/nios2eds/bin/gnu/h-i686-mingw32/bin/../lib/gcc/nios2-elf/4.1.2/../../../../nios2-elf/lib\libc.a(lib_a-__call_atexit.o)
