Archive member included because of file (symbol)

c:/altera/13sp1/nios2eds/bin/gnu/h-i686-mingw32/bin/../lib/gcc/nios2-elf/4.1.2\libgcc.a(lib2-divmod.o)
                              obj/default//H/SeniorYear/ENGR325/Lab/Lab7/main.o (__udivsi3)
c:/altera/13sp1/nios2eds/bin/gnu/h-i686-mingw32/bin/../lib/gcc/nios2-elf/4.1.2/../../../../nios2-elf/lib\libc.a(lib_a-strcpy.o)
                              obj/default//H/SeniorYear/ENGR325/Lab/Lab7/main.o (strcpy)
BSP/\libhal_bsp.a(alt_irq_register.o)
                              obj/default//H/SeniorYear/ENGR325/Lab/Lab7/main.o (alt_irq_register)
BSP/\libhal_bsp.a(alt_irq_vars.o)
                              BSP/\libhal_bsp.a(alt_irq_register.o) (alt_irq_active)
BSP/\libhal_bsp.a(alt_load.o)
                              BSP//obj/HAL/src/crt0.o (alt_load)
BSP/\libhal_bsp.a(alt_main.o)
                              BSP//obj/HAL/src/crt0.o (alt_main)
BSP/\libhal_bsp.a(alt_tick.o)
                              obj/default//H/SeniorYear/ENGR325/Lab/Lab7/main.o (_alt_nticks)
BSP/\libhal_bsp.a(alt_sys_init.o)
                              BSP/\libhal_bsp.a(alt_main.o) (alt_irq_init)
BSP/\libhal_bsp.a(altera_avalon_jtag_uart_fd.o)
                              BSP/\libhal_bsp.a(alt_sys_init.o) (altera_avalon_jtag_uart_ioctl_fd)
BSP/\libhal_bsp.a(altera_avalon_jtag_uart_init.o)
                              BSP/\libhal_bsp.a(altera_avalon_jtag_uart_fd.o) (altera_avalon_jtag_uart_close)
BSP/\libhal_bsp.a(altera_avalon_jtag_uart_ioctl.o)
                              BSP/\libhal_bsp.a(altera_avalon_jtag_uart_fd.o) (altera_avalon_jtag_uart_ioctl)
BSP/\libhal_bsp.a(altera_avalon_jtag_uart_read.o)
                              BSP/\libhal_bsp.a(altera_avalon_jtag_uart_fd.o) (altera_avalon_jtag_uart_read)
BSP/\libhal_bsp.a(altera_avalon_jtag_uart_write.o)
                              BSP/\libhal_bsp.a(altera_avalon_jtag_uart_fd.o) (altera_avalon_jtag_uart_write)
BSP/\libhal_bsp.a(altera_avalon_timer_sc.o)
                              obj/default//H/SeniorYear/ENGR325/Lab/Lab7/main.o (alt_avalon_timer_sc_init)
BSP/\libhal_bsp.a(altera_up_avalon_character_lcd.o)
                              obj/default//H/SeniorYear/ENGR325/Lab/Lab7/main.o (alt_up_character_lcd_string)
BSP/\libhal_bsp.a(altera_up_avalon_parallel_port.o)
                              obj/default//H/SeniorYear/ENGR325/Lab/Lab7/main.o (alt_up_parallel_port_open_dev)
BSP/\libhal_bsp.a(alt_alarm_start.o)
                              BSP/\libhal_bsp.a(altera_avalon_jtag_uart_init.o) (alt_alarm_start)
BSP/\libhal_bsp.a(alt_close.o)
                              BSP/\libhal_bsp.a(alt_main.o) (close)
BSP/\libhal_bsp.a(alt_dcache_flush_all.o)
                              BSP/\libhal_bsp.a(alt_load.o) (alt_dcache_flush_all)
BSP/\libhal_bsp.a(alt_dev.o)  BSP/\libhal_bsp.a(alt_sys_init.o) (alt_dev_list)
BSP/\libhal_bsp.a(alt_dev_llist_insert.o)
                              BSP/\libhal_bsp.a(alt_sys_init.o) (alt_dev_llist_insert)
BSP/\libhal_bsp.a(alt_errno.o)
                              BSP/\libhal_bsp.a(alt_close.o) (alt_errno)
BSP/\libhal_bsp.a(alt_find_dev.o)
                              BSP/\libhal_bsp.a(altera_up_avalon_character_lcd.o) (alt_find_dev)
BSP/\libhal_bsp.a(alt_icache_flush_all.o)
                              BSP/\libhal_bsp.a(alt_load.o) (alt_icache_flush_all)
BSP/\libhal_bsp.a(alt_io_redirect.o)
                              BSP/\libhal_bsp.a(alt_main.o) (alt_io_redirect)
BSP/\libhal_bsp.a(alt_irq_entry.o)
                              BSP/\libhal_bsp.a(alt_irq_register.o) (alt_irq_entry)
BSP/\libhal_bsp.a(alt_irq_handler.o)
                              BSP/\libhal_bsp.a(alt_irq_register.o) (alt_irq_handler)
BSP/\libhal_bsp.a(alt_open.o)
                              BSP/\libhal_bsp.a(alt_io_redirect.o) (open)
BSP/\libhal_bsp.a(alt_release_fd.o)
                              BSP/\libhal_bsp.a(alt_close.o) (alt_release_fd)
BSP/\libhal_bsp.a(altera_nios2_qsys_irq.o)
                              BSP/\libhal_bsp.a(alt_sys_init.o) (altera_nios2_qsys_irq_init)
BSP/\libhal_bsp.a(alt_exception_entry.o)
                              BSP/\libhal_bsp.a(alt_irq_entry.o) (alt_exception)
BSP/\libhal_bsp.a(alt_find_file.o)
                              BSP/\libhal_bsp.a(alt_open.o) (alt_find_file)
BSP/\libhal_bsp.a(alt_get_fd.o)
                              BSP/\libhal_bsp.a(alt_open.o) (alt_get_fd)
BSP/\libhal_bsp.a(alt_icache_flush.o)
                              BSP/\libhal_bsp.a(alt_icache_flush_all.o) (alt_icache_flush)
c:/altera/13sp1/nios2eds/bin/gnu/h-i686-mingw32/bin/../lib/gcc/nios2-elf/4.1.2/../../../../nios2-elf/lib\libc.a(lib_a-exit.o)
                              BSP/\libhal_bsp.a(alt_main.o) (exit)
c:/altera/13sp1/nios2eds/bin/gnu/h-i686-mingw32/bin/../lib/gcc/nios2-elf/4.1.2/../../../../nios2-elf/lib\libc.a(lib_a-impure.o)
                              c:/altera/13sp1/nios2eds/bin/gnu/h-i686-mingw32/bin/../lib/gcc/nios2-elf/4.1.2/../../../../nios2-elf/lib\libc.a(lib_a-exit.o) (_global_impure_ptr)
c:/altera/13sp1/nios2eds/bin/gnu/h-i686-mingw32/bin/../lib/gcc/nios2-elf/4.1.2/../../../../nios2-elf/lib\libc.a(lib_a-int_errno.o)
                              BSP/\libhal_bsp.a(alt_close.o) (errno)
c:/altera/13sp1/nios2eds/bin/gnu/h-i686-mingw32/bin/../lib/gcc/nios2-elf/4.1.2/../../../../nios2-elf/lib\libc.a(lib_a-memcmp.o)
                              BSP/\libhal_bsp.a(alt_find_dev.o) (memcmp)
c:/altera/13sp1/nios2eds/bin/gnu/h-i686-mingw32/bin/../lib/gcc/nios2-elf/4.1.2/../../../../nios2-elf/lib\libc.a(lib_a-memcpy.o)
                              BSP/\libhal_bsp.a(altera_avalon_jtag_uart_read.o) (memcpy)
c:/altera/13sp1/nios2eds/bin/gnu/h-i686-mingw32/bin/../lib/gcc/nios2-elf/4.1.2/../../../../nios2-elf/lib\libc.a(lib_a-strlen.o)
                              BSP/\libhal_bsp.a(alt_find_dev.o) (strlen)
c:/altera/13sp1/nios2eds/bin/gnu/h-i686-mingw32/bin/../lib/gcc/nios2-elf/4.1.2/../../../../nios2-elf/lib\libc.a(lib_a-__call_atexit.o)
                              c:/altera/13sp1/nios2eds/bin/gnu/h-i686-mingw32/bin/../lib/gcc/nios2-elf/4.1.2/../../../../nios2-elf/lib\libc.a(lib_a-exit.o) (__call_exitprocs)
BSP/\libhal_bsp.a(alt_exit.o)
                              c:/altera/13sp1/nios2eds/bin/gnu/h-i686-mingw32/bin/../lib/gcc/nios2-elf/4.1.2/../../../../nios2-elf/lib\libc.a(lib_a-exit.o) (_exit)

Allocating common symbols
Common symbol       size              file

alt_irq             0x100             BSP/\libhal_bsp.a(alt_irq_handler.o)
edge_capture        0x4               obj/default//H/SeniorYear/ENGR325/Lab/Lab7/main.o
errno               0x4               c:/altera/13sp1/nios2eds/bin/gnu/h-i686-mingw32/bin/../lib/gcc/nios2-elf/4.1.2/../../../../nios2-elf/lib\libc.a(lib_a-int_errno.o)

Memory Configuration

Name             Origin             Length             Attributes
reset            0x00000000         0x00000020
RAM              0x00000020         0x00005fe0
*default*        0x00000000         0xffffffff

Linker script and memory map

LOAD BSP//obj/HAL/src/crt0.o
LOAD obj/default//H/SeniorYear/ENGR325/Lab/Lab7/main.o
LOAD c:/altera/13sp1/nios2eds/bin/gnu/h-i686-mingw32/bin/../lib/gcc/nios2-elf/4.1.2/../../../../nios2-elf/lib\libstdc++.a
LOAD c:/altera/13sp1/nios2eds/bin/gnu/h-i686-mingw32/bin/../lib/gcc/nios2-elf/4.1.2/../../../../nios2-elf/lib\libm.a
LOAD c:/altera/13sp1/nios2eds/bin/gnu/h-i686-mingw32/bin/../lib/gcc/nios2-elf/4.1.2\libgcc.a
START GROUP
LOAD c:/altera/13sp1/nios2eds/bin/gnu/h-i686-mingw32/bin/../lib/gcc/nios2-elf/4.1.2/../../../../nios2-elf/lib\libc.a
LOAD c:/altera/13sp1/nios2eds/bin/gnu/h-i686-mingw32/bin/../lib/gcc/nios2-elf/4.1.2\libgcc.a
LOAD BSP/\libhal_bsp.a
END GROUP
LOAD c:/altera/13sp1/nios2eds/bin/gnu/h-i686-mingw32/bin/../lib/gcc/nios2-elf/4.1.2\libgcc.a
                0x00000000                __alt_mem_RAM = 0x0

.entry          0x00000000       0x20
 *(.entry)
 .entry         0x00000000       0x20 BSP//obj/HAL/src/crt0.o
                0x00000000                __reset

.exceptions     0x00000020      0x148
                0x00000020                PROVIDE (__ram_exceptions_start, ABSOLUTE (.))
                0x00000020                . = ALIGN (0x20)
 *(.irq)
 *(.exceptions.entry.label)
 .exceptions.entry.label
                0x00000020        0x0 BSP/\libhal_bsp.a(alt_irq_entry.o)
                0x00000020                alt_irq_entry
 .exceptions.entry.label
                0x00000020        0x0 BSP/\libhal_bsp.a(alt_exception_entry.o)
                0x00000020                alt_exception
 *(.exceptions.entry.user)
 *(.exceptions.entry)
 .exceptions.entry
                0x00000020       0x54 BSP/\libhal_bsp.a(alt_exception_entry.o)
 *(.exceptions.irqtest.user)
 *(.exceptions.irqtest)
 .exceptions.irqtest
                0x00000074       0x10 BSP/\libhal_bsp.a(alt_irq_entry.o)
 *(.exceptions.irqhandler.user)
 *(.exceptions.irqhandler)
 .exceptions.irqhandler
                0x00000084        0x4 BSP/\libhal_bsp.a(alt_irq_entry.o)
 *(.exceptions.irqreturn.user)
 *(.exceptions.irqreturn)
 .exceptions.irqreturn
                0x00000088        0x4 BSP/\libhal_bsp.a(alt_irq_entry.o)
 *(.exceptions.notirq.label)
 .exceptions.notirq.label
                0x0000008c        0x0 BSP/\libhal_bsp.a(alt_irq_entry.o)
 *(.exceptions.notirq.user)
 *(.exceptions.notirq)
 .exceptions.notirq
                0x0000008c        0x8 BSP/\libhal_bsp.a(alt_exception_entry.o)
 *(.exceptions.soft.user)
 *(.exceptions.soft)
 *(.exceptions.unknown.user)
 *(.exceptions.unknown)
 .exceptions.unknown
                0x00000094        0x4 BSP/\libhal_bsp.a(alt_exception_entry.o)
 *(.exceptions.exit.label)
 .exceptions.exit.label
                0x00000098        0x0 BSP/\libhal_bsp.a(alt_irq_entry.o)
 .exceptions.exit.label
                0x00000098        0x0 BSP/\libhal_bsp.a(alt_exception_entry.o)
 *(.exceptions.exit.user)
 *(.exceptions.exit)
 .exceptions.exit
                0x00000098       0x54 BSP/\libhal_bsp.a(alt_exception_entry.o)
 *(.exceptions)
 .exceptions    0x000000ec       0x7c BSP/\libhal_bsp.a(alt_irq_handler.o)
                0x000000ec                alt_irq_handler
                0x00000168                PROVIDE (__ram_exceptions_end, ABSOLUTE (.))
                0x00000020                PROVIDE (__flash_exceptions_start, LOADADDR (.exceptions))

.text           0x00000168     0x1c5c
                0x00000168                PROVIDE (stext, ABSOLUTE (.))
 *(.interp)
 *(.hash)
 *(.dynsym)
 *(.dynstr)
 *(.gnu.version)
 *(.gnu.version_d)
 *(.gnu.version_r)
 *(.rel.init)
 *(.rela.init)
 *(.rel.text .rel.text.* .rel.gnu.linkonce.t.*)
 *(.rela.text .rela.text.* .rela.gnu.linkonce.t.*)
 *(.rel.fini)
 *(.rela.fini)
 *(.rel.rodata .rel.rodata.* .rel.gnu.linkonce.r.*)
 *(.rela.rodata .rela.rodata.* .rela.gnu.linkonce.r.*)
 *(.rel.data .rel.data.* .rel.gnu.linkonce.d.*)
 *(.rela.data .rela.data.* .rela.gnu.linkonce.d.*)
 *(.rel.tdata .rel.tdata.* .rel.gnu.linkonce.td.*)
 *(.rela.tdata .rela.tdata.* .rela.gnu.linkonce.td.*)
 *(.rel.tbss .rel.tbss.* .rel.gnu.linkonce.tb.*)
 *(.rela.tbss .rela.tbss.* .rela.gnu.linkonce.tb.*)
 *(.rel.ctors)
 *(.rela.ctors)
 *(.rel.dtors)
 *(.rela.dtors)
 *(.rel.got)
 *(.rela.got)
 *(.rel.sdata .rel.sdata.* .rel.gnu.linkonce.s.*)
 *(.rela.sdata .rela.sdata.* .rela.gnu.linkonce.s.*)
 *(.rel.sbss .rel.sbss.* .rel.gnu.linkonce.sb.*)
 *(.rela.sbss .rela.sbss.* .rela.gnu.linkonce.sb.*)
 *(.rel.sdata2 .rel.sdata2.* .rel.gnu.linkonce.s2.*)
 *(.rela.sdata2 .rela.sdata2.* .rela.gnu.linkonce.s2.*)
 *(.rel.sbss2 .rel.sbss2.* .rel.gnu.linkonce.sb2.*)
 *(.rela.sbss2 .rela.sbss2.* .rela.gnu.linkonce.sb2.*)
 *(.rel.bss .rel.bss.* .rel.gnu.linkonce.b.*)
 *(.rela.bss .rela.bss.* .rela.gnu.linkonce.b.*)
 *(.rel.plt)
 *(.rela.plt)
 *(.rel.dyn)
 *(.init)
 *(.plt)
 *(.text .stub .text.* .gnu.linkonce.t.*)
 .text          0x00000168       0x3c BSP//obj/HAL/src/crt0.o
                0x00000168                _start
 .text          0x000001a4      0x2d4 obj/default//H/SeniorYear/ENGR325/Lab/Lab7/main.o
                0x000001c4                main
 .text          0x00000478      0x14c c:/altera/13sp1/nios2eds/bin/gnu/h-i686-mingw32/bin/../lib/gcc/nios2-elf/4.1.2\libgcc.a(lib2-divmod.o)
                0x000004f4                __divsi3
                0x00000554                __modsi3
                0x000005b4                __udivsi3
                0x000005bc                __umodsi3
 .text          0x000005c4       0x8c c:/altera/13sp1/nios2eds/bin/gnu/h-i686-mingw32/bin/../lib/gcc/nios2-elf/4.1.2/../../../../nios2-elf/lib\libc.a(lib_a-strcpy.o)
                0x000005c4                strcpy
 .text          0x00000650       0xbc BSP/\libhal_bsp.a(alt_irq_register.o)
                0x00000650                alt_irq_register
 .text          0x0000070c        0x0 BSP/\libhal_bsp.a(alt_irq_vars.o)
 .text          0x0000070c       0xc4 BSP/\libhal_bsp.a(alt_load.o)
                0x0000070c                alt_load
 .text          0x000007d0       0x50 BSP/\libhal_bsp.a(alt_main.o)
                0x000007d0                alt_main
 .text          0x00000820       0xe0 BSP/\libhal_bsp.a(alt_tick.o)
                0x00000820                alt_alarm_stop
                0x00000854                alt_tick
 .text          0x00000900       0xe0 BSP/\libhal_bsp.a(alt_sys_init.o)
                0x00000900                alt_irq_init
                0x00000920                alt_sys_init
 .text          0x000009e0       0x98 BSP/\libhal_bsp.a(altera_avalon_jtag_uart_fd.o)
                0x000009e0                altera_avalon_jtag_uart_ioctl_fd
                0x00000a00                altera_avalon_jtag_uart_close_fd
                0x00000a28                altera_avalon_jtag_uart_write_fd
                0x00000a50                altera_avalon_jtag_uart_read_fd
 .text          0x00000a78      0x238 BSP/\libhal_bsp.a(altera_avalon_jtag_uart_init.o)
                0x00000a78                altera_avalon_jtag_uart_close
                0x00000b04                altera_avalon_jtag_uart_init
 .text          0x00000cb0       0x74 BSP/\libhal_bsp.a(altera_avalon_jtag_uart_ioctl.o)
                0x00000cb0                altera_avalon_jtag_uart_ioctl
 .text          0x00000d24      0x168 BSP/\libhal_bsp.a(altera_avalon_jtag_uart_read.o)
                0x00000d24                altera_avalon_jtag_uart_read
 .text          0x00000e8c      0x17c BSP/\libhal_bsp.a(altera_avalon_jtag_uart_write.o)
                0x00000e8c                altera_avalon_jtag_uart_write
 .text          0x00001008       0x80 BSP/\libhal_bsp.a(altera_avalon_timer_sc.o)
                0x00001008                alt_avalon_timer_sc_init
 .text          0x00001088      0x30c BSP/\libhal_bsp.a(altera_up_avalon_character_lcd.o)
                0x00001088                get_DDRAM_addr
                0x000010a4                alt_up_character_lcd_string
                0x000010f0                alt_up_character_lcd_write
                0x0000111c                alt_up_character_lcd_write_fd
                0x0000113c                alt_up_character_lcd_init
                0x0000114c                alt_up_character_lcd_send_cmd
                0x0000115c                alt_up_character_lcd_cursor_blink_on
                0x00001178                alt_up_character_lcd_cursor_off
                0x00001194                alt_up_character_lcd_erase_pos
                0x00001200                alt_up_character_lcd_shift_display
                0x00001290                alt_up_character_lcd_shift_cursor
                0x00001320                alt_up_character_lcd_set_cursor_pos
                0x00001374                alt_up_character_lcd_open_dev
 .text          0x00001394       0x20 BSP/\libhal_bsp.a(altera_up_avalon_parallel_port.o)
                0x00001394                alt_up_parallel_port_open_dev
 .text          0x000013b4       0x94 BSP/\libhal_bsp.a(alt_alarm_start.o)
                0x000013b4                alt_alarm_start
 .text          0x00001448       0xdc BSP/\libhal_bsp.a(alt_close.o)
                0x00001448                close
 .text          0x00001524        0x4 BSP/\libhal_bsp.a(alt_dcache_flush_all.o)
                0x00001524                alt_dcache_flush_all
 .text          0x00001528        0x8 BSP/\libhal_bsp.a(alt_dev.o)
 .text          0x00001530       0x70 BSP/\libhal_bsp.a(alt_dev_llist_insert.o)
                0x00001530                alt_dev_llist_insert
 .text          0x000015a0        0x0 BSP/\libhal_bsp.a(alt_errno.o)
 .text          0x000015a0       0x70 BSP/\libhal_bsp.a(alt_find_dev.o)
                0x000015a0                alt_find_dev
 .text          0x00001610       0x20 BSP/\libhal_bsp.a(alt_icache_flush_all.o)
                0x00001610                alt_icache_flush_all
 .text          0x00001630       0xfc BSP/\libhal_bsp.a(alt_io_redirect.o)
                0x00001694                alt_io_redirect
 .text          0x0000172c        0x0 BSP/\libhal_bsp.a(alt_irq_entry.o)
 .text          0x0000172c        0x0 BSP/\libhal_bsp.a(alt_irq_handler.o)
 .text          0x0000172c      0x17c BSP/\libhal_bsp.a(alt_open.o)
                0x0000172c                open
 .text          0x000018a8       0x24 BSP/\libhal_bsp.a(alt_release_fd.o)
                0x000018a8                alt_release_fd
 .text          0x000018cc        0x8 BSP/\libhal_bsp.a(altera_nios2_qsys_irq.o)
                0x000018cc                altera_nios2_qsys_irq_init
 .text          0x000018d4        0x0 BSP/\libhal_bsp.a(alt_exception_entry.o)
 .text          0x000018d4       0xbc BSP/\libhal_bsp.a(alt_find_file.o)
                0x000018d4                alt_find_file
 .text          0x00001990       0x6c BSP/\libhal_bsp.a(alt_get_fd.o)
                0x00001990                alt_get_fd
 .text          0x000019fc       0x3c BSP/\libhal_bsp.a(alt_icache_flush.o)
                0x000019fc                alt_icache_flush
 .text          0x00001a38       0x38 c:/altera/13sp1/nios2eds/bin/gnu/h-i686-mingw32/bin/../lib/gcc/nios2-elf/4.1.2/../../../../nios2-elf/lib\libc.a(lib_a-exit.o)
                0x00001a38                exit
 .text          0x00001a70        0x0 c:/altera/13sp1/nios2eds/bin/gnu/h-i686-mingw32/bin/../lib/gcc/nios2-elf/4.1.2/../../../../nios2-elf/lib\libc.a(lib_a-impure.o)
 .text          0x00001a70        0x0 c:/altera/13sp1/nios2eds/bin/gnu/h-i686-mingw32/bin/../lib/gcc/nios2-elf/4.1.2/../../../../nios2-elf/lib\libc.a(lib_a-int_errno.o)
 .text          0x00001a70       0x74 c:/altera/13sp1/nios2eds/bin/gnu/h-i686-mingw32/bin/../lib/gcc/nios2-elf/4.1.2/../../../../nios2-elf/lib\libc.a(lib_a-memcmp.o)
                0x00001a70                memcmp
 .text          0x00001ae4       0xa0 c:/altera/13sp1/nios2eds/bin/gnu/h-i686-mingw32/bin/../lib/gcc/nios2-elf/4.1.2/../../../../nios2-elf/lib\libc.a(lib_a-memcpy.o)
                0x00001ae4                memcpy
 .text          0x00001b84       0x74 c:/altera/13sp1/nios2eds/bin/gnu/h-i686-mingw32/bin/../lib/gcc/nios2-elf/4.1.2/../../../../nios2-elf/lib\libc.a(lib_a-strlen.o)
                0x00001b84                strlen
 .text          0x00001bf8      0x1b4 c:/altera/13sp1/nios2eds/bin/gnu/h-i686-mingw32/bin/../lib/gcc/nios2-elf/4.1.2/../../../../nios2-elf/lib\libc.a(lib_a-__call_atexit.o)
                0x00001bfc                __call_exitprocs
 .text          0x00001dac       0x14 BSP/\libhal_bsp.a(alt_exit.o)
                0x00001dac                _exit
 *(.gnu.warning.*)
 *(.fini)
                0x00001dc0                PROVIDE (__etext, ABSOLUTE (.))
                0x00001dc0                PROVIDE (_etext, ABSOLUTE (.))
                0x00001dc0                PROVIDE (etext, ABSOLUTE (.))
 *(.eh_frame_hdr)
                0x00001dc0                . = ALIGN (0x4)
                0x00001dc0                PROVIDE (__preinit_array_start, ABSOLUTE (.))
 *(.preinit_array)
                0x00001dc0                PROVIDE (__preinit_array_end, ABSOLUTE (.))
                0x00001dc0                PROVIDE (__init_array_start, ABSOLUTE (.))
 *(.init_array)
                0x00001dc0                PROVIDE (__init_array_end, ABSOLUTE (.))
                0x00001dc0                PROVIDE (__fini_array_start, ABSOLUTE (.))
 *(.fini_array)
                0x00001dc0                PROVIDE (__fini_array_end, ABSOLUTE (.))
 *(.eh_frame)
 *(.gcc_except_table)
 *(.dynamic)
                0x00001dc0                PROVIDE (__CTOR_LIST__, ABSOLUTE (.))
 *(.ctors)
 *(SORT(.ctors.*))
 .ctors.65535   0x00001dc0        0x4 c:/altera/13sp1/nios2eds/bin/gnu/h-i686-mingw32/bin/../lib/gcc/nios2-elf/4.1.2/../../../../nios2-elf/lib\libc.a(lib_a-__call_atexit.o)
                0x00001dc4                PROVIDE (__CTOR_END__, ABSOLUTE (.))
                0x00001dc4                PROVIDE (__DTOR_LIST__, ABSOLUTE (.))
 *(.dtors)
 *(SORT(.dtors.*))
                0x00001dc4                PROVIDE (__DTOR_END__, ABSOLUTE (.))
 *(.jcr)
                0x00001dc4                . = ALIGN (0x4)

.rodata         0x00001dc4       0x68
                0x00001dc4                PROVIDE (__ram_rodata_start, ABSOLUTE (.))
                0x00001dc4                . = ALIGN (0x4)
 *(.rodata .rodata.* .gnu.linkonce.r.*)
 .rodata.str1.4
                0x00001dc4       0x29 obj/default//H/SeniorYear/ENGR325/Lab/Lab7/main.o
                                 0x2c (size before relaxing)
 *fill*         0x00001ded        0x3 00
 .rodata        0x00001df0        0x8 obj/default//H/SeniorYear/ENGR325/Lab/Lab7/main.o
 .rodata.str1.4
                0x00001df8        0xe BSP/\libhal_bsp.a(alt_main.o)
                                 0x10 (size before relaxing)
 *fill*         0x00001e06        0x2 00
 .rodata.str1.4
                0x00001e08       0x14 BSP/\libhal_bsp.a(alt_sys_init.o)
                                 0x50 (size before relaxing)
 .rodata.str1.4
                0x00001e1c        0xa BSP/\libhal_bsp.a(alt_dev.o)
                                  0xc (size before relaxing)
 *fill*         0x00001e26        0x2 00
 .rodata.str1.4
                0x00001e28        0x4 c:/altera/13sp1/nios2eds/bin/gnu/h-i686-mingw32/bin/../lib/gcc/nios2-elf/4.1.2/../../../../nios2-elf/lib\libc.a(lib_a-impure.o)
 *(.rodata1)
                0x00001e2c                . = ALIGN (0x4)
                0x00001e2c                PROVIDE (__ram_rodata_end, ABSOLUTE (.))
                0x00001dc4                PROVIDE (__flash_rodata_start, LOADADDR (.rodata))

.rwdata         0x00001e2c     0x1710 load address 0x0000353c
                0x00001e2c                PROVIDE (__ram_rwdata_start, ABSOLUTE (.))
                0x00001e2c                . = ALIGN (0x4)
 *(.got.plt)
 *(.got)
 *(.data1)
 *(.data .data.* .gnu.linkonce.d.*)
 .data          0x00001e2c        0x0 BSP//obj/HAL/src/crt0.o
 .data          0x00001e2c        0x0 obj/default//H/SeniorYear/ENGR325/Lab/Lab7/main.o
 .data          0x00001e2c        0x0 c:/altera/13sp1/nios2eds/bin/gnu/h-i686-mingw32/bin/../lib/gcc/nios2-elf/4.1.2\libgcc.a(lib2-divmod.o)
 .data          0x00001e2c        0x0 c:/altera/13sp1/nios2eds/bin/gnu/h-i686-mingw32/bin/../lib/gcc/nios2-elf/4.1.2/../../../../nios2-elf/lib\libc.a(lib_a-strcpy.o)
 .data          0x00001e2c        0x0 BSP/\libhal_bsp.a(alt_irq_register.o)
 .data          0x00001e2c        0x0 BSP/\libhal_bsp.a(alt_irq_vars.o)
 .data          0x00001e2c        0x0 BSP/\libhal_bsp.a(alt_load.o)
 .data          0x00001e2c        0x0 BSP/\libhal_bsp.a(alt_main.o)
 .data          0x00001e2c        0x0 BSP/\libhal_bsp.a(alt_tick.o)
 .data          0x00001e2c     0x113c BSP/\libhal_bsp.a(alt_sys_init.o)
 .data          0x00002f68        0x0 BSP/\libhal_bsp.a(altera_avalon_jtag_uart_fd.o)
 .data          0x00002f68        0x0 BSP/\libhal_bsp.a(altera_avalon_jtag_uart_init.o)
 .data          0x00002f68        0x0 BSP/\libhal_bsp.a(altera_avalon_jtag_uart_ioctl.o)
 .data          0x00002f68        0x0 BSP/\libhal_bsp.a(altera_avalon_jtag_uart_read.o)
 .data          0x00002f68        0x0 BSP/\libhal_bsp.a(altera_avalon_jtag_uart_write.o)
 .data          0x00002f68        0x0 BSP/\libhal_bsp.a(altera_avalon_timer_sc.o)
 .data          0x00002f68        0x0 BSP/\libhal_bsp.a(altera_up_avalon_character_lcd.o)
 .data          0x00002f68        0x0 BSP/\libhal_bsp.a(altera_up_avalon_parallel_port.o)
 .data          0x00002f68        0x0 BSP/\libhal_bsp.a(alt_alarm_start.o)
 .data          0x00002f68        0x0 BSP/\libhal_bsp.a(alt_close.o)
 .data          0x00002f68        0x0 BSP/\libhal_bsp.a(alt_dcache_flush_all.o)
 .data          0x00002f68      0x1a8 BSP/\libhal_bsp.a(alt_dev.o)
                0x00002f68                alt_dev_null
                0x00002f90                alt_fd_list
 .data          0x00003110        0x0 BSP/\libhal_bsp.a(alt_dev_llist_insert.o)
 .data          0x00003110        0x0 BSP/\libhal_bsp.a(alt_errno.o)
 .data          0x00003110        0x0 BSP/\libhal_bsp.a(alt_find_dev.o)
 .data          0x00003110        0x0 BSP/\libhal_bsp.a(alt_icache_flush_all.o)
 .data          0x00003110        0x0 BSP/\libhal_bsp.a(alt_io_redirect.o)
 .data          0x00003110        0x0 BSP/\libhal_bsp.a(alt_irq_entry.o)
 .data          0x00003110        0x0 BSP/\libhal_bsp.a(alt_irq_handler.o)
 .data          0x00003110        0x0 BSP/\libhal_bsp.a(alt_open.o)
 .data          0x00003110        0x0 BSP/\libhal_bsp.a(alt_release_fd.o)
 .data          0x00003110        0x0 BSP/\libhal_bsp.a(altera_nios2_qsys_irq.o)
 .data          0x00003110        0x0 BSP/\libhal_bsp.a(alt_exception_entry.o)
 .data          0x00003110        0x0 BSP/\libhal_bsp.a(alt_find_file.o)
 .data          0x00003110        0x0 BSP/\libhal_bsp.a(alt_get_fd.o)
 .data          0x00003110        0x0 BSP/\libhal_bsp.a(alt_icache_flush.o)
 .data          0x00003110        0x0 c:/altera/13sp1/nios2eds/bin/gnu/h-i686-mingw32/bin/../lib/gcc/nios2-elf/4.1.2/../../../../nios2-elf/lib\libc.a(lib_a-exit.o)
 .data          0x00003110      0x400 c:/altera/13sp1/nios2eds/bin/gnu/h-i686-mingw32/bin/../lib/gcc/nios2-elf/4.1.2/../../../../nios2-elf/lib\libc.a(lib_a-impure.o)
 .data          0x00003510        0x0 c:/altera/13sp1/nios2eds/bin/gnu/h-i686-mingw32/bin/../lib/gcc/nios2-elf/4.1.2/../../../../nios2-elf/lib\libc.a(lib_a-int_errno.o)
 .data          0x00003510        0x0 c:/altera/13sp1/nios2eds/bin/gnu/h-i686-mingw32/bin/../lib/gcc/nios2-elf/4.1.2/../../../../nios2-elf/lib\libc.a(lib_a-memcmp.o)
 .data          0x00003510        0x0 c:/altera/13sp1/nios2eds/bin/gnu/h-i686-mingw32/bin/../lib/gcc/nios2-elf/4.1.2/../../../../nios2-elf/lib\libc.a(lib_a-memcpy.o)
 .data          0x00003510        0x0 c:/altera/13sp1/nios2eds/bin/gnu/h-i686-mingw32/bin/../lib/gcc/nios2-elf/4.1.2/../../../../nios2-elf/lib\libc.a(lib_a-strlen.o)
 .data          0x00003510        0x0 c:/altera/13sp1/nios2eds/bin/gnu/h-i686-mingw32/bin/../lib/gcc/nios2-elf/4.1.2/../../../../nios2-elf/lib\libc.a(lib_a-__call_atexit.o)
 .data          0x00003510        0x0 BSP/\libhal_bsp.a(alt_exit.o)
                0x0000b510                _gp = ABSOLUTE ((. + 0x8000))
                0x0000b510                PROVIDE (gp, _gp)
 *(.rwdata .rwdata.*)
 *(.sdata .sdata.* .gnu.linkonce.s.*)
 .sdata         0x00003510        0x4 BSP/\libhal_bsp.a(alt_irq_vars.o)
                0x00003510                alt_priority_mask
 .sdata         0x00003514        0x8 BSP/\libhal_bsp.a(alt_tick.o)
                0x00003514                alt_alarm_list
 .sdata         0x0000351c       0x14 BSP/\libhal_bsp.a(alt_dev.o)
                0x0000351c                alt_fs_list
                0x00003524                alt_dev_list
                0x0000352c                alt_max_fd
 .sdata         0x00003530        0x4 BSP/\libhal_bsp.a(alt_errno.o)
                0x00003530                alt_errno
 .sdata         0x00003534        0x8 c:/altera/13sp1/nios2eds/bin/gnu/h-i686-mingw32/bin/../lib/gcc/nios2-elf/4.1.2/../../../../nios2-elf/lib\libc.a(lib_a-impure.o)
                0x00003534                _impure_ptr
                0x00003538                _global_impure_ptr
 *(.sdata2 .sdata2.* .gnu.linkonce.s2.*)
                0x0000353c                . = ALIGN (0x4)
                0x0000353c                _edata = ABSOLUTE (.)
                0x0000353c                PROVIDE (edata, ABSOLUTE (.))
                0x0000353c                PROVIDE (__ram_rwdata_end, ABSOLUTE (.))
                0x0000353c                PROVIDE (__flash_rwdata_start, LOADADDR (.rwdata))

.bss            0x00004c4c      0x120
                0x00004c4c                __bss_start = ABSOLUTE (.)
                0x00004c4c                PROVIDE (__sbss_start, ABSOLUTE (.))
                0x00004c4c                PROVIDE (___sbss_start, ABSOLUTE (.))
 *(.dynsbss)
 *(.sbss .sbss.* .gnu.linkonce.sb.*)
 .sbss          0x00004c4c        0x4 obj/default//H/SeniorYear/ENGR325/Lab/Lab7/main.o
                0x00004c4c                edge_capture
 .sbss          0x00004c50        0x4 BSP/\libhal_bsp.a(alt_irq_vars.o)
                0x00004c50                alt_irq_active
 .sbss          0x00004c54        0xc BSP/\libhal_bsp.a(alt_main.o)
                0x00004c54                alt_argc
                0x00004c58                alt_argv
                0x00004c5c                alt_envp
 .sbss          0x00004c60        0x8 BSP/\libhal_bsp.a(alt_tick.o)
                0x00004c60                _alt_tick_rate
                0x00004c64                _alt_nticks
 .sbss          0x00004c68        0x4 c:/altera/13sp1/nios2eds/bin/gnu/h-i686-mingw32/bin/../lib/gcc/nios2-elf/4.1.2/../../../../nios2-elf/lib\libc.a(lib_a-int_errno.o)
                0x00004c68                errno
 *(.sbss2 .sbss2.* .gnu.linkonce.sb2.*)
 *(.scommon)
                0x00004c6c                PROVIDE (__sbss_end, ABSOLUTE (.))
                0x00004c6c                PROVIDE (___sbss_end, ABSOLUTE (.))
 *(.dynbss)
 *(.bss .bss.* .gnu.linkonce.b.*)
 .bss           0x00004c6c        0x0 BSP//obj/HAL/src/crt0.o
 .bss           0x00004c6c        0x0 obj/default//H/SeniorYear/ENGR325/Lab/Lab7/main.o
 .bss           0x00004c6c        0x0 c:/altera/13sp1/nios2eds/bin/gnu/h-i686-mingw32/bin/../lib/gcc/nios2-elf/4.1.2\libgcc.a(lib2-divmod.o)
 .bss           0x00004c6c        0x0 c:/altera/13sp1/nios2eds/bin/gnu/h-i686-mingw32/bin/../lib/gcc/nios2-elf/4.1.2/../../../../nios2-elf/lib\libc.a(lib_a-strcpy.o)
 .bss           0x00004c6c        0x0 BSP/\libhal_bsp.a(alt_irq_register.o)
 .bss           0x00004c6c        0x0 BSP/\libhal_bsp.a(alt_irq_vars.o)
 .bss           0x00004c6c        0x0 BSP/\libhal_bsp.a(alt_load.o)
 .bss           0x00004c6c        0x0 BSP/\libhal_bsp.a(alt_main.o)
 .bss           0x00004c6c        0x0 BSP/\libhal_bsp.a(alt_tick.o)
 .bss           0x00004c6c        0x0 BSP/\libhal_bsp.a(alt_sys_init.o)
 .bss           0x00004c6c        0x0 BSP/\libhal_bsp.a(altera_avalon_jtag_uart_fd.o)
 .bss           0x00004c6c        0x0 BSP/\libhal_bsp.a(altera_avalon_jtag_uart_init.o)
 .bss           0x00004c6c        0x0 BSP/\libhal_bsp.a(altera_avalon_jtag_uart_ioctl.o)
 .bss           0x00004c6c        0x0 BSP/\libhal_bsp.a(altera_avalon_jtag_uart_read.o)
 .bss           0x00004c6c        0x0 BSP/\libhal_bsp.a(altera_avalon_jtag_uart_write.o)
 .bss           0x00004c6c        0x0 BSP/\libhal_bsp.a(altera_avalon_timer_sc.o)
 .bss           0x00004c6c        0x0 BSP/\libhal_bsp.a(altera_up_avalon_character_lcd.o)
 .bss           0x00004c6c        0x0 BSP/\libhal_bsp.a(altera_up_avalon_parallel_port.o)
 .bss           0x00004c6c        0x0 BSP/\libhal_bsp.a(alt_alarm_start.o)
 .bss           0x00004c6c        0x0 BSP/\libhal_bsp.a(alt_close.o)
 .bss           0x00004c6c        0x0 BSP/\libhal_bsp.a(alt_dcache_flush_all.o)
 .bss           0x00004c6c        0x0 BSP/\libhal_bsp.a(alt_dev.o)
 .bss           0x00004c6c        0x0 BSP/\libhal_bsp.a(alt_dev_llist_insert.o)
 .bss           0x00004c6c        0x0 BSP/\libhal_bsp.a(alt_errno.o)
 .bss           0x00004c6c        0x0 BSP/\libhal_bsp.a(alt_find_dev.o)
 .bss           0x00004c6c        0x0 BSP/\libhal_bsp.a(alt_icache_flush_all.o)
 .bss           0x00004c6c        0x0 BSP/\libhal_bsp.a(alt_io_redirect.o)
 .bss           0x00004c6c        0x0 BSP/\libhal_bsp.a(alt_irq_entry.o)
 .bss           0x00004c6c        0x0 BSP/\libhal_bsp.a(alt_irq_handler.o)
 .bss           0x00004c6c        0x0 BSP/\libhal_bsp.a(alt_open.o)
 .bss           0x00004c6c        0x0 BSP/\libhal_bsp.a(alt_release_fd.o)
 .bss           0x00004c6c        0x0 BSP/\libhal_bsp.a(altera_nios2_qsys_irq.o)
 .bss           0x00004c6c        0x0 BSP/\libhal_bsp.a(alt_exception_entry.o)
 .bss           0x00004c6c        0x0 BSP/\libhal_bsp.a(alt_find_file.o)
 .bss           0x00004c6c        0x0 BSP/\libhal_bsp.a(alt_get_fd.o)
 .bss           0x00004c6c        0x0 BSP/\libhal_bsp.a(alt_icache_flush.o)
 .bss           0x00004c6c        0x0 c:/altera/13sp1/nios2eds/bin/gnu/h-i686-mingw32/bin/../lib/gcc/nios2-elf/4.1.2/../../../../nios2-elf/lib\libc.a(lib_a-exit.o)
 .bss           0x00004c6c        0x0 c:/altera/13sp1/nios2eds/bin/gnu/h-i686-mingw32/bin/../lib/gcc/nios2-elf/4.1.2/../../../../nios2-elf/lib\libc.a(lib_a-impure.o)
 .bss           0x00004c6c        0x0 c:/altera/13sp1/nios2eds/bin/gnu/h-i686-mingw32/bin/../lib/gcc/nios2-elf/4.1.2/../../../../nios2-elf/lib\libc.a(lib_a-int_errno.o)
 .bss           0x00004c6c        0x0 c:/altera/13sp1/nios2eds/bin/gnu/h-i686-mingw32/bin/../lib/gcc/nios2-elf/4.1.2/../../../../nios2-elf/lib\libc.a(lib_a-memcmp.o)
 .bss           0x00004c6c        0x0 c:/altera/13sp1/nios2eds/bin/gnu/h-i686-mingw32/bin/../lib/gcc/nios2-elf/4.1.2/../../../../nios2-elf/lib\libc.a(lib_a-memcpy.o)
 .bss           0x00004c6c        0x0 c:/altera/13sp1/nios2eds/bin/gnu/h-i686-mingw32/bin/../lib/gcc/nios2-elf/4.1.2/../../../../nios2-elf/lib\libc.a(lib_a-strlen.o)
 .bss           0x00004c6c        0x0 c:/altera/13sp1/nios2eds/bin/gnu/h-i686-mingw32/bin/../lib/gcc/nios2-elf/4.1.2/../../../../nios2-elf/lib\libc.a(lib_a-__call_atexit.o)
 .bss           0x00004c6c        0x0 BSP/\libhal_bsp.a(alt_exit.o)
 *(COMMON)
 COMMON         0x00004c6c      0x100 BSP/\libhal_bsp.a(alt_irq_handler.o)
                0x00004c6c                alt_irq
                0x00004d6c                . = ALIGN (0x4)
                0x00004d6c                __bss_end = ABSOLUTE (.)

.RAM            0x00004d6c        0x0
                0x00004d6c                PROVIDE (_alt_partition_RAM_start, ABSOLUTE (.))
 *(.RAM. RAM.*)
                0x00004d6c                . = ALIGN (0x4)
                0x00004d6c                PROVIDE (_alt_partition_RAM_end, ABSOLUTE (.))
                0x00004d6c                _end = ABSOLUTE (.)
                0x00004d6c                end = ABSOLUTE (.)
                0x00004d6c                __alt_stack_base = ABSOLUTE (.)
                0x00004d6c                PROVIDE (_alt_partition_RAM_load_addr, LOADADDR (.RAM))

.stab
 *(.stab)

.stabstr
 *(.stabstr)

.stab.excl
 *(.stab.excl)

.stab.exclstr
 *(.stab.exclstr)

.stab.index
 *(.stab.index)

.stab.indexstr
 *(.stab.indexstr)

.comment        0x00000000       0x26
 *(.comment)
 .comment       0x00000000       0x26 obj/default//H/SeniorYear/ENGR325/Lab/Lab7/main.o
                                 0x27 (size before relaxing)
 .comment       0x00000000       0x27 c:/altera/13sp1/nios2eds/bin/gnu/h-i686-mingw32/bin/../lib/gcc/nios2-elf/4.1.2\libgcc.a(lib2-divmod.o)
 .comment       0x00000000       0x27 c:/altera/13sp1/nios2eds/bin/gnu/h-i686-mingw32/bin/../lib/gcc/nios2-elf/4.1.2/../../../../nios2-elf/lib\libc.a(lib_a-strcpy.o)
 .comment       0x00000000       0x27 BSP/\libhal_bsp.a(alt_irq_register.o)
 .comment       0x00000000       0x27 BSP/\libhal_bsp.a(alt_irq_vars.o)
 .comment       0x00000000       0x27 BSP/\libhal_bsp.a(alt_load.o)
 .comment       0x00000000       0x27 BSP/\libhal_bsp.a(alt_main.o)
 .comment       0x00000000       0x27 BSP/\libhal_bsp.a(alt_tick.o)
 .comment       0x00000000       0x27 BSP/\libhal_bsp.a(alt_sys_init.o)
 .comment       0x00000000       0x27 BSP/\libhal_bsp.a(altera_avalon_jtag_uart_fd.o)
 .comment       0x00000000       0x27 BSP/\libhal_bsp.a(altera_avalon_jtag_uart_init.o)
 .comment       0x00000000       0x27 BSP/\libhal_bsp.a(altera_avalon_jtag_uart_ioctl.o)
 .comment       0x00000000       0x27 BSP/\libhal_bsp.a(altera_avalon_jtag_uart_read.o)
 .comment       0x00000000       0x27 BSP/\libhal_bsp.a(altera_avalon_jtag_uart_write.o)
 .comment       0x00000000       0x27 BSP/\libhal_bsp.a(altera_avalon_timer_sc.o)
 .comment       0x00000000       0x27 BSP/\libhal_bsp.a(altera_up_avalon_character_lcd.o)
 .comment       0x00000000       0x27 BSP/\libhal_bsp.a(altera_up_avalon_parallel_port.o)
 .comment       0x00000000       0x27 BSP/\libhal_bsp.a(alt_alarm_start.o)
 .comment       0x00000000       0x27 BSP/\libhal_bsp.a(alt_close.o)
 .comment       0x00000000       0x27 BSP/\libhal_bsp.a(alt_dcache_flush_all.o)
 .comment       0x00000000       0x27 BSP/\libhal_bsp.a(alt_dev.o)
 .comment       0x00000000       0x27 BSP/\libhal_bsp.a(alt_dev_llist_insert.o)
 .comment       0x00000000       0x27 BSP/\libhal_bsp.a(alt_errno.o)
 .comment       0x00000000       0x27 BSP/\libhal_bsp.a(alt_find_dev.o)
 .comment       0x00000000       0x27 BSP/\libhal_bsp.a(alt_icache_flush_all.o)
 .comment       0x00000000       0x27 BSP/\libhal_bsp.a(alt_io_redirect.o)
 .comment       0x00000000       0x27 BSP/\libhal_bsp.a(alt_irq_handler.o)
 .comment       0x00000000       0x27 BSP/\libhal_bsp.a(alt_open.o)
 .comment       0x00000000       0x27 BSP/\libhal_bsp.a(alt_release_fd.o)
 .comment       0x00000000       0x27 BSP/\libhal_bsp.a(altera_nios2_qsys_irq.o)
 .comment       0x00000000       0x27 BSP/\libhal_bsp.a(alt_find_file.o)
 .comment       0x00000000       0x27 BSP/\libhal_bsp.a(alt_get_fd.o)
 .comment       0x00000000       0x27 BSP/\libhal_bsp.a(alt_icache_flush.o)
 .comment       0x00000000       0x27 c:/altera/13sp1/nios2eds/bin/gnu/h-i686-mingw32/bin/../lib/gcc/nios2-elf/4.1.2/../../../../nios2-elf/lib\libc.a(lib_a-exit.o)
 .comment       0x00000000       0x27 c:/altera/13sp1/nios2eds/bin/gnu/h-i686-mingw32/bin/../lib/gcc/nios2-elf/4.1.2/../../../../nios2-elf/lib\libc.a(lib_a-impure.o)
 .comment       0x00000000       0x27 c:/altera/13sp1/nios2eds/bin/gnu/h-i686-mingw32/bin/../lib/gcc/nios2-elf/4.1.2/../../../../nios2-elf/lib\libc.a(lib_a-int_errno.o)
 .comment       0x00000000       0x27 c:/altera/13sp1/nios2eds/bin/gnu/h-i686-mingw32/bin/../lib/gcc/nios2-elf/4.1.2/../../../../nios2-elf/lib\libc.a(lib_a-memcmp.o)
 .comment       0x00000000       0x27 c:/altera/13sp1/nios2eds/bin/gnu/h-i686-mingw32/bin/../lib/gcc/nios2-elf/4.1.2/../../../../nios2-elf/lib\libc.a(lib_a-memcpy.o)
 .comment       0x00000000       0x27 c:/altera/13sp1/nios2eds/bin/gnu/h-i686-mingw32/bin/../lib/gcc/nios2-elf/4.1.2/../../../../nios2-elf/lib\libc.a(lib_a-strlen.o)
 .comment       0x00000000       0x27 c:/altera/13sp1/nios2eds/bin/gnu/h-i686-mingw32/bin/../lib/gcc/nios2-elf/4.1.2/../../../../nios2-elf/lib\libc.a(lib_a-__call_atexit.o)
 .comment       0x00000000       0x27 BSP/\libhal_bsp.a(alt_exit.o)

.debug
 *(.debug)

.line
 *(.line)

.debug_srcinfo
 *(.debug_srcinfo)

.debug_sfnames
 *(.debug_sfnames)

.debug_aranges  0x00000000      0x538
 *(.debug_aranges)
 .debug_aranges
                0x00000000       0x28 BSP//obj/HAL/src/crt0.o
 .debug_aranges
                0x00000028       0x20 obj/default//H/SeniorYear/ENGR325/Lab/Lab7/main.o
 .debug_aranges
                0x00000048       0x20 c:/altera/13sp1/nios2eds/bin/gnu/h-i686-mingw32/bin/../lib/gcc/nios2-elf/4.1.2\libgcc.a(lib2-divmod.o)
 .debug_aranges
                0x00000068       0x20 c:/altera/13sp1/nios2eds/bin/gnu/h-i686-mingw32/bin/../lib/gcc/nios2-elf/4.1.2/../../../../nios2-elf/lib\libc.a(lib_a-strcpy.o)
 .debug_aranges
                0x00000088       0x20 BSP/\libhal_bsp.a(alt_irq_register.o)
 .debug_aranges
                0x000000a8       0x20 BSP/\libhal_bsp.a(alt_load.o)
 .debug_aranges
                0x000000c8       0x20 BSP/\libhal_bsp.a(alt_main.o)
 .debug_aranges
                0x000000e8       0x20 BSP/\libhal_bsp.a(alt_tick.o)
 .debug_aranges
                0x00000108       0x20 BSP/\libhal_bsp.a(alt_sys_init.o)
 .debug_aranges
                0x00000128       0x20 BSP/\libhal_bsp.a(altera_avalon_jtag_uart_fd.o)
 .debug_aranges
                0x00000148       0x20 BSP/\libhal_bsp.a(altera_avalon_jtag_uart_init.o)
 .debug_aranges
                0x00000168       0x20 BSP/\libhal_bsp.a(altera_avalon_jtag_uart_ioctl.o)
 .debug_aranges
                0x00000188       0x20 BSP/\libhal_bsp.a(altera_avalon_jtag_uart_read.o)
 .debug_aranges
                0x000001a8       0x20 BSP/\libhal_bsp.a(altera_avalon_jtag_uart_write.o)
 .debug_aranges
                0x000001c8       0x20 BSP/\libhal_bsp.a(altera_avalon_timer_sc.o)
 .debug_aranges
                0x000001e8       0x20 BSP/\libhal_bsp.a(altera_up_avalon_character_lcd.o)
 .debug_aranges
                0x00000208       0x20 BSP/\libhal_bsp.a(altera_up_avalon_parallel_port.o)
 .debug_aranges
                0x00000228       0x20 BSP/\libhal_bsp.a(alt_alarm_start.o)
 .debug_aranges
                0x00000248       0x20 BSP/\libhal_bsp.a(alt_close.o)
 .debug_aranges
                0x00000268       0x20 BSP/\libhal_bsp.a(alt_dcache_flush_all.o)
 .debug_aranges
                0x00000288       0x20 BSP/\libhal_bsp.a(alt_dev.o)
 .debug_aranges
                0x000002a8       0x20 BSP/\libhal_bsp.a(alt_dev_llist_insert.o)
 .debug_aranges
                0x000002c8       0x20 BSP/\libhal_bsp.a(alt_find_dev.o)
 .debug_aranges
                0x000002e8       0x20 BSP/\libhal_bsp.a(alt_icache_flush_all.o)
 .debug_aranges
                0x00000308       0x20 BSP/\libhal_bsp.a(alt_io_redirect.o)
 .debug_aranges
                0x00000328       0x30 BSP/\libhal_bsp.a(alt_irq_entry.o)
 .debug_aranges
                0x00000358       0x28 BSP/\libhal_bsp.a(alt_irq_handler.o)
 .debug_aranges
                0x00000380       0x20 BSP/\libhal_bsp.a(alt_open.o)
 .debug_aranges
                0x000003a0       0x20 BSP/\libhal_bsp.a(alt_release_fd.o)
 .debug_aranges
                0x000003c0       0x20 BSP/\libhal_bsp.a(altera_nios2_qsys_irq.o)
 .debug_aranges
                0x000003e0       0x38 BSP/\libhal_bsp.a(alt_exception_entry.o)
 .debug_aranges
                0x00000418       0x20 BSP/\libhal_bsp.a(alt_find_file.o)
 .debug_aranges
                0x00000438       0x20 BSP/\libhal_bsp.a(alt_get_fd.o)
 .debug_aranges
                0x00000458       0x20 BSP/\libhal_bsp.a(alt_icache_flush.o)
 .debug_aranges
                0x00000478       0x20 c:/altera/13sp1/nios2eds/bin/gnu/h-i686-mingw32/bin/../lib/gcc/nios2-elf/4.1.2/../../../../nios2-elf/lib\libc.a(lib_a-exit.o)
 .debug_aranges
                0x00000498       0x20 c:/altera/13sp1/nios2eds/bin/gnu/h-i686-mingw32/bin/../lib/gcc/nios2-elf/4.1.2/../../../../nios2-elf/lib\libc.a(lib_a-memcmp.o)
 .debug_aranges
                0x000004b8       0x20 c:/altera/13sp1/nios2eds/bin/gnu/h-i686-mingw32/bin/../lib/gcc/nios2-elf/4.1.2/../../../../nios2-elf/lib\libc.a(lib_a-memcpy.o)
 .debug_aranges
                0x000004d8       0x20 c:/altera/13sp1/nios2eds/bin/gnu/h-i686-mingw32/bin/../lib/gcc/nios2-elf/4.1.2/../../../../nios2-elf/lib\libc.a(lib_a-strlen.o)
 .debug_aranges
                0x000004f8       0x20 c:/altera/13sp1/nios2eds/bin/gnu/h-i686-mingw32/bin/../lib/gcc/nios2-elf/4.1.2/../../../../nios2-elf/lib\libc.a(lib_a-__call_atexit.o)
 .debug_aranges
                0x00000518       0x20 BSP/\libhal_bsp.a(alt_exit.o)

.debug_pubnames
                0x00000000      0x961
 *(.debug_pubnames)
 .debug_pubnames
                0x00000000       0x2c obj/default//H/SeniorYear/ENGR325/Lab/Lab7/main.o
 .debug_pubnames
                0x0000002c       0x48 c:/altera/13sp1/nios2eds/bin/gnu/h-i686-mingw32/bin/../lib/gcc/nios2-elf/4.1.2\libgcc.a(lib2-divmod.o)
 .debug_pubnames
                0x00000074       0x1d c:/altera/13sp1/nios2eds/bin/gnu/h-i686-mingw32/bin/../lib/gcc/nios2-elf/4.1.2/../../../../nios2-elf/lib\libc.a(lib_a-strcpy.o)
 .debug_pubnames
                0x00000091       0x27 BSP/\libhal_bsp.a(alt_irq_register.o)
 .debug_pubnames
                0x000000b8       0x3b BSP/\libhal_bsp.a(alt_irq_vars.o)
 .debug_pubnames
                0x000000f3       0x1f BSP/\libhal_bsp.a(alt_load.o)
 .debug_pubnames
                0x00000112       0x46 BSP/\libhal_bsp.a(alt_main.o)
 .debug_pubnames
                0x00000158       0x68 BSP/\libhal_bsp.a(alt_tick.o)
 .debug_pubnames
                0x000001c0       0x34 BSP/\libhal_bsp.a(alt_sys_init.o)
 .debug_pubnames
                0x000001f4       0xa5 BSP/\libhal_bsp.a(altera_avalon_jtag_uart_fd.o)
 .debug_pubnames
                0x00000299       0x55 BSP/\libhal_bsp.a(altera_avalon_jtag_uart_init.o)
 .debug_pubnames
                0x000002ee       0x34 BSP/\libhal_bsp.a(altera_avalon_jtag_uart_ioctl.o)
 .debug_pubnames
                0x00000322       0x33 BSP/\libhal_bsp.a(altera_avalon_jtag_uart_read.o)
 .debug_pubnames
                0x00000355       0x34 BSP/\libhal_bsp.a(altera_avalon_jtag_uart_write.o)
 .debug_pubnames
                0x00000389       0x2f BSP/\libhal_bsp.a(altera_avalon_timer_sc.o)
 .debug_pubnames
                0x000003b8      0x1cd BSP/\libhal_bsp.a(altera_up_avalon_character_lcd.o)
 .debug_pubnames
                0x00000585       0x34 BSP/\libhal_bsp.a(altera_up_avalon_parallel_port.o)
 .debug_pubnames
                0x000005b9       0x26 BSP/\libhal_bsp.a(alt_alarm_start.o)
 .debug_pubnames
                0x000005df       0x1c BSP/\libhal_bsp.a(alt_close.o)
 .debug_pubnames
                0x000005fb       0x2b BSP/\libhal_bsp.a(alt_dcache_flush_all.o)
 .debug_pubnames
                0x00000626       0x63 BSP/\libhal_bsp.a(alt_dev.o)
 .debug_pubnames
                0x00000689       0x2b BSP/\libhal_bsp.a(alt_dev_llist_insert.o)
 .debug_pubnames
                0x000006b4       0x20 BSP/\libhal_bsp.a(alt_errno.o)
 .debug_pubnames
                0x000006d4       0x23 BSP/\libhal_bsp.a(alt_find_dev.o)
 .debug_pubnames
                0x000006f7       0x2b BSP/\libhal_bsp.a(alt_icache_flush_all.o)
 .debug_pubnames
                0x00000722       0x26 BSP/\libhal_bsp.a(alt_io_redirect.o)
 .debug_pubnames
                0x00000748       0x32 BSP/\libhal_bsp.a(alt_irq_handler.o)
 .debug_pubnames
                0x0000077a       0x1b BSP/\libhal_bsp.a(alt_open.o)
 .debug_pubnames
                0x00000795       0x25 BSP/\libhal_bsp.a(alt_release_fd.o)
 .debug_pubnames
                0x000007ba       0x31 BSP/\libhal_bsp.a(altera_nios2_qsys_irq.o)
 .debug_pubnames
                0x000007eb       0x24 BSP/\libhal_bsp.a(alt_find_file.o)
 .debug_pubnames
                0x0000080f       0x21 BSP/\libhal_bsp.a(alt_get_fd.o)
 .debug_pubnames
                0x00000830       0x27 BSP/\libhal_bsp.a(alt_icache_flush.o)
 .debug_pubnames
                0x00000857       0x1b c:/altera/13sp1/nios2eds/bin/gnu/h-i686-mingw32/bin/../lib/gcc/nios2-elf/4.1.2/../../../../nios2-elf/lib\libc.a(lib_a-exit.o)
 .debug_pubnames
                0x00000872       0x39 c:/altera/13sp1/nios2eds/bin/gnu/h-i686-mingw32/bin/../lib/gcc/nios2-elf/4.1.2/../../../../nios2-elf/lib\libc.a(lib_a-impure.o)
 .debug_pubnames
                0x000008ab       0x1c c:/altera/13sp1/nios2eds/bin/gnu/h-i686-mingw32/bin/../lib/gcc/nios2-elf/4.1.2/../../../../nios2-elf/lib\libc.a(lib_a-int_errno.o)
 .debug_pubnames
                0x000008c7       0x1d c:/altera/13sp1/nios2eds/bin/gnu/h-i686-mingw32/bin/../lib/gcc/nios2-elf/4.1.2/../../../../nios2-elf/lib\libc.a(lib_a-memcmp.o)
 .debug_pubnames
                0x000008e4       0x1d c:/altera/13sp1/nios2eds/bin/gnu/h-i686-mingw32/bin/../lib/gcc/nios2-elf/4.1.2/../../../../nios2-elf/lib\libc.a(lib_a-memcpy.o)
 .debug_pubnames
                0x00000901       0x1d c:/altera/13sp1/nios2eds/bin/gnu/h-i686-mingw32/bin/../lib/gcc/nios2-elf/4.1.2/../../../../nios2-elf/lib\libc.a(lib_a-strlen.o)
 .debug_pubnames
                0x0000091e       0x27 c:/altera/13sp1/nios2eds/bin/gnu/h-i686-mingw32/bin/../lib/gcc/nios2-elf/4.1.2/../../../../nios2-elf/lib\libc.a(lib_a-__call_atexit.o)
 .debug_pubnames
                0x00000945       0x1c BSP/\libhal_bsp.a(alt_exit.o)

.debug_info     0x00000000     0x7fe6
 *(.debug_info .gnu.linkonce.wi.*)
 .debug_info    0x00000000       0x57 BSP//obj/HAL/src/crt0.o
 .debug_info    0x00000057      0x519 obj/default//H/SeniorYear/ENGR325/Lab/Lab7/main.o
 .debug_info    0x00000570      0x21c c:/altera/13sp1/nios2eds/bin/gnu/h-i686-mingw32/bin/../lib/gcc/nios2-elf/4.1.2\libgcc.a(lib2-divmod.o)
 .debug_info    0x0000078c      0x110 c:/altera/13sp1/nios2eds/bin/gnu/h-i686-mingw32/bin/../lib/gcc/nios2-elf/4.1.2/../../../../nios2-elf/lib\libc.a(lib_a-strcpy.o)
 .debug_info    0x0000089c      0x318 BSP/\libhal_bsp.a(alt_irq_register.o)
 .debug_info    0x00000bb4       0x92 BSP/\libhal_bsp.a(alt_irq_vars.o)
 .debug_info    0x00000c46      0x1a1 BSP/\libhal_bsp.a(alt_load.o)
 .debug_info    0x00000de7      0x161 BSP/\libhal_bsp.a(alt_main.o)
 .debug_info    0x00000f48      0x2bb BSP/\libhal_bsp.a(alt_tick.o)
 .debug_info    0x00001203      0x659 BSP/\libhal_bsp.a(alt_sys_init.o)
 .debug_info    0x0000185c      0x584 BSP/\libhal_bsp.a(altera_avalon_jtag_uart_fd.o)
 .debug_info    0x00001de0      0x3dd BSP/\libhal_bsp.a(altera_avalon_jtag_uart_init.o)
 .debug_info    0x000021bd      0x2a3 BSP/\libhal_bsp.a(altera_avalon_jtag_uart_ioctl.o)
 .debug_info    0x00002460      0x38b BSP/\libhal_bsp.a(altera_avalon_jtag_uart_read.o)
 .debug_info    0x000027eb      0x378 BSP/\libhal_bsp.a(altera_avalon_jtag_uart_write.o)
 .debug_info    0x00002b63      0x24d BSP/\libhal_bsp.a(altera_avalon_timer_sc.o)
 .debug_info    0x00002db0      0x653 BSP/\libhal_bsp.a(altera_up_avalon_character_lcd.o)
 .debug_info    0x00003403      0x347 BSP/\libhal_bsp.a(altera_up_avalon_parallel_port.o)
 .debug_info    0x0000374a      0x2e0 BSP/\libhal_bsp.a(alt_alarm_start.o)
 .debug_info    0x00003a2a      0x364 BSP/\libhal_bsp.a(alt_close.o)
 .debug_info    0x00003d8e       0x8d BSP/\libhal_bsp.a(alt_dcache_flush_all.o)
 .debug_info    0x00003e1b      0x4dd BSP/\libhal_bsp.a(alt_dev.o)
 .debug_info    0x000042f8      0x1b7 BSP/\libhal_bsp.a(alt_dev_llist_insert.o)
 .debug_info    0x000044af       0xab BSP/\libhal_bsp.a(alt_errno.o)
 .debug_info    0x0000455a      0x310 BSP/\libhal_bsp.a(alt_find_dev.o)
 .debug_info    0x0000486a       0x8f BSP/\libhal_bsp.a(alt_icache_flush_all.o)
 .debug_info    0x000048f9      0x4f6 BSP/\libhal_bsp.a(alt_io_redirect.o)
 .debug_info    0x00004def       0x60 BSP/\libhal_bsp.a(alt_irq_entry.o)
 .debug_info    0x00004e4f      0x18f BSP/\libhal_bsp.a(alt_irq_handler.o)
 .debug_info    0x00004fde      0x40c BSP/\libhal_bsp.a(alt_open.o)
 .debug_info    0x000053ea      0x2d9 BSP/\libhal_bsp.a(alt_release_fd.o)
 .debug_info    0x000056c3       0xb7 BSP/\libhal_bsp.a(altera_nios2_qsys_irq.o)
 .debug_info    0x0000577a       0x66 BSP/\libhal_bsp.a(alt_exception_entry.o)
 .debug_info    0x000057e0      0x30e BSP/\libhal_bsp.a(alt_find_file.o)
 .debug_info    0x00005aee      0x333 BSP/\libhal_bsp.a(alt_get_fd.o)
 .debug_info    0x00005e21       0xd5 BSP/\libhal_bsp.a(alt_icache_flush.o)
 .debug_info    0x00005ef6      0x93f c:/altera/13sp1/nios2eds/bin/gnu/h-i686-mingw32/bin/../lib/gcc/nios2-elf/4.1.2/../../../../nios2-elf/lib\libc.a(lib_a-exit.o)
 .debug_info    0x00006835      0x93d c:/altera/13sp1/nios2eds/bin/gnu/h-i686-mingw32/bin/../lib/gcc/nios2-elf/4.1.2/../../../../nios2-elf/lib\libc.a(lib_a-impure.o)
 .debug_info    0x00007172       0x8c c:/altera/13sp1/nios2eds/bin/gnu/h-i686-mingw32/bin/../lib/gcc/nios2-elf/4.1.2/../../../../nios2-elf/lib\libc.a(lib_a-int_errno.o)
 .debug_info    0x000071fe      0x115 c:/altera/13sp1/nios2eds/bin/gnu/h-i686-mingw32/bin/../lib/gcc/nios2-elf/4.1.2/../../../../nios2-elf/lib\libc.a(lib_a-memcmp.o)
 .debug_info    0x00007313      0x106 c:/altera/13sp1/nios2eds/bin/gnu/h-i686-mingw32/bin/../lib/gcc/nios2-elf/4.1.2/../../../../nios2-elf/lib\libc.a(lib_a-memcpy.o)
 .debug_info    0x00007419       0xdb c:/altera/13sp1/nios2eds/bin/gnu/h-i686-mingw32/bin/../lib/gcc/nios2-elf/4.1.2/../../../../nios2-elf/lib\libc.a(lib_a-strlen.o)
 .debug_info    0x000074f4      0x9e2 c:/altera/13sp1/nios2eds/bin/gnu/h-i686-mingw32/bin/../lib/gcc/nios2-elf/4.1.2/../../../../nios2-elf/lib\libc.a(lib_a-__call_atexit.o)
 .debug_info    0x00007ed6      0x110 BSP/\libhal_bsp.a(alt_exit.o)

.debug_abbrev   0x00000000     0x294f
 *(.debug_abbrev)
 .debug_abbrev  0x00000000       0x12 BSP//obj/HAL/src/crt0.o
 .debug_abbrev  0x00000012      0x1b4 obj/default//H/SeniorYear/ENGR325/Lab/Lab7/main.o
 .debug_abbrev  0x000001c6       0xe0 c:/altera/13sp1/nios2eds/bin/gnu/h-i686-mingw32/bin/../lib/gcc/nios2-elf/4.1.2\libgcc.a(lib2-divmod.o)
 .debug_abbrev  0x000002a6       0x8f c:/altera/13sp1/nios2eds/bin/gnu/h-i686-mingw32/bin/../lib/gcc/nios2-elf/4.1.2/../../../../nios2-elf/lib\libc.a(lib_a-strcpy.o)
 .debug_abbrev  0x00000335      0x1a8 BSP/\libhal_bsp.a(alt_irq_register.o)
 .debug_abbrev  0x000004dd       0x44 BSP/\libhal_bsp.a(alt_irq_vars.o)
 .debug_abbrev  0x00000521       0xb6 BSP/\libhal_bsp.a(alt_load.o)
 .debug_abbrev  0x000005d7       0xbe BSP/\libhal_bsp.a(alt_main.o)
 .debug_abbrev  0x00000695      0x170 BSP/\libhal_bsp.a(alt_tick.o)
 .debug_abbrev  0x00000805      0x17b BSP/\libhal_bsp.a(alt_sys_init.o)
 .debug_abbrev  0x00000980      0x113 BSP/\libhal_bsp.a(altera_avalon_jtag_uart_fd.o)
 .debug_abbrev  0x00000a93      0x198 BSP/\libhal_bsp.a(altera_avalon_jtag_uart_init.o)
 .debug_abbrev  0x00000c2b      0x10c BSP/\libhal_bsp.a(altera_avalon_jtag_uart_ioctl.o)
 .debug_abbrev  0x00000d37      0x194 BSP/\libhal_bsp.a(altera_avalon_jtag_uart_read.o)
 .debug_abbrev  0x00000ecb      0x18c BSP/\libhal_bsp.a(altera_avalon_jtag_uart_write.o)
 .debug_abbrev  0x00001057      0x14b BSP/\libhal_bsp.a(altera_avalon_timer_sc.o)
 .debug_abbrev  0x000011a2      0x182 BSP/\libhal_bsp.a(altera_up_avalon_character_lcd.o)
 .debug_abbrev  0x00001324       0xe3 BSP/\libhal_bsp.a(altera_up_avalon_parallel_port.o)
 .debug_abbrev  0x00001407      0x179 BSP/\libhal_bsp.a(alt_alarm_start.o)
 .debug_abbrev  0x00001580      0x124 BSP/\libhal_bsp.a(alt_close.o)
 .debug_abbrev  0x000016a4       0x3f BSP/\libhal_bsp.a(alt_dcache_flush_all.o)
 .debug_abbrev  0x000016e3       0xd6 BSP/\libhal_bsp.a(alt_dev.o)
 .debug_abbrev  0x000017b9      0x117 BSP/\libhal_bsp.a(alt_dev_llist_insert.o)
 .debug_abbrev  0x000018d0       0x5e BSP/\libhal_bsp.a(alt_errno.o)
 .debug_abbrev  0x0000192e       0xed BSP/\libhal_bsp.a(alt_find_dev.o)
 .debug_abbrev  0x00001a1b       0x3f BSP/\libhal_bsp.a(alt_icache_flush_all.o)
 .debug_abbrev  0x00001a5a      0x10e BSP/\libhal_bsp.a(alt_io_redirect.o)
 .debug_abbrev  0x00001b68       0x12 BSP/\libhal_bsp.a(alt_irq_entry.o)
 .debug_abbrev  0x00001b7a      0x12f BSP/\libhal_bsp.a(alt_irq_handler.o)
 .debug_abbrev  0x00001ca9      0x177 BSP/\libhal_bsp.a(alt_open.o)
 .debug_abbrev  0x00001e20       0xdb BSP/\libhal_bsp.a(alt_release_fd.o)
 .debug_abbrev  0x00001efb       0x64 BSP/\libhal_bsp.a(altera_nios2_qsys_irq.o)
 .debug_abbrev  0x00001f5f       0x12 BSP/\libhal_bsp.a(alt_exception_entry.o)
 .debug_abbrev  0x00001f71       0xed BSP/\libhal_bsp.a(alt_find_file.o)
 .debug_abbrev  0x0000205e      0x108 BSP/\libhal_bsp.a(alt_get_fd.o)
 .debug_abbrev  0x00002166       0x89 BSP/\libhal_bsp.a(alt_icache_flush.o)
 .debug_abbrev  0x000021ef      0x16e c:/altera/13sp1/nios2eds/bin/gnu/h-i686-mingw32/bin/../lib/gcc/nios2-elf/4.1.2/../../../../nios2-elf/lib\libc.a(lib_a-exit.o)
 .debug_abbrev  0x0000235d      0x157 c:/altera/13sp1/nios2eds/bin/gnu/h-i686-mingw32/bin/../lib/gcc/nios2-elf/4.1.2/../../../../nios2-elf/lib\libc.a(lib_a-impure.o)
 .debug_abbrev  0x000024b4       0x3b c:/altera/13sp1/nios2eds/bin/gnu/h-i686-mingw32/bin/../lib/gcc/nios2-elf/4.1.2/../../../../nios2-elf/lib\libc.a(lib_a-int_errno.o)
 .debug_abbrev  0x000024ef       0x7c c:/altera/13sp1/nios2eds/bin/gnu/h-i686-mingw32/bin/../lib/gcc/nios2-elf/4.1.2/../../../../nios2-elf/lib\libc.a(lib_a-memcmp.o)
 .debug_abbrev  0x0000256b       0xb5 c:/altera/13sp1/nios2eds/bin/gnu/h-i686-mingw32/bin/../lib/gcc/nios2-elf/4.1.2/../../../../nios2-elf/lib\libc.a(lib_a-memcpy.o)
 .debug_abbrev  0x00002620       0x8b c:/altera/13sp1/nios2eds/bin/gnu/h-i686-mingw32/bin/../lib/gcc/nios2-elf/4.1.2/../../../../nios2-elf/lib\libc.a(lib_a-strlen.o)
 .debug_abbrev  0x000026ab      0x1de c:/altera/13sp1/nios2eds/bin/gnu/h-i686-mingw32/bin/../lib/gcc/nios2-elf/4.1.2/../../../../nios2-elf/lib\libc.a(lib_a-__call_atexit.o)
 .debug_abbrev  0x00002889       0xc6 BSP/\libhal_bsp.a(alt_exit.o)

.debug_line     0x00000000     0x680f
 *(.debug_line)
 .debug_line    0x00000000       0x6c BSP//obj/HAL/src/crt0.o
 .debug_line    0x0000006c      0x497 obj/default//H/SeniorYear/ENGR325/Lab/Lab7/main.o
 .debug_line    0x00000503      0x24f c:/altera/13sp1/nios2eds/bin/gnu/h-i686-mingw32/bin/../lib/gcc/nios2-elf/4.1.2\libgcc.a(lib2-divmod.o)
 .debug_line    0x00000752      0x287 c:/altera/13sp1/nios2eds/bin/gnu/h-i686-mingw32/bin/../lib/gcc/nios2-elf/4.1.2/../../../../nios2-elf/lib\libc.a(lib_a-strcpy.o)
 .debug_line    0x000009d9      0x288 BSP/\libhal_bsp.a(alt_irq_register.o)
 .debug_line    0x00000c61       0x72 BSP/\libhal_bsp.a(alt_irq_vars.o)
 .debug_line    0x00000cd3      0x26f BSP/\libhal_bsp.a(alt_load.o)
 .debug_line    0x00000f42      0x2ca BSP/\libhal_bsp.a(alt_main.o)
 .debug_line    0x0000120c      0x2c7 BSP/\libhal_bsp.a(alt_tick.o)
 .debug_line    0x000014d3      0x328 BSP/\libhal_bsp.a(alt_sys_init.o)
 .debug_line    0x000017fb      0x1fb BSP/\libhal_bsp.a(altera_avalon_jtag_uart_fd.o)
 .debug_line    0x000019f6      0x46a BSP/\libhal_bsp.a(altera_avalon_jtag_uart_init.o)
 .debug_line    0x00001e60      0x2e3 BSP/\libhal_bsp.a(altera_avalon_jtag_uart_ioctl.o)
 .debug_line    0x00002143      0x3e8 BSP/\libhal_bsp.a(altera_avalon_jtag_uart_read.o)
 .debug_line    0x0000252b      0x411 BSP/\libhal_bsp.a(altera_avalon_jtag_uart_write.o)
 .debug_line    0x0000293c      0x2b0 BSP/\libhal_bsp.a(altera_avalon_timer_sc.o)
 .debug_line    0x00002bec      0x438 BSP/\libhal_bsp.a(altera_up_avalon_character_lcd.o)
 .debug_line    0x00003024      0x26a BSP/\libhal_bsp.a(altera_up_avalon_parallel_port.o)
 .debug_line    0x0000328e      0x29f BSP/\libhal_bsp.a(alt_alarm_start.o)
 .debug_line    0x0000352d      0x281 BSP/\libhal_bsp.a(alt_close.o)
 .debug_line    0x000037ae      0x1b1 BSP/\libhal_bsp.a(alt_dcache_flush_all.o)
 .debug_line    0x0000395f      0x248 BSP/\libhal_bsp.a(alt_dev.o)
 .debug_line    0x00003ba7      0x232 BSP/\libhal_bsp.a(alt_dev_llist_insert.o)
 .debug_line    0x00003dd9      0x1a6 BSP/\libhal_bsp.a(alt_errno.o)
 .debug_line    0x00003f7f      0x257 BSP/\libhal_bsp.a(alt_find_dev.o)
 .debug_line    0x000041d6      0x1b9 BSP/\libhal_bsp.a(alt_icache_flush_all.o)
 .debug_line    0x0000438f      0x2b0 BSP/\libhal_bsp.a(alt_io_redirect.o)
 .debug_line    0x0000463f       0x6b BSP/\libhal_bsp.a(alt_irq_entry.o)
 .debug_line    0x000046aa      0x23c BSP/\libhal_bsp.a(alt_irq_handler.o)
 .debug_line    0x000048e6      0x2a2 BSP/\libhal_bsp.a(alt_open.o)
 .debug_line    0x00004b88       0xe5 BSP/\libhal_bsp.a(alt_release_fd.o)
 .debug_line    0x00004c6d      0x1e3 BSP/\libhal_bsp.a(altera_nios2_qsys_irq.o)
 .debug_line    0x00004e50       0xab BSP/\libhal_bsp.a(alt_exception_entry.o)
 .debug_line    0x00004efb      0x268 BSP/\libhal_bsp.a(alt_find_file.o)
 .debug_line    0x00005163      0x273 BSP/\libhal_bsp.a(alt_get_fd.o)
 .debug_line    0x000053d6      0x1e5 BSP/\libhal_bsp.a(alt_icache_flush.o)
 .debug_line    0x000055bb      0x238 c:/altera/13sp1/nios2eds/bin/gnu/h-i686-mingw32/bin/../lib/gcc/nios2-elf/4.1.2/../../../../nios2-elf/lib\libc.a(lib_a-exit.o)
 .debug_line    0x000057f3      0x22d c:/altera/13sp1/nios2eds/bin/gnu/h-i686-mingw32/bin/../lib/gcc/nios2-elf/4.1.2/../../../../nios2-elf/lib\libc.a(lib_a-impure.o)
 .debug_line    0x00005a20      0x1df c:/altera/13sp1/nios2eds/bin/gnu/h-i686-mingw32/bin/../lib/gcc/nios2-elf/4.1.2/../../../../nios2-elf/lib\libc.a(lib_a-int_errno.o)
 .debug_line    0x00005bff      0x29f c:/altera/13sp1/nios2eds/bin/gnu/h-i686-mingw32/bin/../lib/gcc/nios2-elf/4.1.2/../../../../nios2-elf/lib\libc.a(lib_a-memcmp.o)
 .debug_line    0x00005e9e      0x1ac c:/altera/13sp1/nios2eds/bin/gnu/h-i686-mingw32/bin/../lib/gcc/nios2-elf/4.1.2/../../../../nios2-elf/lib\libc.a(lib_a-memcpy.o)
 .debug_line    0x0000604a      0x26d c:/altera/13sp1/nios2eds/bin/gnu/h-i686-mingw32/bin/../lib/gcc/nios2-elf/4.1.2/../../../../nios2-elf/lib\libc.a(lib_a-strlen.o)
 .debug_line    0x000062b7      0x367 c:/altera/13sp1/nios2eds/bin/gnu/h-i686-mingw32/bin/../lib/gcc/nios2-elf/4.1.2/../../../../nios2-elf/lib\libc.a(lib_a-__call_atexit.o)
 .debug_line    0x0000661e      0x1f1 BSP/\libhal_bsp.a(alt_exit.o)

.debug_frame    0x00000000      0x810
 *(.debug_frame)
 .debug_frame   0x00000000       0x48 obj/default//H/SeniorYear/ENGR325/Lab/Lab7/main.o
 .debug_frame   0x00000048       0x70 c:/altera/13sp1/nios2eds/bin/gnu/h-i686-mingw32/bin/../lib/gcc/nios2-elf/4.1.2\libgcc.a(lib2-divmod.o)
 .debug_frame   0x000000b8       0x20 c:/altera/13sp1/nios2eds/bin/gnu/h-i686-mingw32/bin/../lib/gcc/nios2-elf/4.1.2/../../../../nios2-elf/lib\libc.a(lib_a-strcpy.o)
 .debug_frame   0x000000d8       0x20 BSP/\libhal_bsp.a(alt_irq_register.o)
 .debug_frame   0x000000f8       0x28 BSP/\libhal_bsp.a(alt_load.o)
 .debug_frame   0x00000120       0x28 BSP/\libhal_bsp.a(alt_main.o)
 .debug_frame   0x00000148       0x3c BSP/\libhal_bsp.a(alt_tick.o)
 .debug_frame   0x00000184       0x44 BSP/\libhal_bsp.a(alt_sys_init.o)
 .debug_frame   0x000001c8       0x70 BSP/\libhal_bsp.a(altera_avalon_jtag_uart_fd.o)
 .debug_frame   0x00000238       0x58 BSP/\libhal_bsp.a(altera_avalon_jtag_uart_init.o)
 .debug_frame   0x00000290       0x20 BSP/\libhal_bsp.a(altera_avalon_jtag_uart_ioctl.o)
 .debug_frame   0x000002b0       0x38 BSP/\libhal_bsp.a(altera_avalon_jtag_uart_read.o)
 .debug_frame   0x000002e8       0x34 BSP/\libhal_bsp.a(altera_avalon_jtag_uart_write.o)
 .debug_frame   0x0000031c       0x40 BSP/\libhal_bsp.a(altera_avalon_timer_sc.o)
 .debug_frame   0x0000035c      0x134 BSP/\libhal_bsp.a(altera_up_avalon_character_lcd.o)
 .debug_frame   0x00000490       0x28 BSP/\libhal_bsp.a(altera_up_avalon_parallel_port.o)
 .debug_frame   0x000004b8       0x20 BSP/\libhal_bsp.a(alt_alarm_start.o)
 .debug_frame   0x000004d8       0x2c BSP/\libhal_bsp.a(alt_close.o)
 .debug_frame   0x00000504       0x20 BSP/\libhal_bsp.a(alt_dcache_flush_all.o)
 .debug_frame   0x00000524       0x20 BSP/\libhal_bsp.a(alt_dev.o)
 .debug_frame   0x00000544       0x28 BSP/\libhal_bsp.a(alt_dev_llist_insert.o)
 .debug_frame   0x0000056c       0x30 BSP/\libhal_bsp.a(alt_find_dev.o)
 .debug_frame   0x0000059c       0x28 BSP/\libhal_bsp.a(alt_icache_flush_all.o)
 .debug_frame   0x000005c4       0x48 BSP/\libhal_bsp.a(alt_io_redirect.o)
 .debug_frame   0x0000060c       0x28 BSP/\libhal_bsp.a(alt_irq_handler.o)
 .debug_frame   0x00000634       0x34 BSP/\libhal_bsp.a(alt_open.o)
 .debug_frame   0x00000668       0x20 BSP/\libhal_bsp.a(alt_release_fd.o)
 .debug_frame   0x00000688       0x20 BSP/\libhal_bsp.a(altera_nios2_qsys_irq.o)
 .debug_frame   0x000006a8       0x34 BSP/\libhal_bsp.a(alt_find_file.o)
 .debug_frame   0x000006dc       0x20 BSP/\libhal_bsp.a(alt_get_fd.o)
 .debug_frame   0x000006fc       0x20 BSP/\libhal_bsp.a(alt_icache_flush.o)
 .debug_frame   0x0000071c       0x28 c:/altera/13sp1/nios2eds/bin/gnu/h-i686-mingw32/bin/../lib/gcc/nios2-elf/4.1.2/../../../../nios2-elf/lib\libc.a(lib_a-exit.o)
 .debug_frame   0x00000744       0x20 c:/altera/13sp1/nios2eds/bin/gnu/h-i686-mingw32/bin/../lib/gcc/nios2-elf/4.1.2/../../../../nios2-elf/lib\libc.a(lib_a-memcmp.o)
 .debug_frame   0x00000764       0x20 c:/altera/13sp1/nios2eds/bin/gnu/h-i686-mingw32/bin/../lib/gcc/nios2-elf/4.1.2/../../../../nios2-elf/lib\libc.a(lib_a-memcpy.o)
 .debug_frame   0x00000784       0x20 c:/altera/13sp1/nios2eds/bin/gnu/h-i686-mingw32/bin/../lib/gcc/nios2-elf/4.1.2/../../../../nios2-elf/lib\libc.a(lib_a-strlen.o)
 .debug_frame   0x000007a4       0x4c c:/altera/13sp1/nios2eds/bin/gnu/h-i686-mingw32/bin/../lib/gcc/nios2-elf/4.1.2/../../../../nios2-elf/lib\libc.a(lib_a-__call_atexit.o)
 .debug_frame   0x000007f0       0x20 BSP/\libhal_bsp.a(alt_exit.o)

.debug_str      0x00000000     0x17ed
 *(.debug_str)
 .debug_str     0x00000000      0x21a obj/default//H/SeniorYear/ENGR325/Lab/Lab7/main.o
                                0x2a2 (size before relaxing)
 .debug_str     0x0000021a      0x10b c:/altera/13sp1/nios2eds/bin/gnu/h-i686-mingw32/bin/../lib/gcc/nios2-elf/4.1.2\libgcc.a(lib2-divmod.o)
                                0x1b4 (size before relaxing)
 .debug_str     0x00000325       0xf0 c:/altera/13sp1/nios2eds/bin/gnu/h-i686-mingw32/bin/../lib/gcc/nios2-elf/4.1.2/../../../../nios2-elf/lib\libc.a(lib_a-strcpy.o)
                                0x185 (size before relaxing)
 .debug_str     0x00000415       0xd4 BSP/\libhal_bsp.a(alt_irq_register.o)
                                0x1a2 (size before relaxing)
 .debug_str     0x000004e9       0x17 BSP/\libhal_bsp.a(alt_irq_vars.o)
                                 0xe9 (size before relaxing)
 .debug_str     0x00000500       0xe9 BSP/\libhal_bsp.a(alt_load.o)
                                0x1ac (size before relaxing)
 .debug_str     0x000005e9       0x44 BSP/\libhal_bsp.a(alt_main.o)
                                0x160 (size before relaxing)
 .debug_str     0x0000062d       0x7e BSP/\libhal_bsp.a(alt_tick.o)
                                0x20d (size before relaxing)
 .debug_str     0x000006ab      0x158 BSP/\libhal_bsp.a(alt_sys_init.o)
                                0x382 (size before relaxing)
 .debug_str     0x00000803       0xb9 BSP/\libhal_bsp.a(altera_avalon_jtag_uart_fd.o)
                                0x33e (size before relaxing)
 .debug_str     0x000008bc       0xd1 BSP/\libhal_bsp.a(altera_avalon_jtag_uart_init.o)
                                0x2f3 (size before relaxing)
 .debug_str     0x0000098d       0x4a BSP/\libhal_bsp.a(altera_avalon_jtag_uart_ioctl.o)
                                0x22d (size before relaxing)
 .debug_str     0x000009d7       0x48 BSP/\libhal_bsp.a(altera_avalon_jtag_uart_read.o)
                                0x2a3 (size before relaxing)
 .debug_str     0x00000a1f       0x4a BSP/\libhal_bsp.a(altera_avalon_jtag_uart_write.o)
                                0x2a4 (size before relaxing)
 .debug_str     0x00000a69       0x6d BSP/\libhal_bsp.a(altera_avalon_timer_sc.o)
                                0x1ff (size before relaxing)
 .debug_str     0x00000ad6      0x1ea BSP/\libhal_bsp.a(altera_up_avalon_character_lcd.o)
                                0x38b (size before relaxing)
 .debug_str     0x00000cc0       0x4b BSP/\libhal_bsp.a(altera_up_avalon_parallel_port.o)
                                0x1e7 (size before relaxing)
 .debug_str     0x00000d0b       0x4a BSP/\libhal_bsp.a(alt_alarm_start.o)
                                0x239 (size before relaxing)
 .debug_str     0x00000d55       0x44 BSP/\libhal_bsp.a(alt_close.o)
                                0x1a5 (size before relaxing)
 .debug_str     0x00000d99       0x34 BSP/\libhal_bsp.a(alt_dcache_flush_all.o)
                                 0xef (size before relaxing)
 .debug_str     0x00000dcd      0x120 BSP/\libhal_bsp.a(alt_dev.o)
                                0x29f (size before relaxing)
 .debug_str     0x00000eed       0x42 BSP/\libhal_bsp.a(alt_dev_llist_insert.o)
                                0x166 (size before relaxing)
 .debug_str     0x00000f2f       0x14 BSP/\libhal_bsp.a(alt_errno.o)
                                 0xdf (size before relaxing)
 .debug_str     0x00000f43       0x24 BSP/\libhal_bsp.a(alt_find_dev.o)
                                0x186 (size before relaxing)
 .debug_str     0x00000f67       0x34 BSP/\libhal_bsp.a(alt_icache_flush_all.o)
                                 0xef (size before relaxing)
 .debug_str     0x00000f9b       0x56 BSP/\libhal_bsp.a(alt_io_redirect.o)
                                0x2b0 (size before relaxing)
 .debug_str     0x00000ff1       0x3a BSP/\libhal_bsp.a(alt_irq_handler.o)
                                0x152 (size before relaxing)
 .debug_str     0x0000102b       0x2f BSP/\libhal_bsp.a(alt_open.o)
                                0x1e5 (size before relaxing)
 .debug_str     0x0000105a       0x28 BSP/\libhal_bsp.a(alt_release_fd.o)
                                0x182 (size before relaxing)
 .debug_str     0x00001082       0x3b BSP/\libhal_bsp.a(altera_nios2_qsys_irq.o)
                                0x11f (size before relaxing)
 .debug_str     0x000010bd       0x26 BSP/\libhal_bsp.a(alt_find_file.o)
                                0x194 (size before relaxing)
 .debug_str     0x000010e3       0x30 BSP/\libhal_bsp.a(alt_get_fd.o)
                                0x1b6 (size before relaxing)
 .debug_str     0x00001113       0x2c BSP/\libhal_bsp.a(alt_icache_flush.o)
                                 0xf5 (size before relaxing)
 .debug_str     0x0000113f      0x41c c:/altera/13sp1/nios2eds/bin/gnu/h-i686-mingw32/bin/../lib/gcc/nios2-elf/4.1.2/../../../../nios2-elf/lib\libc.a(lib_a-exit.o)
                                0x50c (size before relaxing)
 .debug_str     0x0000155b       0xd1 c:/altera/13sp1/nios2eds/bin/gnu/h-i686-mingw32/bin/../lib/gcc/nios2-elf/4.1.2/../../../../nios2-elf/lib\libc.a(lib_a-impure.o)
                                0x51a (size before relaxing)
 .debug_str     0x0000162c       0x3d c:/altera/13sp1/nios2eds/bin/gnu/h-i686-mingw32/bin/../lib/gcc/nios2-elf/4.1.2/../../../../nios2-elf/lib\libc.a(lib_a-int_errno.o)
                                0x163 (size before relaxing)
 .debug_str     0x00001669       0x49 c:/altera/13sp1/nios2eds/bin/gnu/h-i686-mingw32/bin/../lib/gcc/nios2-elf/4.1.2/../../../../nios2-elf/lib\libc.a(lib_a-memcmp.o)
                                0x16a (size before relaxing)
 .debug_str     0x000016b2       0x47 c:/altera/13sp1/nios2eds/bin/gnu/h-i686-mingw32/bin/../lib/gcc/nios2-elf/4.1.2/../../../../nios2-elf/lib\libc.a(lib_a-memcpy.o)
                                0x128 (size before relaxing)
 .debug_str     0x000016f9       0x4f c:/altera/13sp1/nios2eds/bin/gnu/h-i686-mingw32/bin/../lib/gcc/nios2-elf/4.1.2/../../../../nios2-elf/lib\libc.a(lib_a-strlen.o)
                                0x17d (size before relaxing)
 .debug_str     0x00001748       0x7b c:/altera/13sp1/nios2eds/bin/gnu/h-i686-mingw32/bin/../lib/gcc/nios2-elf/4.1.2/../../../../nios2-elf/lib\libc.a(lib_a-__call_atexit.o)
                                0x54e (size before relaxing)
 .debug_str     0x000017c3       0x2a BSP/\libhal_bsp.a(alt_exit.o)
                                0x114 (size before relaxing)

.debug_loc      0x00000000     0x1a09
 *(.debug_loc)
 .debug_loc     0x00000000       0x45 obj/default//H/SeniorYear/ENGR325/Lab/Lab7/main.o
 .debug_loc     0x00000045      0x1d2 c:/altera/13sp1/nios2eds/bin/gnu/h-i686-mingw32/bin/../lib/gcc/nios2-elf/4.1.2\libgcc.a(lib2-divmod.o)
 .debug_loc     0x00000217       0x8b c:/altera/13sp1/nios2eds/bin/gnu/h-i686-mingw32/bin/../lib/gcc/nios2-elf/4.1.2/../../../../nios2-elf/lib\libc.a(lib_a-strcpy.o)
 .debug_loc     0x000002a2       0x78 BSP/\libhal_bsp.a(alt_irq_register.o)
 .debug_loc     0x0000031a       0xeb BSP/\libhal_bsp.a(alt_load.o)
 .debug_loc     0x00000405       0x1f BSP/\libhal_bsp.a(alt_main.o)
 .debug_loc     0x00000424       0x66 BSP/\libhal_bsp.a(alt_tick.o)
 .debug_loc     0x0000048a       0x51 BSP/\libhal_bsp.a(alt_sys_init.o)
 .debug_loc     0x000004db      0x15b BSP/\libhal_bsp.a(altera_avalon_jtag_uart_fd.o)
 .debug_loc     0x00000636      0x10c BSP/\libhal_bsp.a(altera_avalon_jtag_uart_init.o)
 .debug_loc     0x00000742       0x47 BSP/\libhal_bsp.a(altera_avalon_jtag_uart_ioctl.o)
 .debug_loc     0x00000789      0x188 BSP/\libhal_bsp.a(altera_avalon_jtag_uart_read.o)
 .debug_loc     0x00000911      0x1d5 BSP/\libhal_bsp.a(altera_avalon_jtag_uart_write.o)
 .debug_loc     0x00000ae6       0xd9 BSP/\libhal_bsp.a(altera_avalon_timer_sc.o)
 .debug_loc     0x00000bbf      0x39a BSP/\libhal_bsp.a(altera_up_avalon_character_lcd.o)
 .debug_loc     0x00000f59       0x32 BSP/\libhal_bsp.a(altera_up_avalon_parallel_port.o)
 .debug_loc     0x00000f8b       0x39 BSP/\libhal_bsp.a(alt_alarm_start.o)
 .debug_loc     0x00000fc4       0x9a BSP/\libhal_bsp.a(alt_close.o)
 .debug_loc     0x0000105e       0x5b BSP/\libhal_bsp.a(alt_dev_llist_insert.o)
 .debug_loc     0x000010b9       0x81 BSP/\libhal_bsp.a(alt_find_dev.o)
 .debug_loc     0x0000113a       0x1f BSP/\libhal_bsp.a(alt_icache_flush_all.o)
 .debug_loc     0x00001159      0x139 BSP/\libhal_bsp.a(alt_io_redirect.o)
 .debug_loc     0x00001292       0x79 BSP/\libhal_bsp.a(alt_irq_handler.o)
 .debug_loc     0x0000130b      0x1fe BSP/\libhal_bsp.a(alt_open.o)
 .debug_loc     0x00001509       0x84 BSP/\libhal_bsp.a(alt_find_file.o)
 .debug_loc     0x0000158d       0x47 BSP/\libhal_bsp.a(alt_get_fd.o)
 .debug_loc     0x000015d4       0x13 BSP/\libhal_bsp.a(alt_icache_flush.o)
 .debug_loc     0x000015e7       0x3d c:/altera/13sp1/nios2eds/bin/gnu/h-i686-mingw32/bin/../lib/gcc/nios2-elf/4.1.2/../../../../nios2-elf/lib\libc.a(lib_a-exit.o)
 .debug_loc     0x00001624      0x114 c:/altera/13sp1/nios2eds/bin/gnu/h-i686-mingw32/bin/../lib/gcc/nios2-elf/4.1.2/../../../../nios2-elf/lib\libc.a(lib_a-memcmp.o)
 .debug_loc     0x00001738       0xca c:/altera/13sp1/nios2eds/bin/gnu/h-i686-mingw32/bin/../lib/gcc/nios2-elf/4.1.2/../../../../nios2-elf/lib\libc.a(lib_a-memcpy.o)
 .debug_loc     0x00001802       0x3c c:/altera/13sp1/nios2eds/bin/gnu/h-i686-mingw32/bin/../lib/gcc/nios2-elf/4.1.2/../../../../nios2-elf/lib\libc.a(lib_a-strlen.o)
 .debug_loc     0x0000183e      0x1cb c:/altera/13sp1/nios2eds/bin/gnu/h-i686-mingw32/bin/../lib/gcc/nios2-elf/4.1.2/../../../../nios2-elf/lib\libc.a(lib_a-__call_atexit.o)

.debug_macinfo
 *(.debug_macinfo)

.debug_weaknames
 *(.debug_weaknames)

.debug_funcnames
 *(.debug_funcnames)

.debug_typenames
 *(.debug_typenames)

.debug_varnames
 *(.debug_varnames)

.debug_alt_sim_info
                0x00000000       0x20
 *(.debug_alt_sim_info)
 .debug_alt_sim_info
                0x00000000       0x20 BSP//obj/HAL/src/crt0.o
                0x00006000                __alt_data_end = 0x6000
                0x00006000                PROVIDE (__alt_stack_pointer, __alt_data_end)
                0x00004d6c                PROVIDE (__alt_stack_limit, __alt_stack_base)
                0x00004d6c                PROVIDE (__alt_heap_start, end)
                0x00006000                PROVIDE (__alt_heap_limit, 0x6000)
OUTPUT(H:/SeniorYear/ENGR325/Lab/Lab7/main.elf elf32-littlenios2)

.debug_ranges   0x00000000      0x180
 .debug_ranges  0x00000000       0x20 BSP//obj/HAL/src/crt0.o
 .debug_ranges  0x00000020       0x48 BSP/\libhal_bsp.a(alt_load.o)
 .debug_ranges  0x00000068       0x18 BSP/\libhal_bsp.a(altera_avalon_jtag_uart_read.o)
 .debug_ranges  0x00000080       0x48 BSP/\libhal_bsp.a(altera_avalon_jtag_uart_write.o)
 .debug_ranges  0x000000c8       0x28 BSP/\libhal_bsp.a(alt_irq_entry.o)
 .debug_ranges  0x000000f0       0x18 BSP/\libhal_bsp.a(alt_irq_handler.o)
 .debug_ranges  0x00000108       0x30 BSP/\libhal_bsp.a(alt_open.o)
 .debug_ranges  0x00000138       0x30 BSP/\libhal_bsp.a(alt_exception_entry.o)
 .debug_ranges  0x00000168       0x18 c:/altera/13sp1/nios2eds/bin/gnu/h-i686-mingw32/bin/../lib/gcc/nios2-elf/4.1.2/../../../../nios2-elf/lib\libc.a(lib_a-__call_atexit.o)
